--------- beginning of /dev/log/system
09-20 11:25:22.442 E/PersonaManagerService(  485): Unable to read user list
09-20 11:25:22.522 V/AlarmManager(  485): waitForAlarm result :8
09-20 11:25:22.542 W/ActivityManager(  485): Permission Denial: get/set setting for user asks to run as user -2 but is calling from user 0; this requires android.permission.INTERACT_ACROSS_USERS_FULL
09-20 11:25:22.552 D/CustomFrequencyManagerService(  485): acquireDVFSLockLocked : type : DVFS_MIN_LIMIT  frequency : 1512000  uid : 10001  pid : 1099  pkgName : LAUNCHER_APP_BOOSTER_CPU@11
09-20 11:25:22.562 D/CustomFrequencyManagerService(  485): acquireDVFSLockLocked : type : DVFS_MIN_LIMIT  frequency : 1242000  uid : 1000  pid : 485  pkgName : ACTIVITY_RESUME_BOOSTER@5
09-20 11:25:22.562 W/ActivityManager(  485): mDVFSHelper.acquire()
09-20 11:25:22.572 V/WindowManager(  485): rotationForOrientationLw(orient=-1, last=0); user=0 USER_ROTATION_LOCKED sensorRotation=-1 mLidState=-1 mDockMode=0 mHdmiPlugged=false mAccelerometerDefault=false gripRotationLock=false
09-20 11:25:22.592 D/StatusBarManagerService(  485): semi p:8932,o:f
09-20 11:25:22.612 D/STATUSBAR-StatusBarManagerService(  485): manageDisableList what=0x0 pkg=WindowManager.LayoutParams
09-20 11:25:22.632 V/AlarmManager(  485): waitForAlarm result :8
09-20 11:25:22.682 D/STATUSBAR-StatusBarManagerService(  485): manageDisableList what=0x0 pkg=WindowManager.LayoutParams
09-20 11:25:22.702 D/STATUSBAR-NetworkController(  961): onReceive() - RSSI_CHANGED_ACTION, WIFI_STATE, NETWORK_STATE
09-20 11:25:22.702 D/STATUSBAR-NetworkController(  961): refreshSignalCluster - setNWBoosterIndicators(false)
09-20 11:25:22.702 D/STATUSBAR-NetworkController(  961): refreshSignalCluster: data=0 bt=false
09-20 11:25:22.712 D/STATUSBAR-IconMerger(  961): checkOverflow(240), More:false, Req:false Child:2
09-20 11:25:22.982 V/AlarmManager(  485): waitForAlarm result :8
09-20 11:25:23.012 D/CustomFrequencyManagerService(  485): releaseDVFSLockLocked : Getting Lock type frm List : DVFS_MIN_LIMIT  frequency : 1242000  uid : 1000  pid : 485  tag : ACTIVITY_RESUME_BOOSTER@5
09-20 11:25:23.012 W/ActivityManager(  485): mDVFSHelper.release()
09-20 11:25:23.022 D/CustomFrequencyManagerService(  485): acquireDVFSLockLocked : type : DVFS_MIN_LIMIT  frequency : 1242000  uid : 1000  pid : 485  pkgName : ACTIVITY_RESUME_BOOSTER@9
09-20 11:25:23.132 W/FileUtils(10087): Failed to chmod(/storage/emulated/0/.MySecurityData/dont_remove/6c9d3f90697a41b): libcore.io.ErrnoException: chmod failed: EPERM (Operation not permitted)
09-20 11:25:23.202 D/STATUSBAR-NetworkController(  961): onReceive() - RSSI_CHANGED_ACTION, WIFI_STATE, NETWORK_STATE
09-20 11:25:23.202 D/STATUSBAR-NetworkController(  961): refreshSignalCluster - setNWBoosterIndicators(false)
09-20 11:25:23.202 D/STATUSBAR-NetworkController(  961): refreshSignalCluster: data=0 bt=false
09-20 11:25:23.202 D/STATUSBAR-IconMerger(  961): checkOverflow(240), More:false, Req:false Child:2
09-20 11:25:23.323 D/CustomFrequencyManagerService(  485): releaseDVFSLockLocked : Getting Lock type frm List : DVFS_MIN_LIMIT  frequency : 1242000  uid : 1000  pid : 485  tag : ACTIVITY_RESUME_BOOSTER@9
09-20 11:25:23.443 D/CustomFrequencyManagerService(  485): releaseDVFSLockLocked : Getting Lock type frm List : DVFS_MIN_LIMIT  frequency : 1512000  uid : 10001  pid : 1099  tag : com.sec.android.app.launcher@8
09-20 11:25:23.473 V/AlarmManager(  485): waitForAlarm result :8
09-20 11:25:23.663 E/PersonaManagerService(  485): Unable to read user list
09-20 11:25:23.753 W/ActivityManager(  485): Permission Denial: get/set setting for user asks to run as user -2 but is calling from user 0; this requires android.permission.INTERACT_ACROSS_USERS_FULL
09-20 11:25:23.773 V/AlarmManager(  485): waitForAlarm result :8
09-20 11:25:24.073 V/AlarmManager(  485): waitForAlarm result :8
09-20 11:25:24.384 V/AlarmManager(  485): waitForAlarm result :8
09-20 11:25:24.554 D/CustomFrequencyManagerService(  485): releaseDVFSLockLocked : Getting Lock type frm List : DVFS_MIN_LIMIT  frequency : 1512000  uid : 10001  pid : 1099  tag : LAUNCHER_APP_BOOSTER_CPU@11
09-20 11:25:24.674 V/AlarmManager(  485): waitForAlarm result :8
09-20 11:25:24.974 V/AlarmManager(  485): waitForAlarm result :8
09-20 11:25:25.195 V/AlarmManager(  485): waitForAlarm result :4
09-20 11:25:25.205 V/AlarmManager(  485): trigger ELAPSED_REALTIME_WAKEUP or RTC_WAKEUP
09-20 11:25:25.275 V/AlarmManager(  485): waitForAlarm result :8
09-20 11:25:25.525 D/SSRMv2:SIOP(  485): SIOP:: AP = 330, Delta = 10
09-20 11:25:25.575 V/AlarmManager(  485): waitForAlarm result :8
09-20 11:25:25.875 V/AlarmManager(  485): waitForAlarm result :8
09-20 11:25:26.186 V/AlarmManager(  485): waitForAlarm result :8
09-20 11:25:26.476 V/AlarmManager(  485): waitForAlarm result :8
09-20 11:25:26.776 V/AlarmManager(  485): waitForAlarm result :8
09-20 11:25:26.966 D/STATUSBAR-NetworkController(  961): refreshSignalCluster - setNWBoosterIndicators(false)
09-20 11:25:26.966 D/STATUSBAR-NetworkController(  961): refreshSignalCluster: data=0 bt=false
09-20 11:25:26.987 D/STATUSBAR-IconMerger(  961): checkOverflow(240), More:false, Req:false Child:2
09-20 11:25:27.077 V/AlarmManager(  485): waitForAlarm result :8
09-20 11:25:27.387 V/AlarmManager(  485): waitForAlarm result :8
09-20 11:25:27.687 V/AlarmManager(  485): waitForAlarm result :8
09-20 11:25:27.978 D/STATUSBAR-NetworkController(  961): refreshSignalCluster - setNWBoosterIndicators(false)
09-20 11:25:27.978 D/STATUSBAR-NetworkController(  961): refreshSignalCluster: data=0 bt=false
09-20 11:25:27.988 V/AlarmManager(  485): waitForAlarm result :8
09-20 11:25:27.998 D/STATUSBAR-IconMerger(  961): checkOverflow(240), More:false, Req:false Child:2
09-20 11:25:28.278 V/AlarmManager(  485): waitForAlarm result :8
09-20 11:25:28.508 E/AndroidRuntime( 8932): FATAL EXCEPTION: main
09-20 11:25:28.508 E/AndroidRuntime( 8932): Process: com.hackthenorth.lockmeout.app, PID: 8932
09-20 11:25:28.508 E/AndroidRuntime( 8932): java.lang.NullPointerException
09-20 11:25:28.508 E/AndroidRuntime( 8932): 	at com.hackthenorth.lockmeout.app.HomeActivity.launchPermissions(HomeActivity.java:143)
09-20 11:25:28.508 E/AndroidRuntime( 8932): 	at com.hackthenorth.lockmeout.app.HomeFragment$3.onClick(HomeFragment.java:50)
09-20 11:25:28.508 E/AndroidRuntime( 8932): 	at android.view.View.performClick(View.java:4654)
09-20 11:25:28.508 E/AndroidRuntime( 8932): 	at android.view.View$PerformClick.run(View.java:19438)
09-20 11:25:28.508 E/AndroidRuntime( 8932): 	at android.os.Handler.handleCallback(Handler.java:733)
09-20 11:25:28.508 E/AndroidRuntime( 8932): 	at android.os.Handler.dispatchMessage(Handler.java:95)
09-20 11:25:28.508 E/AndroidRuntime( 8932): 	at android.os.Looper.loop(Looper.java:146)
09-20 11:25:28.508 E/AndroidRuntime( 8932): 	at android.app.ActivityThread.main(ActivityThread.java:5487)
09-20 11:25:28.508 E/AndroidRuntime( 8932): 	at java.lang.reflect.Method.invokeNative(Native Method)
09-20 11:25:28.508 E/AndroidRuntime( 8932): 	at java.lang.reflect.Method.invoke(Method.java:515)
09-20 11:25:28.508 E/AndroidRuntime( 8932): 	at com.android.internal.os.ZygoteInit$MethodAndArgsCaller.run(ZygoteInit.java:1283)
09-20 11:25:28.508 E/AndroidRuntime( 8932): 	at com.android.internal.os.ZygoteInit.main(ZygoteInit.java:1099)
09-20 11:25:28.508 E/AndroidRuntime( 8932): 	at dalvik.system.NativeStart.main(Native Method)
09-20 11:25:28.538 W/ActivityManager(  485):   Force finishing activity com.hackthenorth.lockmeout.app/.HomeActivity
09-20 11:25:28.748 V/AlarmManager(  485): waitForAlarm result :8
09-20 11:25:29.019 V/AlarmManager(  485): waitForAlarm result :8
09-20 11:25:29.049 D/STATUSBAR-StatusBarManagerService(  485): manageDisableList what=0x0 pkg=WindowManager.LayoutParams
09-20 11:25:29.179 V/AlarmManager(  485): waitForAlarm result :8
09-20 11:25:29.269 D/CustomFrequencyManagerService(  485): acquireDVFSLockLocked : type : DVFS_MIN_LIMIT  frequency : 1242000  uid : 1000  pid : 485  pkgName : ACTIVITY_RESUME_BOOSTER@5
09-20 11:25:29.269 W/ActivityManager(  485): mDVFSHelper.acquire()
09-20 11:25:29.279 V/WindowManager(  485): rotationForOrientationLw(orient=5, last=0); user=0 USER_ROTATION_LOCKED sensorRotation=-1 mLidState=-1 mDockMode=0 mHdmiPlugged=false mAccelerometerDefault=false gripRotationLock=false
09-20 11:25:29.289 D/StatusBarManagerService(  485): semi p:1099,o:f
09-20 11:25:29.289 D/StatusBarManagerService(  485): semi p:1099,o:f
09-20 11:25:29.439 D/STATUSBAR-StatusBarManagerService(  485): manageDisableList what=0x0 pkg=WindowManager.LayoutParams
09-20 11:25:29.479 V/AlarmManager(  485): waitForAlarm result :8
09-20 11:25:29.649 V/AlarmManager(  485): waitForAlarm result :8
09-20 11:25:29.759 D/CustomFrequencyManagerService(  485): releaseDVFSLockLocked : Getting Lock type frm List : DVFS_MIN_LIMIT  frequency : 1242000  uid : 1000  pid : 485  tag : ACTIVITY_RESUME_BOOSTER@5
09-20 11:25:29.759 W/ActivityManager(  485): mDVFSHelper.release()
09-20 11:25:29.759 D/CustomFrequencyManagerService(  485): acquireDVFSLockLocked : type : DVFS_MIN_LIMIT  frequency : 1242000  uid : 1000  pid : 485  pkgName : ACTIVITY_RESUME_BOOSTER@9
09-20 11:25:29.769 V/AlarmManager(  485): waitForAlarm result :8
09-20 11:25:30.000 V/AlarmManager(  485): waitForAlarm result :8
09-20 11:25:30.020 V/AlarmManager(  485): waitForAlarm result :8
09-20 11:25:30.060 D/CustomFrequencyManagerService(  485): releaseDVFSLockLocked : Getting Lock type frm List : DVFS_MIN_LIMIT  frequency : 1242000  uid : 1000  pid : 485  tag : ACTIVITY_RESUME_BOOSTER@9
09-20 11:25:30.130 V/AlarmManager(  485): waitForAlarm result :8
09-20 11:25:30.270 V/AlarmManager(  485): waitForAlarm result :8
09-20 11:25:30.370 V/AlarmManager(  485): waitForAlarm result :8
09-20 11:25:30.490 V/AlarmManager(  485): waitForAlarm result :8
09-20 11:25:30.610 V/AlarmManager(  485): waitForAlarm result :8
09-20 11:25:30.731 V/AlarmManager(  485): waitForAlarm result :8
09-20 11:25:30.851 V/AlarmManager(  485): waitForAlarm result :8
09-20 11:25:30.961 W/ProcessCpuTracker(  485): Skipping unknown process pid 10130
09-20 11:25:30.971 V/AlarmManager(  485): waitForAlarm result :8
09-20 11:25:31.091 V/AlarmManager(  485): waitForAlarm result :8
09-20 11:25:31.211 V/AlarmManager(  485): waitForAlarm result :8
09-20 11:25:31.331 V/AlarmManager(  485): waitForAlarm result :8
09-20 11:25:31.451 V/AlarmManager(  485): waitForAlarm result :8
09-20 11:25:31.571 V/AlarmManager(  485): waitForAlarm result :8
09-20 11:25:31.692 V/AlarmManager(  485): waitForAlarm result :8
09-20 11:25:31.892 V/AlarmManager(  485): waitForAlarm result :8
09-20 11:25:32.002 V/AlarmManager(  485): waitForAlarm result :8
09-20 11:25:32.022 D/STATUSBAR-NetworkController(  961): refreshSignalCluster - setNWBoosterIndicators(false)
09-20 11:25:32.022 D/STATUSBAR-NetworkController(  961): refreshSignalCluster: data=0 bt=false
09-20 11:25:32.042 D/STATUSBAR-IconMerger(  961): checkOverflow(240), More:false, Req:false Child:2
09-20 11:25:32.052 V/AlarmManager(  485): waitForAlarm result :8
09-20 11:25:32.172 V/AlarmManager(  485): waitForAlarm result :8
09-20 11:25:32.292 V/AlarmManager(  485): waitForAlarm result :8
09-20 11:25:32.412 V/AlarmManager(  485): waitForAlarm result :8
09-20 11:25:32.532 V/AlarmManager(  485): waitForAlarm result :8
09-20 11:25:32.653 V/AlarmManager(  485): waitForAlarm result :8
09-20 11:25:32.773 V/AlarmManager(  485): waitForAlarm result :8
09-20 11:25:32.893 V/AlarmManager(  485): waitForAlarm result :8
09-20 11:25:33.013 V/AlarmManager(  485): waitForAlarm result :8
09-20 11:25:33.053 D/STATUSBAR-NetworkController(  961): refreshSignalCluster - setNWBoosterIndicators(false)
09-20 11:25:33.053 D/STATUSBAR-NetworkController(  961): refreshSignalCluster: data=0 bt=false
09-20 11:25:33.063 D/STATUSBAR-IconMerger(  961): checkOverflow(240), More:false, Req:false Child:2
09-20 11:25:33.133 V/AlarmManager(  485): waitForAlarm result :8
09-20 11:25:33.253 V/AlarmManager(  485): waitForAlarm result :8
09-20 11:25:33.373 V/AlarmManager(  485): waitForAlarm result :8
09-20 11:25:33.513 V/AlarmManager(  485): waitForAlarm result :8
09-20 11:25:33.614 V/AlarmManager(  485): waitForAlarm result :8
09-20 11:25:33.734 V/AlarmManager(  485): waitForAlarm result :8
09-20 11:25:33.854 V/AlarmManager(  485): waitForAlarm result :8
09-20 11:25:33.974 V/AlarmManager(  485): waitForAlarm result :8
09-20 11:25:34.074 D/STATUSBAR-NetworkController(  961): refreshSignalCluster - setNWBoosterIndicators(false)
09-20 11:25:34.074 D/STATUSBAR-NetworkController(  961): refreshSignalCluster: data=0 bt=false
09-20 11:25:34.084 D/STATUSBAR-IconMerger(  961): checkOverflow(240), More:false, Req:false Child:2
09-20 11:25:34.234 V/AlarmManager(  485): waitForAlarm result :8
09-20 11:25:34.314 D/BatteryService(  485): level:96, scale:100, status:2, health:2, present:true, voltage: 4316, temperature: 288, technology: Li-ion, AC powered:false, USB powered:true, Wireless powered:false, icon:17303547, invalid charger:0, online:4, current avg:-1, charge type:0, power sharing:false
09-20 11:25:34.314 D/BatteryService(  485): Sending ACTION_BATTERY_CHANGED.
09-20 11:25:34.334 D/STATUSBAR-PhoneStatusBar(  961):  mBrightnessEnablebySettings = true mBrightnessEnablebyBattery = true mBrightnessEnablebyDisableFlag = true mPmsBrightnessEnablebySettings = true
09-20 11:25:34.344 D/STATUSBAR-IconMerger(  961): checkOverflow(240), More:false, Req:false Child:2
09-20 11:25:34.344 V/AlarmManager(  485): waitForAlarm result :8
09-20 11:25:34.344 D/BatteryMeterView(  961): ACTION_BATTERY_CHANGED : level:96 status:2 health:2
09-20 11:25:34.454 V/AlarmManager(  485): waitForAlarm result :8
09-20 11:25:34.575 V/AlarmManager(  485): waitForAlarm result :8
09-20 11:25:34.585 D/TimaService(  485): TIMA: TimaService scheduler is intialized. 
09-20 11:25:34.585 D/TimaService(  485): TIMA: checkEvent, operation: 50000 subject: 10000
09-20 11:25:34.585 D/TimaService(  485): TimaServiceHandler.handleMessage what =1
09-20 11:25:34.695 V/AlarmManager(  485): waitForAlarm result :8
09-20 11:25:34.815 V/AlarmManager(  485): waitForAlarm result :8
09-20 11:25:34.935 V/AlarmManager(  485): waitForAlarm result :8
09-20 11:25:35.055 V/AlarmManager(  485): waitForAlarm result :8
09-20 11:25:35.125 D/STATUSBAR-NetworkController(  961): refreshSignalCluster - setNWBoosterIndicators(false)
09-20 11:25:35.125 D/STATUSBAR-NetworkController(  961): refreshSignalCluster: data=0 bt=false
09-20 11:25:35.135 D/STATUSBAR-IconMerger(  961): checkOverflow(240), More:false, Req:false Child:2
09-20 11:25:35.175 V/AlarmManager(  485): waitForAlarm result :8
09-20 11:25:35.295 V/AlarmManager(  485): waitForAlarm result :8
09-20 11:25:35.416 V/AlarmManager(  485): waitForAlarm result :8
09-20 11:25:35.536 V/AlarmManager(  485): waitForAlarm result :8
09-20 11:25:35.556 D/SSRMv2:SIOP(  485): SIOP:: AP = 330, Delta = 0
09-20 11:25:35.656 V/AlarmManager(  485): waitForAlarm result :8
09-20 11:25:35.776 V/AlarmManager(  485): waitForAlarm result :8
09-20 11:25:35.896 V/AlarmManager(  485): waitForAlarm result :8
09-20 11:25:36.016 V/AlarmManager(  485): waitForAlarm result :8
09-20 11:25:36.046 W/ProcessCpuTracker(  485): Skipping unknown process pid 10152
09-20 11:25:36.136 V/AlarmManager(  485): waitForAlarm result :8
09-20 11:25:36.256 V/AlarmManager(  485): waitForAlarm result :8
09-20 11:25:36.377 V/AlarmManager(  485): waitForAlarm result :8
09-20 11:25:36.497 V/AlarmManager(  485): waitForAlarm result :8
09-20 11:25:36.617 V/AlarmManager(  485): waitForAlarm result :8
09-20 11:25:36.737 V/AlarmManager(  485): waitForAlarm result :8
09-20 11:25:36.857 V/AlarmManager(  485): waitForAlarm result :8
09-20 11:25:36.977 V/AlarmManager(  485): waitForAlarm result :8
09-20 11:25:37.097 V/AlarmManager(  485): waitForAlarm result :8
09-20 11:25:37.177 D/TimaService(  485): TIMA MEASUREMENT Result: TIMA_STATUS=0;MSG=Kernel Verification Success;
09-20 11:25:37.187 D/TimaService(  485): TIMA MEASUREMENT success status: TIMA_STATUS=0;MSG=Kernel Verification Success;
09-20 11:25:37.217 V/AlarmManager(  485): waitForAlarm result :8
09-20 11:25:37.328 D/STATUSBAR-NetworkController(  961): onReceive() - RSSI_CHANGED_ACTION, WIFI_STATE, NETWORK_STATE
09-20 11:25:37.328 D/STATUSBAR-NetworkController(  961): refreshSignalCluster - setNWBoosterIndicators(false)
09-20 11:25:37.328 D/STATUSBAR-NetworkController(  961): refreshSignalCluster: data=0 bt=false
09-20 11:25:37.338 V/AlarmManager(  485): waitForAlarm result :8
09-20 11:25:37.348 D/STATUSBAR-IconMerger(  961): checkOverflow(240), More:false, Req:false Child:2
09-20 11:25:37.458 V/AlarmManager(  485): waitForAlarm result :8
09-20 11:25:37.578 V/AlarmManager(  485): waitForAlarm result :8
09-20 11:25:37.698 V/AlarmManager(  485): waitForAlarm result :8
09-20 11:25:37.818 V/AlarmManager(  485): waitForAlarm result :8
09-20 11:25:37.838 D/STATUSBAR-NetworkController(  961): onReceive() - RSSI_CHANGED_ACTION, WIFI_STATE, NETWORK_STATE
09-20 11:25:37.838 D/STATUSBAR-NetworkController(  961): refreshSignalCluster - setNWBoosterIndicators(false)
09-20 11:25:37.838 D/STATUSBAR-NetworkController(  961): refreshSignalCluster: data=0 bt=false
09-20 11:25:37.858 D/STATUSBAR-IconMerger(  961): checkOverflow(240), More:false, Req:false Child:2
09-20 11:25:37.938 V/AlarmManager(  485): waitForAlarm result :8
09-20 11:25:38.058 V/AlarmManager(  485): waitForAlarm result :8
09-20 11:25:38.128 D/STATUSBAR-NetworkController(  961): refreshSignalCluster - setNWBoosterIndicators(false)
09-20 11:25:38.128 D/STATUSBAR-NetworkController(  961): refreshSignalCluster: data=0 bt=false
09-20 11:25:38.138 D/STATUSBAR-IconMerger(  961): checkOverflow(240), More:false, Req:false Child:2
09-20 11:25:38.178 V/AlarmManager(  485): waitForAlarm result :8
09-20 11:25:38.299 V/AlarmManager(  485): waitForAlarm result :8
09-20 11:25:38.349 D/STATUSBAR-NetworkController(  961): onReceive() - RSSI_CHANGED_ACTION, WIFI_STATE, NETWORK_STATE
09-20 11:25:38.349 D/STATUSBAR-NetworkController(  961): refreshSignalCluster - setNWBoosterIndicators(false)
09-20 11:25:38.349 D/STATUSBAR-NetworkController(  961): refreshSignalCluster: data=0 bt=false
09-20 11:25:38.369 D/STATUSBAR-IconMerger(  961): checkOverflow(240), More:false, Req:false Child:2
09-20 11:25:38.419 V/AlarmManager(  485): waitForAlarm result :8
09-20 11:25:38.539 V/AlarmManager(  485): waitForAlarm result :8
09-20 11:25:38.659 V/AlarmManager(  485): waitForAlarm result :8
09-20 11:25:38.779 V/AlarmManager(  485): waitForAlarm result :8
09-20 11:25:38.899 V/AlarmManager(  485): waitForAlarm result :8
09-20 11:25:39.019 V/AlarmManager(  485): waitForAlarm result :8
09-20 11:25:39.129 V/AlarmManager(  485): waitForAlarm result :8
09-20 11:25:39.250 V/AlarmManager(  485): waitForAlarm result :8
09-20 11:25:39.370 V/AlarmManager(  485): waitForAlarm result :8
09-20 11:25:39.490 V/AlarmManager(  485): waitForAlarm result :8
09-20 11:25:39.610 V/AlarmManager(  485): waitForAlarm result :8
09-20 11:25:39.730 V/AlarmManager(  485): waitForAlarm result :8
09-20 11:25:39.850 V/AlarmManager(  485): waitForAlarm result :8
09-20 11:25:39.970 V/AlarmManager(  485): waitForAlarm result :8
09-20 11:25:40.090 V/AlarmManager(  485): waitForAlarm result :8
09-20 11:25:40.211 V/AlarmManager(  485): waitForAlarm result :8
09-20 11:25:40.331 V/AlarmManager(  485): waitForAlarm result :8
09-20 11:25:40.451 V/AlarmManager(  485): waitForAlarm result :8
09-20 11:25:40.571 V/AlarmManager(  485): waitForAlarm result :8
09-20 11:25:40.691 V/AlarmManager(  485): waitForAlarm result :8
09-20 11:25:40.811 V/AlarmManager(  485): waitForAlarm result :8
09-20 11:25:40.931 V/AlarmManager(  485): waitForAlarm result :8
09-20 11:25:41.122 V/AlarmManager(  485): waitForAlarm result :8
09-20 11:25:41.172 V/AlarmManager(  485): waitForAlarm result :8
09-20 11:25:41.292 V/AlarmManager(  485): waitForAlarm result :8
09-20 11:25:41.322 D/STATUSBAR-NetworkController(  961): onReceive() - RSSI_CHANGED_ACTION, WIFI_STATE, NETWORK_STATE
09-20 11:25:41.322 D/STATUSBAR-NetworkController(  961): refreshSignalCluster - setNWBoosterIndicators(false)
09-20 11:25:41.322 D/STATUSBAR-NetworkController(  961): refreshSignalCluster: data=0 bt=false
09-20 11:25:41.342 D/STATUSBAR-IconMerger(  961): checkOverflow(240), More:false, Req:false Child:2
09-20 11:25:41.412 V/AlarmManager(  485): waitForAlarm result :8
09-20 11:25:41.532 V/AlarmManager(  485): waitForAlarm result :8
09-20 11:25:41.652 V/AlarmManager(  485): waitForAlarm result :8
09-20 11:25:41.772 V/AlarmManager(  485): waitForAlarm result :8
09-20 11:25:41.892 V/AlarmManager(  485): waitForAlarm result :8
09-20 11:25:42.013 V/AlarmManager(  485): waitForAlarm result :8
09-20 11:25:42.133 V/AlarmManager(  485): waitForAlarm result :8
09-20 11:25:42.253 V/AlarmManager(  485): waitForAlarm result :8
09-20 11:25:42.323 D/STATUSBAR-NetworkController(  961): onReceive() - RSSI_CHANGED_ACTION, WIFI_STATE, NETWORK_STATE
09-20 11:25:42.323 D/STATUSBAR-NetworkController(  961): refreshSignalCluster - setNWBoosterIndicators(false)
09-20 11:25:42.323 D/STATUSBAR-NetworkController(  961): refreshSignalCluster: data=0 bt=false
09-20 11:25:42.333 D/STATUSBAR-IconMerger(  961): checkOverflow(240), More:false, Req:false Child:2
09-20 11:25:42.373 V/AlarmManager(  485): waitForAlarm result :8
09-20 11:25:42.493 V/AlarmManager(  485): waitForAlarm result :8
09-20 11:25:42.613 V/AlarmManager(  485): waitForAlarm result :8
09-20 11:25:42.633 E/Watchdog(  485): !@Sync 30
09-20 11:25:42.733 V/AlarmManager(  485): waitForAlarm result :8
09-20 11:25:42.853 V/AlarmManager(  485): waitForAlarm result :8
09-20 11:25:42.974 V/AlarmManager(  485): waitForAlarm result :8
09-20 11:25:43.094 V/AlarmManager(  485): waitForAlarm result :8
09-20 11:25:43.214 V/AlarmManager(  485): waitForAlarm result :8
09-20 11:25:43.334 V/AlarmManager(  485): waitForAlarm result :8
09-20 11:25:43.454 V/AlarmManager(  485): waitForAlarm result :8
09-20 11:25:43.574 V/AlarmManager(  485): waitForAlarm result :8
09-20 11:25:43.694 V/AlarmManager(  485): waitForAlarm result :8
09-20 11:25:43.814 V/AlarmManager(  485): waitForAlarm result :8
09-20 11:25:43.935 V/AlarmManager(  485): waitForAlarm result :8
09-20 11:25:44.055 V/AlarmManager(  485): waitForAlarm result :8
09-20 11:25:44.145 D/STATUSBAR-NetworkController(  961): refreshSignalCluster - setNWBoosterIndicators(false)
09-20 11:25:44.145 D/STATUSBAR-NetworkController(  961): refreshSignalCluster: data=0 bt=false
09-20 11:25:44.155 D/STATUSBAR-IconMerger(  961): checkOverflow(240), More:false, Req:false Child:2
09-20 11:25:44.175 V/AlarmManager(  485): waitForAlarm result :8
09-20 11:25:44.295 V/AlarmManager(  485): waitForAlarm result :8
09-20 11:25:44.415 V/AlarmManager(  485): waitForAlarm result :8
09-20 11:25:44.535 V/AlarmManager(  485): waitForAlarm result :8
09-20 11:25:44.655 V/AlarmManager(  485): waitForAlarm result :8
09-20 11:25:44.775 V/AlarmManager(  485): waitForAlarm result :8
09-20 11:25:44.896 V/AlarmManager(  485): waitForAlarm result :8
09-20 11:25:45.016 V/AlarmManager(  485): waitForAlarm result :8
09-20 11:25:45.136 V/AlarmManager(  485): waitForAlarm result :8
09-20 11:25:45.256 V/AlarmManager(  485): waitForAlarm result :8
09-20 11:25:45.376 V/AlarmManager(  485): waitForAlarm result :8
09-20 11:25:45.496 V/AlarmManager(  485): waitForAlarm result :8
09-20 11:25:45.616 V/AlarmManager(  485): waitForAlarm result :8
09-20 11:25:45.626 D/SSRMv2:SIOP(  485): SIOP:: AP = 330, Delta = 0
09-20 11:25:45.737 V/AlarmManager(  485): waitForAlarm result :8
09-20 11:25:45.857 V/AlarmManager(  485): waitForAlarm result :8
09-20 11:25:45.977 V/AlarmManager(  485): waitForAlarm result :8
09-20 11:25:46.007 D/STATUSBAR-NetworkController(  961): onReceive() - RSSI_CHANGED_ACTION, WIFI_STATE, NETWORK_STATE
09-20 11:25:46.007 D/STATUSBAR-NetworkController(  961): refreshSignalCluster - setNWBoosterIndicators(false)
09-20 11:25:46.007 D/STATUSBAR-NetworkController(  961): refreshSignalCluster: data=0 bt=false
09-20 11:25:46.027 D/STATUSBAR-IconMerger(  961): checkOverflow(240), More:false, Req:false Child:2
09-20 11:25:46.097 V/AlarmManager(  485): waitForAlarm result :8
09-20 11:25:46.157 D/STATUSBAR-NetworkController(  961): refreshSignalCluster - setNWBoosterIndicators(false)
09-20 11:25:46.157 D/STATUSBAR-NetworkController(  961): refreshSignalCluster: data=0 bt=false
09-20 11:25:46.177 D/STATUSBAR-IconMerger(  961): checkOverflow(240), More:false, Req:false Child:2
09-20 11:25:46.217 V/AlarmManager(  485): waitForAlarm result :8
09-20 11:25:46.337 V/AlarmManager(  485): waitForAlarm result :8
09-20 11:25:46.457 V/AlarmManager(  485): waitForAlarm result :8
09-20 11:25:46.577 V/AlarmManager(  485): waitForAlarm result :8
09-20 11:25:46.698 V/AlarmManager(  485): waitForAlarm result :8
09-20 11:25:46.818 V/AlarmManager(  485): waitForAlarm result :8
09-20 11:25:46.938 V/AlarmManager(  485): waitForAlarm result :8
09-20 11:25:47.058 V/AlarmManager(  485): waitForAlarm result :8
09-20 11:25:47.158 D/STATUSBAR-NetworkController(  961): refreshSignalCluster - setNWBoosterIndicators(false)
09-20 11:25:47.158 D/STATUSBAR-NetworkController(  961): refreshSignalCluster: data=0 bt=false
09-20 11:25:47.168 D/STATUSBAR-IconMerger(  961): checkOverflow(240), More:false, Req:false Child:2
09-20 11:25:47.178 V/AlarmManager(  485): waitForAlarm result :8
09-20 11:25:47.298 V/AlarmManager(  485): waitForAlarm result :8
09-20 11:25:47.418 V/AlarmManager(  485): waitForAlarm result :8
09-20 11:25:47.538 V/AlarmManager(  485): waitForAlarm result :8
09-20 11:25:47.659 V/AlarmManager(  485): waitForAlarm result :8
09-20 11:25:47.669 D/PowerManagerService(  485): [s] UserActivityState : 1 -> 2
09-20 11:25:47.669 D/DisplayPowerController(  485): animation target = 20 (PSM:false, AB limit:(-1 ~ -1) MB Limit:(-1 ~ -1) MAdj:(0, (0, 255)))
09-20 11:25:47.669 D/PowerManagerService(  485): [s] mDisplayPowerControllerCallbacks : onStateChanged()
09-20 11:25:47.769 D/RampAnimator(  485): Light Animator Finished currentValue=20
09-20 11:25:47.779 V/AlarmManager(  485): waitForAlarm result :8
09-20 11:25:47.899 V/AlarmManager(  485): waitForAlarm result :8
09-20 11:25:48.019 V/AlarmManager(  485): waitForAlarm result :8
09-20 11:25:48.139 V/AlarmManager(  485): waitForAlarm result :8
09-20 11:25:48.199 D/STATUSBAR-NetworkController(  961): refreshSignalCluster - setNWBoosterIndicators(false)
09-20 11:25:48.199 D/STATUSBAR-NetworkController(  961): refreshSignalCluster: data=0 bt=false
09-20 11:25:48.219 D/STATUSBAR-IconMerger(  961): checkOverflow(240), More:false, Req:false Child:2
09-20 11:25:48.249 V/AlarmManager(  485): waitForAlarm result :8
09-20 11:25:48.369 V/AlarmManager(  485): waitForAlarm result :8
09-20 11:25:48.499 V/AlarmManager(  485): waitForAlarm result :8
09-20 11:25:48.610 V/AlarmManager(  485): waitForAlarm result :8
09-20 11:25:48.730 V/AlarmManager(  485): waitForAlarm result :8
09-20 11:25:48.860 V/AlarmManager(  485): waitForAlarm result :8
09-20 11:25:48.970 V/AlarmManager(  485): waitForAlarm result :8
09-20 11:25:49.090 V/AlarmManager(  485): waitForAlarm result :8
09-20 11:25:49.210 V/AlarmManager(  485): waitForAlarm result :8
09-20 11:25:49.330 V/AlarmManager(  485): waitForAlarm result :8
09-20 11:25:49.460 V/AlarmManager(  485): waitForAlarm result :8
09-20 11:25:49.571 V/AlarmManager(  485): waitForAlarm result :8
09-20 11:25:49.691 V/AlarmManager(  485): waitForAlarm result :8
09-20 11:25:49.821 V/AlarmManager(  485): waitForAlarm result :8
09-20 11:25:49.931 V/AlarmManager(  485): waitForAlarm result :8
09-20 11:25:50.051 V/AlarmManager(  485): waitForAlarm result :8
09-20 11:25:50.171 V/AlarmManager(  485): waitForAlarm result :8
09-20 11:25:50.201 D/STATUSBAR-NetworkController(  961): refreshSignalCluster - setNWBoosterIndicators(false)
09-20 11:25:50.201 D/STATUSBAR-NetworkController(  961): refreshSignalCluster: data=0 bt=false
09-20 11:25:50.211 D/STATUSBAR-IconMerger(  961): checkOverflow(240), More:false, Req:false Child:2
09-20 11:25:50.301 V/AlarmManager(  485): waitForAlarm result :8
09-20 11:25:50.412 V/AlarmManager(  485): waitForAlarm result :8
09-20 11:25:50.542 V/AlarmManager(  485): waitForAlarm result :8
09-20 11:25:50.652 V/AlarmManager(  485): waitForAlarm result :8
09-20 11:25:50.772 V/AlarmManager(  485): waitForAlarm result :8
09-20 11:25:50.892 V/AlarmManager(  485): waitForAlarm result :8
09-20 11:25:51.012 V/AlarmManager(  485): waitForAlarm result :8
09-20 11:25:51.132 V/AlarmManager(  485): waitForAlarm result :8
09-20 11:25:51.252 V/AlarmManager(  485): waitForAlarm result :8
09-20 11:25:51.373 V/AlarmManager(  485): waitForAlarm result :8
09-20 11:25:51.493 V/AlarmManager(  485): waitForAlarm result :8
09-20 11:25:51.613 V/AlarmManager(  485): waitForAlarm result :8
09-20 11:25:51.733 V/AlarmManager(  485): waitForAlarm result :8
09-20 11:25:51.853 V/AlarmManager(  485): waitForAlarm result :8
09-20 11:25:51.973 V/AlarmManager(  485): waitForAlarm result :8
09-20 11:25:52.093 V/AlarmManager(  485): waitForAlarm result :8
09-20 11:25:52.213 V/AlarmManager(  485): waitForAlarm result :8
09-20 11:25:52.334 V/AlarmManager(  485): waitForAlarm result :8
09-20 11:25:52.454 V/AlarmManager(  485): waitForAlarm result :8
09-20 11:25:52.574 V/AlarmManager(  485): waitForAlarm result :8
09-20 11:25:52.694 V/AlarmManager(  485): waitForAlarm result :8
09-20 11:25:52.814 V/AlarmManager(  485): waitForAlarm result :8
09-20 11:25:52.934 V/AlarmManager(  485): waitForAlarm result :8
09-20 11:25:53.054 V/AlarmManager(  485): waitForAlarm result :8
09-20 11:25:53.174 V/AlarmManager(  485): waitForAlarm result :8
09-20 11:25:53.295 V/AlarmManager(  485): waitForAlarm result :8
09-20 11:25:53.415 V/AlarmManager(  485): waitForAlarm result :8
09-20 11:25:53.535 V/AlarmManager(  485): waitForAlarm result :8
09-20 11:25:53.655 V/AlarmManager(  485): waitForAlarm result :8
09-20 11:25:53.665 D/PowerManagerService(  485): [s] UserActivityState : 2 -> 0
09-20 11:25:53.665 I/PowerManagerService(  485): [PWL]  mStayOn: true  mWakeLockSummary & WAKE_LOCK_STAY_AWAKE: 0  mUserActivitySummary: 0x0
09-20 11:25:53.775 V/AlarmManager(  485): waitForAlarm result :8
09-20 11:25:53.895 V/AlarmManager(  485): waitForAlarm result :8
09-20 11:25:54.015 V/AlarmManager(  485): waitForAlarm result :8
09-20 11:25:54.135 V/AlarmManager(  485): waitForAlarm result :8
09-20 11:25:54.236 D/STATUSBAR-NetworkController(  961): refreshSignalCluster - setNWBoosterIndicators(false)
09-20 11:25:54.236 D/STATUSBAR-NetworkController(  961): refreshSignalCluster: data=0 bt=false
09-20 11:25:54.246 D/STATUSBAR-IconMerger(  961): checkOverflow(240), More:false, Req:false Child:2
09-20 11:25:54.256 V/AlarmManager(  485): waitForAlarm result :8
09-20 11:25:54.376 V/AlarmManager(  485): waitForAlarm result :8
09-20 11:25:54.496 V/AlarmManager(  485): waitForAlarm result :8
09-20 11:25:54.616 V/AlarmManager(  485): waitForAlarm result :8
09-20 11:25:54.736 V/AlarmManager(  485): waitForAlarm result :8
09-20 11:25:54.856 V/AlarmManager(  485): waitForAlarm result :8
09-20 11:25:54.976 V/AlarmManager(  485): waitForAlarm result :8
09-20 11:25:55.097 V/AlarmManager(  485): waitForAlarm result :8
09-20 11:25:55.217 V/AlarmManager(  485): waitForAlarm result :8
09-20 11:25:55.247 D/STATUSBAR-NetworkController(  961): refreshSignalCluster - setNWBoosterIndicators(false)
09-20 11:25:55.247 D/STATUSBAR-NetworkController(  961): refreshSignalCluster: data=0 bt=false
09-20 11:25:55.257 D/STATUSBAR-IconMerger(  961): checkOverflow(240), More:false, Req:false Child:2
09-20 11:25:55.337 V/AlarmManager(  485): waitForAlarm result :8
09-20 11:25:55.457 V/AlarmManager(  485): waitForAlarm result :8
09-20 11:25:55.577 V/AlarmManager(  485): waitForAlarm result :8
09-20 11:25:55.657 D/SSRMv2:SIOP(  485): SIOP:: AP = 330, Delta = 0
09-20 11:25:55.697 V/AlarmManager(  485): waitForAlarm result :8
09-20 11:25:55.817 V/AlarmManager(  485): waitForAlarm result :8
09-20 11:25:55.937 V/AlarmManager(  485): waitForAlarm result :8
09-20 11:25:56.058 V/AlarmManager(  485): waitForAlarm result :8
09-20 11:25:56.178 V/AlarmManager(  485): waitForAlarm result :8
09-20 11:25:56.298 V/AlarmManager(  485): waitForAlarm result :8
09-20 11:25:56.418 V/AlarmManager(  485): waitForAlarm result :8
09-20 11:25:56.538 V/AlarmManager(  485): waitForAlarm result :8
09-20 11:25:56.658 V/AlarmManager(  485): waitForAlarm result :8
09-20 11:25:56.778 V/AlarmManager(  485): waitForAlarm result :8
09-20 11:25:56.898 V/AlarmManager(  485): waitForAlarm result :8
09-20 11:25:57.019 V/AlarmManager(  485): waitForAlarm result :8
09-20 11:25:57.139 V/AlarmManager(  485): waitForAlarm result :8
09-20 11:25:57.259 V/AlarmManager(  485): waitForAlarm result :8
09-20 11:25:57.379 V/AlarmManager(  485): waitForAlarm result :8
09-20 11:25:57.499 V/AlarmManager(  485): waitForAlarm result :8
09-20 11:25:57.619 V/AlarmManager(  485): waitForAlarm result :8
09-20 11:25:57.739 V/AlarmManager(  485): waitForAlarm result :8
09-20 11:25:57.859 V/AlarmManager(  485): waitForAlarm result :8
09-20 11:25:57.980 V/AlarmManager(  485): waitForAlarm result :8
09-20 11:25:58.090 V/AlarmManager(  485): waitForAlarm result :8
09-20 11:25:58.210 V/AlarmManager(  485): waitForAlarm result :8
09-20 11:25:58.260 D/STATUSBAR-NetworkController(  961): refreshSignalCluster - setNWBoosterIndicators(false)
09-20 11:25:58.260 D/STATUSBAR-NetworkController(  961): refreshSignalCluster: data=0 bt=false
09-20 11:25:58.280 D/STATUSBAR-IconMerger(  961): checkOverflow(240), More:false, Req:false Child:2
09-20 11:25:58.330 V/AlarmManager(  485): waitForAlarm result :8
09-20 11:25:58.450 V/AlarmManager(  485): waitForAlarm result :8
09-20 11:25:58.570 V/AlarmManager(  485): waitForAlarm result :8
09-20 11:25:58.690 V/AlarmManager(  485): waitForAlarm result :8
09-20 11:25:58.820 V/AlarmManager(  485): waitForAlarm result :8
09-20 11:25:58.941 V/AlarmManager(  485): waitForAlarm result :8
09-20 11:25:59.051 V/AlarmManager(  485): waitForAlarm result :8
09-20 11:25:59.181 V/AlarmManager(  485): waitForAlarm result :8
09-20 11:25:59.281 D/STATUSBAR-NetworkController(  961): refreshSignalCluster - setNWBoosterIndicators(false)
09-20 11:25:59.281 D/STATUSBAR-NetworkController(  961): refreshSignalCluster: data=0 bt=false
09-20 11:25:59.291 D/STATUSBAR-IconMerger(  961): checkOverflow(240), More:false, Req:false Child:2
09-20 11:25:59.301 V/AlarmManager(  485): waitForAlarm result :8
09-20 11:25:59.321 D/STATUSBAR-NetworkController(  961): onSignalStrengthsChanged signalStrength=SignalStrength: 14 -1 -1 -1 -1 -1 -1 99 2147483647 2147483647 2147483647 -1 2147483647 gsm|lte 0x4 level=4
09-20 11:25:59.411 V/AlarmManager(  485): waitForAlarm result :8
09-20 11:25:59.541 V/AlarmManager(  485): waitForAlarm result :8
09-20 11:25:59.661 V/AlarmManager(  485): waitForAlarm result :8
09-20 11:25:59.771 V/AlarmManager(  485): waitForAlarm result :8
09-20 11:25:59.902 V/AlarmManager(  485): waitForAlarm result :8
09-20 11:25:59.992 V/AlarmManager(  485): waitForAlarm result :8
09-20 11:25:59.992 D/KeyguardClockWidgetService( 1456): onReceive action=android.intent.action.TIME_TICK
09-20 11:26:00.002 V/AlarmManager(  485): ClockReceiver onReceive() ACTION_TIME_TICK
09-20 11:26:00.032 V/AlarmManager(  485): waitForAlarm result :8
09-20 11:26:00.042 D/STATUSBAR-IconMerger(  961): checkOverflow(240), More:false, Req:false Child:2
09-20 11:26:00.082 D/STATUSBAR-NetworkController(  961): onReceive() - RSSI_CHANGED_ACTION, WIFI_STATE, NETWORK_STATE
09-20 11:26:00.082 D/STATUSBAR-NetworkController(  961): refreshSignalCluster - setNWBoosterIndicators(false)
09-20 11:26:00.082 D/STATUSBAR-NetworkController(  961): refreshSignalCluster: data=0 bt=false
09-20 11:26:00.082 D/STATUSBAR-IconMerger(  961): checkOverflow(240), More:false, Req:false Child:2
09-20 11:26:00.132 V/AlarmManager(  485): waitForAlarm result :8
09-20 11:26:00.252 V/AlarmManager(  485): waitForAlarm result :8
09-20 11:26:00.372 V/AlarmManager(  485): waitForAlarm result :8
09-20 11:26:00.492 V/AlarmManager(  485): waitForAlarm result :8
09-20 11:26:00.572 D/STATUSBAR-NetworkController(  961): onReceive() - RSSI_CHANGED_ACTION, WIFI_STATE, NETWORK_STATE
09-20 11:26:00.572 D/STATUSBAR-NetworkController(  961): refreshSignalCluster - setNWBoosterIndicators(false)
09-20 11:26:00.572 D/STATUSBAR-NetworkController(  961): refreshSignalCluster: data=0 bt=false
09-20 11:26:00.582 D/STATUSBAR-IconMerger(  961): checkOverflow(240), More:false, Req:false Child:2
09-20 11:26:00.612 V/AlarmManager(  485): waitForAlarm result :8
09-20 11:26:00.733 V/AlarmManager(  485): waitForAlarm result :8
09-20 11:26:00.853 V/AlarmManager(  485): waitForAlarm result :8
09-20 11:26:00.973 V/AlarmManager(  485): waitForAlarm result :8
09-20 11:26:01.093 V/AlarmManager(  485): waitForAlarm result :8
09-20 11:26:01.213 V/AlarmManager(  485): waitForAlarm result :8
09-20 11:26:01.333 V/AlarmManager(  485): waitForAlarm result :8
09-20 11:26:01.453 V/AlarmManager(  485): waitForAlarm result :8
09-20 11:26:01.573 V/AlarmManager(  485): waitForAlarm result :8
09-20 11:26:01.603 D/STATUSBAR-NetworkController(  961): onReceive() - RSSI_CHANGED_ACTION, WIFI_STATE, NETWORK_STATE
09-20 11:26:01.603 D/STATUSBAR-NetworkController(  961): refreshSignalCluster - setNWBoosterIndicators(false)
09-20 11:26:01.603 D/STATUSBAR-NetworkController(  961): refreshSignalCluster: data=0 bt=false
09-20 11:26:01.613 D/STATUSBAR-IconMerger(  961): checkOverflow(240), More:false, Req:false Child:2
09-20 11:26:01.694 V/AlarmManager(  485): waitForAlarm result :8
09-20 11:26:01.814 V/AlarmManager(  485): waitForAlarm result :8
09-20 11:26:01.934 V/AlarmManager(  485): waitForAlarm result :8
09-20 11:26:02.054 V/AlarmManager(  485): waitForAlarm result :8
09-20 11:26:02.174 V/AlarmManager(  485): waitForAlarm result :8
09-20 11:26:02.294 V/AlarmManager(  485): waitForAlarm result :8
09-20 11:26:02.414 V/AlarmManager(  485): waitForAlarm result :8
09-20 11:26:02.534 V/AlarmManager(  485): waitForAlarm result :8
09-20 11:26:02.595 D/STATUSBAR-NetworkController(  961): onReceive() - RSSI_CHANGED_ACTION, WIFI_STATE, NETWORK_STATE
09-20 11:26:02.595 D/STATUSBAR-NetworkController(  961): refreshSignalCluster - setNWBoosterIndicators(false)
09-20 11:26:02.595 D/STATUSBAR-NetworkController(  961): refreshSignalCluster: data=0 bt=false
09-20 11:26:02.625 D/STATUSBAR-IconMerger(  961): checkOverflow(240), More:false, Req:false Child:2
09-20 11:26:02.655 V/AlarmManager(  485): waitForAlarm result :8
09-20 11:26:02.775 V/AlarmManager(  485): waitForAlarm result :8
09-20 11:26:02.895 V/AlarmManager(  485): waitForAlarm result :8
09-20 11:26:03.015 V/AlarmManager(  485): waitForAlarm result :8
09-20 11:26:03.135 V/AlarmManager(  485): waitForAlarm result :8
09-20 11:26:03.255 V/AlarmManager(  485): waitForAlarm result :8
09-20 11:26:03.375 V/AlarmManager(  485): waitForAlarm result :8
09-20 11:26:03.495 V/AlarmManager(  485): waitForAlarm result :8
09-20 11:26:03.616 V/AlarmManager(  485): waitForAlarm result :8
09-20 11:26:03.736 V/AlarmManager(  485): waitForAlarm result :8
09-20 11:26:03.856 V/AlarmManager(  485): waitForAlarm result :8
09-20 11:26:03.976 V/AlarmManager(  485): waitForAlarm result :8
09-20 11:26:04.096 V/AlarmManager(  485): waitForAlarm result :8
09-20 11:26:04.216 V/AlarmManager(  485): waitForAlarm result :8
09-20 11:26:04.336 V/AlarmManager(  485): waitForAlarm result :8
09-20 11:26:04.456 V/AlarmManager(  485): waitForAlarm result :8
09-20 11:26:04.577 V/AlarmManager(  485): waitForAlarm result :8
09-20 11:26:04.697 V/AlarmManager(  485): waitForAlarm result :8
09-20 11:26:04.817 V/AlarmManager(  485): waitForAlarm result :8
09-20 11:26:04.857 D/BatteryService(  485): level:97, scale:100, status:2, health:2, present:true, voltage: 4341, temperature: 290, technology: Li-ion, AC powered:false, USB powered:true, Wireless powered:false, icon:17303547, invalid charger:0, online:4, current avg:-1, charge type:0, power sharing:false
09-20 11:26:04.857 D/BatteryService(  485): Sending ACTION_BATTERY_CHANGED.
09-20 11:26:04.877 D/STATUSBAR-PhoneStatusBar(  961):  mBrightnessEnablebySettings = true mBrightnessEnablebyBattery = true mBrightnessEnablebyDisableFlag = true mPmsBrightnessEnablebySettings = true
09-20 11:26:04.887 D/STATUSBAR-IconMerger(  961): checkOverflow(240), More:false, Req:false Child:2
09-20 11:26:04.897 D/BatteryMeterView(  961): ACTION_BATTERY_CHANGED : level:97 status:2 health:2
09-20 11:26:04.907 D/BatteryMeterView(  961): onDraw batteryColor : -1
09-20 11:26:04.937 V/AlarmManager(  485): waitForAlarm result :8
09-20 11:26:05.057 V/AlarmManager(  485): waitForAlarm result :8
09-20 11:26:05.177 V/AlarmManager(  485): waitForAlarm result :8
09-20 11:26:05.297 V/AlarmManager(  485): waitForAlarm result :8
09-20 11:26:05.418 V/AlarmManager(  485): waitForAlarm result :8
09-20 11:26:05.538 V/AlarmManager(  485): waitForAlarm result :8
09-20 11:26:05.658 V/AlarmManager(  485): waitForAlarm result :8
09-20 11:26:05.678 D/SSRMv2:SIOP(  485): SIOP:: AP = 330, Delta = 0
09-20 11:26:05.778 V/AlarmManager(  485): waitForAlarm result :8
09-20 11:26:05.898 V/AlarmManager(  485): waitForAlarm result :8
09-20 11:26:06.018 V/AlarmManager(  485): waitForAlarm result :8
09-20 11:26:06.138 V/AlarmManager(  485): waitForAlarm result :8
09-20 11:26:06.258 V/AlarmManager(  485): waitForAlarm result :8
09-20 11:26:06.379 V/AlarmManager(  485): waitForAlarm result :8
09-20 11:26:06.499 V/AlarmManager(  485): waitForAlarm result :8
09-20 11:26:06.619 V/AlarmManager(  485): waitForAlarm result :8
09-20 11:26:06.739 V/AlarmManager(  485): waitForAlarm result :8
09-20 11:26:06.859 V/AlarmManager(  485): waitForAlarm result :8
09-20 11:26:06.979 V/AlarmManager(  485): waitForAlarm result :8
09-20 11:26:07.099 V/AlarmManager(  485): waitForAlarm result :8
09-20 11:26:07.219 V/AlarmManager(  485): waitForAlarm result :8
09-20 11:26:07.330 V/AlarmManager(  485): waitForAlarm result :8
09-20 11:26:07.460 V/AlarmManager(  485): waitForAlarm result :8
09-20 11:26:07.580 V/AlarmManager(  485): waitForAlarm result :8
09-20 11:26:07.600 D/STATUSBAR-NetworkController(  961): onReceive() - RSSI_CHANGED_ACTION, WIFI_STATE, NETWORK_STATE
09-20 11:26:07.600 D/STATUSBAR-NetworkController(  961): refreshSignalCluster - setNWBoosterIndicators(false)
09-20 11:26:07.600 D/STATUSBAR-NetworkController(  961): refreshSignalCluster: data=0 bt=false
09-20 11:26:07.620 D/STATUSBAR-IconMerger(  961): checkOverflow(240), More:false, Req:false Child:2
09-20 11:26:07.690 V/AlarmManager(  485): waitForAlarm result :8
09-20 11:26:07.820 V/AlarmManager(  485): waitForAlarm result :8
09-20 11:26:07.930 V/AlarmManager(  485): waitForAlarm result :8
09-20 11:26:08.050 V/AlarmManager(  485): waitForAlarm result :8
09-20 11:26:08.100 D/STATUSBAR-NetworkController(  961): onReceive() - RSSI_CHANGED_ACTION, WIFI_STATE, NETWORK_STATE
09-20 11:26:08.100 D/STATUSBAR-NetworkController(  961): refreshSignalCluster - setNWBoosterIndicators(false)
09-20 11:26:08.100 D/STATUSBAR-NetworkController(  961): refreshSignalCluster: data=0 bt=false
09-20 11:26:08.110 D/STATUSBAR-IconMerger(  961): checkOverflow(240), More:false, Req:false Child:2
09-20 11:26:08.170 V/AlarmManager(  485): waitForAlarm result :8
09-20 11:26:08.291 V/AlarmManager(  485): waitForAlarm result :8
09-20 11:26:08.411 V/AlarmManager(  485): waitForAlarm result :8
09-20 11:26:08.541 V/AlarmManager(  485): waitForAlarm result :8
09-20 11:26:08.651 V/AlarmManager(  485): waitForAlarm result :8
09-20 11:26:08.781 V/AlarmManager(  485): waitForAlarm result :8
09-20 11:26:08.891 V/AlarmManager(  485): waitForAlarm result :8
09-20 11:26:09.011 V/AlarmManager(  485): waitForAlarm result :8
09-20 11:26:09.111 D/STATUSBAR-NetworkController(  961): onReceive() - RSSI_CHANGED_ACTION, WIFI_STATE, NETWORK_STATE
09-20 11:26:09.111 D/STATUSBAR-NetworkController(  961): refreshSignalCluster - setNWBoosterIndicators(false)
09-20 11:26:09.111 D/STATUSBAR-NetworkController(  961): refreshSignalCluster: data=0 bt=false
09-20 11:26:09.121 D/STATUSBAR-IconMerger(  961): checkOverflow(240), More:false, Req:false Child:2
09-20 11:26:09.131 V/AlarmManager(  485): waitForAlarm result :8
09-20 11:26:09.252 V/AlarmManager(  485): waitForAlarm result :8
09-20 11:26:09.372 V/AlarmManager(  485): waitForAlarm result :8
09-20 11:26:09.492 V/AlarmManager(  485): waitForAlarm result :8
09-20 11:26:09.612 V/AlarmManager(  485): waitForAlarm result :8
09-20 11:26:09.732 V/AlarmManager(  485): waitForAlarm result :8
09-20 11:26:09.852 V/AlarmManager(  485): waitForAlarm result :8
09-20 11:26:09.972 V/AlarmManager(  485): waitForAlarm result :8
09-20 11:26:10.093 V/AlarmManager(  485): waitForAlarm result :8
09-20 11:26:10.213 V/AlarmManager(  485): waitForAlarm result :8
09-20 11:26:10.333 V/AlarmManager(  485): waitForAlarm result :8
09-20 11:26:10.453 V/AlarmManager(  485): waitForAlarm result :8
09-20 11:26:10.573 V/AlarmManager(  485): waitForAlarm result :8
09-20 11:26:10.613 D/STATUSBAR-NetworkController(  961): onReceive() - RSSI_CHANGED_ACTION, WIFI_STATE, NETWORK_STATE
09-20 11:26:10.613 D/STATUSBAR-NetworkController(  961): refreshSignalCluster - setNWBoosterIndicators(false)
09-20 11:26:10.613 D/STATUSBAR-NetworkController(  961): refreshSignalCluster: data=0 bt=false
09-20 11:26:10.633 D/STATUSBAR-IconMerger(  961): checkOverflow(240), More:false, Req:false Child:2
09-20 11:26:10.693 V/AlarmManager(  485): waitForAlarm result :8
09-20 11:26:10.813 V/AlarmManager(  485): waitForAlarm result :8
09-20 11:26:10.933 V/AlarmManager(  485): waitForAlarm result :8
09-20 11:26:11.054 V/AlarmManager(  485): waitForAlarm result :8
09-20 11:26:11.114 D/STATUSBAR-NetworkController(  961): onReceive() - RSSI_CHANGED_ACTION, WIFI_STATE, NETWORK_STATE
09-20 11:26:11.114 D/STATUSBAR-NetworkController(  961): refreshSignalCluster - setNWBoosterIndicators(false)
09-20 11:26:11.114 D/STATUSBAR-NetworkController(  961): refreshSignalCluster: data=0 bt=false
09-20 11:26:11.144 D/STATUSBAR-IconMerger(  961): checkOverflow(240), More:false, Req:false Child:2
09-20 11:26:11.174 V/AlarmManager(  485): waitForAlarm result :8
09-20 11:26:11.294 V/AlarmManager(  485): waitForAlarm result :8
09-20 11:26:11.414 V/AlarmManager(  485): waitForAlarm result :8
09-20 11:26:11.534 V/AlarmManager(  485): waitForAlarm result :8
09-20 11:26:11.654 V/AlarmManager(  485): waitForAlarm result :8
09-20 11:26:11.774 V/AlarmManager(  485): waitForAlarm result :8
09-20 11:26:11.894 V/AlarmManager(  485): waitForAlarm result :8
09-20 11:26:12.015 V/AlarmManager(  485): waitForAlarm result :8
09-20 11:26:12.135 V/AlarmManager(  485): waitForAlarm result :8
09-20 11:26:12.255 V/AlarmManager(  485): waitForAlarm result :8
09-20 11:26:12.375 V/AlarmManager(  485): waitForAlarm result :8
09-20 11:26:12.495 V/AlarmManager(  485): waitForAlarm result :8
09-20 11:26:12.615 V/AlarmManager(  485): waitForAlarm result :8
09-20 11:26:12.635 E/Watchdog(  485): !@Sync 31
09-20 11:26:12.735 V/AlarmManager(  485): waitForAlarm result :8
09-20 11:26:12.855 V/AlarmManager(  485): waitForAlarm result :8
09-20 11:26:12.976 V/AlarmManager(  485): waitForAlarm result :8
09-20 11:26:13.096 V/AlarmManager(  485): waitForAlarm result :8
09-20 11:26:13.116 D/STATUSBAR-NetworkController(  961): onReceive() - RSSI_CHANGED_ACTION, WIFI_STATE, NETWORK_STATE
09-20 11:26:13.116 D/STATUSBAR-NetworkController(  961): refreshSignalCluster - setNWBoosterIndicators(false)
09-20 11:26:13.116 D/STATUSBAR-NetworkController(  961): refreshSignalCluster: data=0 bt=false
09-20 11:26:13.136 D/STATUSBAR-IconMerger(  961): checkOverflow(240), More:false, Req:false Child:2
09-20 11:26:13.216 V/AlarmManager(  485): waitForAlarm result :8
09-20 11:26:13.336 V/AlarmManager(  485): waitForAlarm result :8
09-20 11:26:13.456 V/AlarmManager(  485): waitForAlarm result :8
09-20 11:26:13.576 V/AlarmManager(  485): waitForAlarm result :8
09-20 11:26:13.616 D/STATUSBAR-NetworkController(  961): onReceive() - RSSI_CHANGED_ACTION, WIFI_STATE, NETWORK_STATE
09-20 11:26:13.616 D/STATUSBAR-NetworkController(  961): refreshSignalCluster - setNWBoosterIndicators(false)
09-20 11:26:13.616 D/STATUSBAR-NetworkController(  961): refreshSignalCluster: data=0 bt=false
09-20 11:26:13.646 D/STATUSBAR-IconMerger(  961): checkOverflow(240), More:false, Req:false Child:2
09-20 11:26:13.696 V/AlarmManager(  485): waitForAlarm result :8
09-20 11:26:13.816 V/AlarmManager(  485): waitForAlarm result :8
09-20 11:26:13.937 V/AlarmManager(  485): waitForAlarm result :8
09-20 11:26:14.057 V/AlarmManager(  485): waitForAlarm result :8
09-20 11:26:14.177 V/AlarmManager(  485): waitForAlarm result :8
09-20 11:26:14.197 D/STATUSBAR-NetworkController(  961): onReceive() - RSSI_CHANGED_ACTION, WIFI_STATE, NETWORK_STATE
09-20 11:26:14.197 D/STATUSBAR-NetworkController(  961): refreshSignalCluster - setNWBoosterIndicators(false)
09-20 11:26:14.197 D/STATUSBAR-NetworkController(  961): refreshSignalCluster: data=0 bt=false
09-20 11:26:14.207 D/STATUSBAR-IconMerger(  961): checkOverflow(240), More:false, Req:false Child:2
09-20 11:26:14.297 V/AlarmManager(  485): waitForAlarm result :8
09-20 11:26:14.417 V/AlarmManager(  485): waitForAlarm result :8
09-20 11:26:14.537 V/AlarmManager(  485): waitForAlarm result :8
09-20 11:26:14.657 V/AlarmManager(  485): waitForAlarm result :8
09-20 11:26:14.687 D/STATUSBAR-NetworkController(  961): onSignalStrengthsChanged signalStrength=SignalStrength: 13 -1 -1 -1 -1 -1 -1 99 2147483647 2147483647 2147483647 -1 2147483647 gsm|lte 0x4 level=4
09-20 11:26:14.778 V/AlarmManager(  485): waitForAlarm result :8
09-20 11:26:14.898 V/AlarmManager(  485): waitForAlarm result :8
09-20 11:26:15.018 V/AlarmManager(  485): waitForAlarm result :8
09-20 11:26:15.138 V/AlarmManager(  485): waitForAlarm result :8
09-20 11:26:15.258 V/AlarmManager(  485): waitForAlarm result :8
