09-20 11:29:36.413 D/STATUSBAR-NetworkController(  961): refreshSignalCluster - setNWBoosterIndicators(false)
09-20 11:29:36.423 D/STATUSBAR-NetworkController(  961): refreshSignalCluster: data=0 bt=false
09-20 11:29:36.433 D/STATUSBAR-IconMerger(  961): checkOverflow(240), More:false, Req:false Child:3
09-20 11:29:36.453 I/ServiceKeeper(  485): In getpackagename pid = 485 uid = 1000 package name = android
09-20 11:29:36.453 I/ServiceKeeper(  485): In getpackagename pid = 485 uid = 1000 package name = android
09-20 11:29:36.493 V/AlarmManager(  485): waitForAlarm result :8
09-20 11:29:36.503 I/ServiceKeeper(  485): In getpackagename pid = 485 uid = 1000 package name = android
09-20 11:29:36.503 I/ServiceKeeper(  485): In getpackagename pid = 485 uid = 1000 package name = android
09-20 11:29:36.613 V/AlarmManager(  485): waitForAlarm result :8
09-20 11:29:36.633 I/ServiceKeeper(  485): In getpackagename pid = 485 uid = 1000 package name = android
09-20 11:29:36.633 I/ServiceKeeper(  485): In getpackagename pid = 485 uid = 1000 package name = android
09-20 11:29:36.693 D/SSRMv2:SIOP(  485): SIOP:: AP = 320, Delta = 0
09-20 11:29:36.733 V/AlarmManager(  485): waitForAlarm result :8
09-20 11:29:36.743 I/ServiceKeeper(  485): In getpackagename pid = 485 uid = 1000 package name = android
09-20 11:29:36.753 I/ServiceKeeper(  485): In getpackagename pid = 485 uid = 1000 package name = android
09-20 11:29:36.853 V/AlarmManager(  485): waitForAlarm result :8
09-20 11:29:36.883 I/ServiceKeeper(  485): In getpackagename pid = 485 uid = 1000 package name = android
09-20 11:29:36.883 I/ServiceKeeper(  485): In getpackagename pid = 485 uid = 1000 package name = android
09-20 11:29:36.973 V/AlarmManager(  485): waitForAlarm result :8
09-20 11:29:36.993 I/ServiceKeeper(  485): In getpackagename pid = 485 uid = 1000 package name = android
09-20 11:29:36.993 I/ServiceKeeper(  485): In getpackagename pid = 485 uid = 1000 package name = android
09-20 11:29:37.093 V/AlarmManager(  485): waitForAlarm result :8
09-20 11:29:37.113 I/ServiceKeeper(  485): In getpackagename pid = 485 uid = 1000 package name = android
09-20 11:29:37.113 I/ServiceKeeper(  485): In getpackagename pid = 485 uid = 1000 package name = android
09-20 11:29:37.214 V/AlarmManager(  485): waitForAlarm result :8
09-20 11:29:37.234 I/ServiceKeeper(  485): In getpackagename pid = 485 uid = 1000 package name = android
09-20 11:29:37.234 I/ServiceKeeper(  485): In getpackagename pid = 485 uid = 1000 package name = android
09-20 11:29:37.334 V/AlarmManager(  485): waitForAlarm result :8
09-20 11:29:37.354 I/ServiceKeeper(  485): In getpackagename pid = 485 uid = 1000 package name = android
09-20 11:29:37.354 I/ServiceKeeper(  485): In getpackagename pid = 485 uid = 1000 package name = android
09-20 11:29:37.434 D/STATUSBAR-NetworkController(  961): refreshSignalCluster - setNWBoosterIndicators(false)
09-20 11:29:37.434 D/STATUSBAR-NetworkController(  961): refreshSignalCluster: data=0 bt=false
09-20 11:29:37.454 V/AlarmManager(  485): waitForAlarm result :8
09-20 11:29:37.464 D/STATUSBAR-IconMerger(  961): checkOverflow(240), More:false, Req:false Child:3
09-20 11:29:37.504 I/ServiceKeeper(  485): In getpackagename pid = 485 uid = 1000 package name = android
09-20 11:29:37.504 I/ServiceKeeper(  485): In getpackagename pid = 485 uid = 1000 package name = android
09-20 11:29:37.574 V/AlarmManager(  485): waitForAlarm result :8
09-20 11:29:37.584 I/ServiceKeeper(  485): In getpackagename pid = 485 uid = 1000 package name = android
09-20 11:29:37.584 I/ServiceKeeper(  485): In getpackagename pid = 485 uid = 1000 package name = android
09-20 11:29:37.694 V/AlarmManager(  485): waitForAlarm result :8
09-20 11:29:37.704 I/ServiceKeeper(  485): In getpackagename pid = 485 uid = 1000 package name = android
09-20 11:29:37.724 I/ServiceKeeper(  485): In getpackagename pid = 485 uid = 1000 package name = android
09-20 11:29:37.754 E/SMD     (  168): DCD ON
09-20 11:29:37.814 V/AlarmManager(  485): waitForAlarm result :8
09-20 11:29:37.834 I/ServiceKeeper(  485): In getpackagename pid = 485 uid = 1000 package name = android
09-20 11:29:37.834 I/ServiceKeeper(  485): In getpackagename pid = 485 uid = 1000 package name = android
09-20 11:29:37.934 V/AlarmManager(  485): waitForAlarm result :8
09-20 11:29:37.954 I/ServiceKeeper(  485): In getpackagename pid = 485 uid = 1000 package name = android
09-20 11:29:37.954 I/ServiceKeeper(  485): In getpackagename pid = 485 uid = 1000 package name = android
09-20 11:29:38.054 V/AlarmManager(  485): waitForAlarm result :8
09-20 11:29:38.074 I/ServiceKeeper(  485): In getpackagename pid = 485 uid = 1000 package name = android
09-20 11:29:38.074 I/ServiceKeeper(  485): In getpackagename pid = 485 uid = 1000 package name = android
09-20 11:29:38.175 V/AlarmManager(  485): waitForAlarm result :8
09-20 11:29:38.185 I/ServiceKeeper(  485): In getpackagename pid = 485 uid = 1000 package name = android
09-20 11:29:38.215 I/ServiceKeeper(  485): In getpackagename pid = 485 uid = 1000 package name = android
09-20 11:29:38.295 V/AlarmManager(  485): waitForAlarm result :8
09-20 11:29:38.305 I/ServiceKeeper(  485): In getpackagename pid = 485 uid = 1000 package name = android
09-20 11:29:38.305 I/ServiceKeeper(  485): In getpackagename pid = 485 uid = 1000 package name = android
09-20 11:29:38.415 V/AlarmManager(  485): waitForAlarm result :8
09-20 11:29:38.445 I/ServiceKeeper(  485): In getpackagename pid = 485 uid = 1000 package name = android
09-20 11:29:38.455 I/ServiceKeeper(  485): In getpackagename pid = 485 uid = 1000 package name = android
09-20 11:29:38.535 V/AlarmManager(  485): waitForAlarm result :8
09-20 11:29:38.545 I/ServiceKeeper(  485): In getpackagename pid = 485 uid = 1000 package name = android
09-20 11:29:38.545 I/ServiceKeeper(  485): In getpackagename pid = 485 uid = 1000 package name = android
09-20 11:29:38.655 V/AlarmManager(  485): waitForAlarm result :8
09-20 11:29:38.675 I/ServiceKeeper(  485): In getpackagename pid = 485 uid = 1000 package name = android
09-20 11:29:38.675 I/ServiceKeeper(  485): In getpackagename pid = 485 uid = 1000 package name = android
09-20 11:29:38.775 V/AlarmManager(  485): waitForAlarm result :8
09-20 11:29:38.795 I/ServiceKeeper(  485): In getpackagename pid = 485 uid = 1000 package name = android
09-20 11:29:38.795 I/ServiceKeeper(  485): In getpackagename pid = 485 uid = 1000 package name = android
09-20 11:29:38.895 V/AlarmManager(  485): waitForAlarm result :8
09-20 11:29:38.925 I/ServiceKeeper(  485): In getpackagename pid = 485 uid = 1000 package name = android
09-20 11:29:38.925 I/ServiceKeeper(  485): In getpackagename pid = 485 uid = 1000 package name = android
09-20 11:29:39.015 V/AlarmManager(  485): waitForAlarm result :8
09-20 11:29:39.035 I/ServiceKeeper(  485): In getpackagename pid = 485 uid = 1000 package name = android
09-20 11:29:39.035 I/ServiceKeeper(  485): In getpackagename pid = 485 uid = 1000 package name = android
09-20 11:29:39.136 V/AlarmManager(  485): waitForAlarm result :8
09-20 11:29:39.156 I/ServiceKeeper(  485): In getpackagename pid = 485 uid = 1000 package name = android
09-20 11:29:39.156 I/ServiceKeeper(  485): In getpackagename pid = 485 uid = 1000 package name = android
09-20 11:29:39.256 V/AlarmManager(  485): waitForAlarm result :8
09-20 11:29:39.266 I/ServiceKeeper(  485): In getpackagename pid = 485 uid = 1000 package name = android
09-20 11:29:39.276 I/ServiceKeeper(  485): In getpackagename pid = 485 uid = 1000 package name = android
09-20 11:29:39.376 V/AlarmManager(  485): waitForAlarm result :8
09-20 11:29:39.416 I/ServiceKeeper(  485): In getpackagename pid = 485 uid = 1000 package name = android
09-20 11:29:39.416 I/ServiceKeeper(  485): In getpackagename pid = 485 uid = 1000 package name = android
09-20 11:29:39.496 V/AlarmManager(  485): waitForAlarm result :8
09-20 11:29:39.516 I/ServiceKeeper(  485): In getpackagename pid = 485 uid = 1000 package name = android
09-20 11:29:39.516 I/ServiceKeeper(  485): In getpackagename pid = 485 uid = 1000 package name = android
09-20 11:29:39.616 V/AlarmManager(  485): waitForAlarm result :8
09-20 11:29:39.636 I/ServiceKeeper(  485): In getpackagename pid = 485 uid = 1000 package name = android
09-20 11:29:39.636 I/ServiceKeeper(  485): In getpackagename pid = 485 uid = 1000 package name = android
09-20 11:29:39.736 V/AlarmManager(  485): waitForAlarm result :8
09-20 11:29:39.756 I/ServiceKeeper(  485): In getpackagename pid = 485 uid = 1000 package name = android
09-20 11:29:39.756 I/ServiceKeeper(  485): In getpackagename pid = 485 uid = 1000 package name = android
09-20 11:29:39.856 V/AlarmManager(  485): waitForAlarm result :8
09-20 11:29:39.876 I/ServiceKeeper(  485): In getpackagename pid = 485 uid = 1000 package name = android
09-20 11:29:39.876 I/ServiceKeeper(  485): In getpackagename pid = 485 uid = 1000 package name = android
09-20 11:29:39.976 V/AlarmManager(  485): waitForAlarm result :8
09-20 11:29:39.996 I/ServiceKeeper(  485): In getpackagename pid = 485 uid = 1000 package name = android
09-20 11:29:39.996 I/ServiceKeeper(  485): In getpackagename pid = 485 uid = 1000 package name = android
09-20 11:29:40.097 V/AlarmManager(  485): waitForAlarm result :8
09-20 11:29:40.117 I/ServiceKeeper(  485): In getpackagename pid = 485 uid = 1000 package name = android
09-20 11:29:40.117 I/ServiceKeeper(  485): In getpackagename pid = 485 uid = 1000 package name = android
09-20 11:29:40.217 V/AlarmManager(  485): waitForAlarm result :8
09-20 11:29:40.227 I/ServiceKeeper(  485): In getpackagename pid = 485 uid = 1000 package name = android
09-20 11:29:40.237 I/ServiceKeeper(  485): In getpackagename pid = 485 uid = 1000 package name = android
09-20 11:29:40.337 V/AlarmManager(  485): waitForAlarm result :8
09-20 11:29:40.347 I/ServiceKeeper(  485): In getpackagename pid = 485 uid = 1000 package name = android
09-20 11:29:40.357 I/ServiceKeeper(  485): In getpackagename pid = 485 uid = 1000 package name = android
09-20 11:29:40.457 V/AlarmManager(  485): waitForAlarm result :8
09-20 11:29:40.477 I/ServiceKeeper(  485): In getpackagename pid = 485 uid = 1000 package name = android
09-20 11:29:40.477 I/ServiceKeeper(  485): In getpackagename pid = 485 uid = 1000 package name = android
09-20 11:29:40.577 V/AlarmManager(  485): waitForAlarm result :8
09-20 11:29:40.587 I/ServiceKeeper(  485): In getpackagename pid = 485 uid = 1000 package name = android
09-20 11:29:40.587 I/ServiceKeeper(  485): In getpackagename pid = 485 uid = 1000 package name = android
09-20 11:29:40.697 V/AlarmManager(  485): waitForAlarm result :8
09-20 11:29:40.717 I/ServiceKeeper(  485): In getpackagename pid = 485 uid = 1000 package name = android
09-20 11:29:40.717 I/ServiceKeeper(  485): In getpackagename pid = 485 uid = 1000 package name = android
09-20 11:29:40.757 E/SMD     (  168): DCD ON
09-20 11:29:40.817 V/AlarmManager(  485): waitForAlarm result :8
09-20 11:29:40.837 I/ServiceKeeper(  485): In getpackagename pid = 485 uid = 1000 package name = android
09-20 11:29:40.837 I/ServiceKeeper(  485): In getpackagename pid = 485 uid = 1000 package name = android
09-20 11:29:40.937 V/AlarmManager(  485): waitForAlarm result :8
09-20 11:29:40.958 I/ServiceKeeper(  485): In getpackagename pid = 485 uid = 1000 package name = android
09-20 11:29:40.958 I/ServiceKeeper(  485): In getpackagename pid = 485 uid = 1000 package name = android
09-20 11:29:41.058 V/AlarmManager(  485): waitForAlarm result :8
09-20 11:29:41.078 I/ServiceKeeper(  485): In getpackagename pid = 485 uid = 1000 package name = android
09-20 11:29:41.078 I/ServiceKeeper(  485): In getpackagename pid = 485 uid = 1000 package name = android
09-20 11:29:41.178 V/AlarmManager(  485): waitForAlarm result :8
09-20 11:29:41.198 I/ServiceKeeper(  485): In getpackagename pid = 485 uid = 1000 package name = android
09-20 11:29:41.198 I/ServiceKeeper(  485): In getpackagename pid = 485 uid = 1000 package name = android
09-20 11:29:41.298 V/AlarmManager(  485): waitForAlarm result :8
09-20 11:29:41.318 I/ServiceKeeper(  485): In getpackagename pid = 485 uid = 1000 package name = android
09-20 11:29:41.318 I/ServiceKeeper(  485): In getpackagename pid = 485 uid = 1000 package name = android
09-20 11:29:41.418 V/AlarmManager(  485): waitForAlarm result :8
09-20 11:29:41.428 I/ServiceKeeper(  485): In getpackagename pid = 485 uid = 1000 package name = android
09-20 11:29:41.428 I/ServiceKeeper(  485): In getpackagename pid = 485 uid = 1000 package name = android
09-20 11:29:41.488 D/STATUSBAR-NetworkController(  961): refreshSignalCluster - setNWBoosterIndicators(false)
09-20 11:29:41.488 D/STATUSBAR-NetworkController(  961): refreshSignalCluster: data=0 bt=false
09-20 11:29:41.508 D/STATUSBAR-IconMerger(  961): checkOverflow(240), More:false, Req:false Child:3
09-20 11:29:41.538 V/AlarmManager(  485): waitForAlarm result :8
09-20 11:29:41.548 I/ServiceKeeper(  485): In getpackagename pid = 485 uid = 1000 package name = android
09-20 11:29:41.548 I/ServiceKeeper(  485): In getpackagename pid = 485 uid = 1000 package name = android
09-20 11:29:41.658 V/AlarmManager(  485): waitForAlarm result :8
09-20 11:29:41.678 I/ServiceKeeper(  485): In getpackagename pid = 485 uid = 1000 package name = android
09-20 11:29:41.678 I/ServiceKeeper(  485): In getpackagename pid = 485 uid = 1000 package name = android
09-20 11:29:41.778 V/AlarmManager(  485): waitForAlarm result :8
09-20 11:29:41.798 I/ServiceKeeper(  485): In getpackagename pid = 485 uid = 1000 package name = android
09-20 11:29:41.798 I/ServiceKeeper(  485): In getpackagename pid = 485 uid = 1000 package name = android
09-20 11:29:41.899 V/AlarmManager(  485): waitForAlarm result :8
09-20 11:29:41.919 I/ServiceKeeper(  485): In getpackagename pid = 485 uid = 1000 package name = android
09-20 11:29:41.919 I/ServiceKeeper(  485): In getpackagename pid = 485 uid = 1000 package name = android
09-20 11:29:42.019 V/AlarmManager(  485): waitForAlarm result :8
09-20 11:29:42.039 I/ServiceKeeper(  485): In getpackagename pid = 485 uid = 1000 package name = android
09-20 11:29:42.039 I/ServiceKeeper(  485): In getpackagename pid = 485 uid = 1000 package name = android
09-20 11:29:42.139 V/AlarmManager(  485): waitForAlarm result :8
09-20 11:29:42.159 I/ServiceKeeper(  485): In getpackagename pid = 485 uid = 1000 package name = android
09-20 11:29:42.159 I/ServiceKeeper(  485): In getpackagename pid = 485 uid = 1000 package name = android
09-20 11:29:42.259 V/AlarmManager(  485): waitForAlarm result :8
09-20 11:29:42.279 I/ServiceKeeper(  485): In getpackagename pid = 485 uid = 1000 package name = android
09-20 11:29:42.279 I/ServiceKeeper(  485): In getpackagename pid = 485 uid = 1000 package name = android
09-20 11:29:42.379 V/AlarmManager(  485): waitForAlarm result :8
09-20 11:29:42.399 I/ServiceKeeper(  485): In getpackagename pid = 485 uid = 1000 package name = android
09-20 11:29:42.399 I/ServiceKeeper(  485): In getpackagename pid = 485 uid = 1000 package name = android
09-20 11:29:42.499 V/AlarmManager(  485): waitForAlarm result :8
09-20 11:29:42.509 I/ServiceKeeper(  485): In getpackagename pid = 485 uid = 1000 package name = android
09-20 11:29:42.509 I/ServiceKeeper(  485): In getpackagename pid = 485 uid = 1000 package name = android
09-20 11:29:42.509 D/STATUSBAR-NetworkController(  961): refreshSignalCluster - setNWBoosterIndicators(false)
09-20 11:29:42.509 D/STATUSBAR-NetworkController(  961): refreshSignalCluster: data=0 bt=false
09-20 11:29:42.519 D/STATUSBAR-IconMerger(  961): checkOverflow(240), More:false, Req:false Child:3
09-20 11:29:42.609 V/AlarmManager(  485): waitForAlarm result :8
09-20 11:29:42.629 I/ServiceKeeper(  485): In getpackagename pid = 485 uid = 1000 package name = android
09-20 11:29:42.629 I/ServiceKeeper(  485): In getpackagename pid = 485 uid = 1000 package name = android
09-20 11:29:42.649 E/Watchdog(  485): !@Sync 38
09-20 11:29:42.729 V/AlarmManager(  485): waitForAlarm result :8
09-20 11:29:42.749 I/ServiceKeeper(  485): In getpackagename pid = 485 uid = 1000 package name = android
09-20 11:29:42.749 I/ServiceKeeper(  485): In getpackagename pid = 485 uid = 1000 package name = android
09-20 11:29:42.860 V/AlarmManager(  485): waitForAlarm result :8
09-20 11:29:42.870 I/ServiceKeeper(  485): In getpackagename pid = 485 uid = 1000 package name = android
09-20 11:29:42.870 I/ServiceKeeper(  485): In getpackagename pid = 485 uid = 1000 package name = android
09-20 11:29:42.970 V/AlarmManager(  485): waitForAlarm result :8
09-20 11:29:42.990 I/ServiceKeeper(  485): In getpackagename pid = 485 uid = 1000 package name = android
09-20 11:29:42.990 I/ServiceKeeper(  485): In getpackagename pid = 485 uid = 1000 package name = android
09-20 11:29:43.100 V/AlarmManager(  485): waitForAlarm result :8
09-20 11:29:43.110 I/ServiceKeeper(  485): In getpackagename pid = 485 uid = 1000 package name = android
09-20 11:29:43.110 I/ServiceKeeper(  485): In getpackagename pid = 485 uid = 1000 package name = android
09-20 11:29:43.210 V/AlarmManager(  485): waitForAlarm result :8
09-20 11:29:43.220 I/ServiceKeeper(  485): In getpackagename pid = 485 uid = 1000 package name = android
09-20 11:29:43.260 I/ServiceKeeper(  485): In getpackagename pid = 485 uid = 1000 package name = android
09-20 11:29:43.340 I/ServiceKeeper(  485): In getpackagename pid = 485 uid = 1000 package name = android
09-20 11:29:43.340 I/ServiceKeeper(  485): In getpackagename pid = 485 uid = 1000 package name = android
09-20 11:29:43.340 V/AlarmManager(  485): waitForAlarm result :8
09-20 11:29:43.450 V/AlarmManager(  485): waitForAlarm result :8
09-20 11:29:43.470 I/ServiceKeeper(  485): In getpackagename pid = 485 uid = 1000 package name = android
09-20 11:29:43.470 I/ServiceKeeper(  485): In getpackagename pid = 485 uid = 1000 package name = android
09-20 11:29:43.570 V/AlarmManager(  485): waitForAlarm result :8
09-20 11:29:43.590 I/ServiceKeeper(  485): In getpackagename pid = 485 uid = 1000 package name = android
09-20 11:29:43.590 I/ServiceKeeper(  485): In getpackagename pid = 485 uid = 1000 package name = android
09-20 11:29:43.700 V/AlarmManager(  485): waitForAlarm result :8
09-20 11:29:43.710 I/ServiceKeeper(  485): In getpackagename pid = 485 uid = 1000 package name = android
09-20 11:29:43.710 I/ServiceKeeper(  485): In getpackagename pid = 485 uid = 1000 package name = android
09-20 11:29:43.761 E/SMD     (  168): DCD ON
09-20 11:29:43.821 V/AlarmManager(  485): waitForAlarm result :8
09-20 11:29:43.831 I/ServiceKeeper(  485): In getpackagename pid = 485 uid = 1000 package name = android
09-20 11:29:43.831 I/ServiceKeeper(  485): In getpackagename pid = 485 uid = 1000 package name = android
09-20 11:29:43.931 V/AlarmManager(  485): waitForAlarm result :8
09-20 11:29:43.951 I/ServiceKeeper(  485): In getpackagename pid = 485 uid = 1000 package name = android
09-20 11:29:43.951 I/ServiceKeeper(  485): In getpackagename pid = 485 uid = 1000 package name = android
09-20 11:29:44.061 V/AlarmManager(  485): waitForAlarm result :8
09-20 11:29:44.071 I/ServiceKeeper(  485): In getpackagename pid = 485 uid = 1000 package name = android
09-20 11:29:44.101 I/ServiceKeeper(  485): In getpackagename pid = 485 uid = 1000 package name = android
09-20 11:29:44.171 V/AlarmManager(  485): waitForAlarm result :8
09-20 11:29:44.191 I/ServiceKeeper(  485): In getpackagename pid = 485 uid = 1000 package name = android
09-20 11:29:44.191 I/ServiceKeeper(  485): In getpackagename pid = 485 uid = 1000 package name = android
09-20 11:29:44.301 V/AlarmManager(  485): waitForAlarm result :8
09-20 11:29:44.311 I/ServiceKeeper(  485): In getpackagename pid = 485 uid = 1000 package name = android
09-20 11:29:44.311 I/ServiceKeeper(  485): In getpackagename pid = 485 uid = 1000 package name = android
09-20 11:29:44.411 V/AlarmManager(  485): waitForAlarm result :8
09-20 11:29:44.431 I/ServiceKeeper(  485): In getpackagename pid = 485 uid = 1000 package name = android
09-20 11:29:44.431 I/ServiceKeeper(  485): In getpackagename pid = 485 uid = 1000 package name = android
09-20 11:29:44.531 V/AlarmManager(  485): waitForAlarm result :8
09-20 11:29:44.541 I/ServiceKeeper(  485): In getpackagename pid = 485 uid = 1000 package name = android
09-20 11:29:44.541 I/ServiceKeeper(  485): In getpackagename pid = 485 uid = 1000 package name = android
09-20 11:29:44.661 V/AlarmManager(  485): waitForAlarm result :8
09-20 11:29:44.671 I/ServiceKeeper(  485): In getpackagename pid = 485 uid = 1000 package name = android
09-20 11:29:44.671 I/ServiceKeeper(  485): In getpackagename pid = 485 uid = 1000 package name = android
09-20 11:29:44.782 I/ServiceKeeper(  485): In getpackagename pid = 485 uid = 1000 package name = android
09-20 11:29:44.782 V/AlarmManager(  485): waitForAlarm result :8
09-20 11:29:44.802 I/ServiceKeeper(  485): In getpackagename pid = 485 uid = 1000 package name = android
09-20 11:29:44.892 V/AlarmManager(  485): waitForAlarm result :8
09-20 11:29:44.932 I/ServiceKeeper(  485): In getpackagename pid = 485 uid = 1000 package name = android
09-20 11:29:44.932 I/ServiceKeeper(  485): In getpackagename pid = 485 uid = 1000 package name = android
09-20 11:29:45.012 V/AlarmManager(  485): waitForAlarm result :8
09-20 11:29:45.032 I/ServiceKeeper(  485): In getpackagename pid = 485 uid = 1000 package name = android
09-20 11:29:45.032 I/ServiceKeeper(  485): In getpackagename pid = 485 uid = 1000 package name = android
09-20 11:29:45.132 V/AlarmManager(  485): waitForAlarm result :8
09-20 11:29:45.152 I/ServiceKeeper(  485): In getpackagename pid = 485 uid = 1000 package name = android
09-20 11:29:45.152 I/ServiceKeeper(  485): In getpackagename pid = 485 uid = 1000 package name = android
09-20 11:29:45.252 V/AlarmManager(  485): waitForAlarm result :8
09-20 11:29:45.272 I/ServiceKeeper(  485): In getpackagename pid = 485 uid = 1000 package name = android
09-20 11:29:45.272 I/ServiceKeeper(  485): In getpackagename pid = 485 uid = 1000 package name = android
09-20 11:29:45.372 V/AlarmManager(  485): waitForAlarm result :8
09-20 11:29:45.392 I/ServiceKeeper(  485): In getpackagename pid = 485 uid = 1000 package name = android
09-20 11:29:45.392 I/ServiceKeeper(  485): In getpackagename pid = 485 uid = 1000 package name = android
09-20 11:29:45.492 V/AlarmManager(  485): waitForAlarm result :8
09-20 11:29:45.522 I/ServiceKeeper(  485): In getpackagename pid = 485 uid = 1000 package name = android
09-20 11:29:45.522 I/ServiceKeeper(  485): In getpackagename pid = 485 uid = 1000 package name = android
09-20 11:29:45.612 V/AlarmManager(  485): waitForAlarm result :8
09-20 11:29:45.633 I/ServiceKeeper(  485): In getpackagename pid = 485 uid = 1000 package name = android
09-20 11:29:45.633 I/ServiceKeeper(  485): In getpackagename pid = 485 uid = 1000 package name = android
09-20 11:29:45.733 V/AlarmManager(  485): waitForAlarm result :8
09-20 11:29:45.743 I/ServiceKeeper(  485): In getpackagename pid = 485 uid = 1000 package name = android
09-20 11:29:45.763 I/ServiceKeeper(  485): In getpackagename pid = 485 uid = 1000 package name = android
09-20 11:29:45.853 V/AlarmManager(  485): waitForAlarm result :8
09-20 11:29:45.873 I/ServiceKeeper(  485): In getpackagename pid = 485 uid = 1000 package name = android
09-20 11:29:45.873 I/ServiceKeeper(  485): In getpackagename pid = 485 uid = 1000 package name = android
09-20 11:29:45.973 V/AlarmManager(  485): waitForAlarm result :8
09-20 11:29:45.993 I/ServiceKeeper(  485): In getpackagename pid = 485 uid = 1000 package name = android
09-20 11:29:45.993 I/ServiceKeeper(  485): In getpackagename pid = 485 uid = 1000 package name = android
09-20 11:29:46.093 V/AlarmManager(  485): waitForAlarm result :8
09-20 11:29:46.113 I/ServiceKeeper(  485): In getpackagename pid = 485 uid = 1000 package name = android
09-20 11:29:46.113 I/ServiceKeeper(  485): In getpackagename pid = 485 uid = 1000 package name = android
09-20 11:29:46.213 V/AlarmManager(  485): waitForAlarm result :8
09-20 11:29:46.233 I/ServiceKeeper(  485): In getpackagename pid = 485 uid = 1000 package name = android
09-20 11:29:46.233 I/ServiceKeeper(  485): In getpackagename pid = 485 uid = 1000 package name = android
09-20 11:29:46.333 V/AlarmManager(  485): waitForAlarm result :8
09-20 11:29:46.353 I/ServiceKeeper(  485): In getpackagename pid = 485 uid = 1000 package name = android
09-20 11:29:46.353 I/ServiceKeeper(  485): In getpackagename pid = 485 uid = 1000 package name = android
09-20 11:29:46.453 V/AlarmManager(  485): waitForAlarm result :8
09-20 11:29:46.473 I/ServiceKeeper(  485): In getpackagename pid = 485 uid = 1000 package name = android
09-20 11:29:46.483 I/ServiceKeeper(  485): In getpackagename pid = 485 uid = 1000 package name = android
09-20 11:29:46.543 D/dalvikvm( 3660): GC_CONCURRENT freed 953K, 54% free 8301K/17812K, paused 27ms+4ms, total 96ms
09-20 11:29:46.574 V/AlarmManager(  485): waitForAlarm result :8
09-20 11:29:46.584 I/ServiceKeeper(  485): In getpackagename pid = 485 uid = 1000 package name = android
09-20 11:29:46.584 I/ServiceKeeper(  485): In getpackagename pid = 485 uid = 1000 package name = android
09-20 11:29:46.694 V/AlarmManager(  485): waitForAlarm result :8
09-20 11:29:46.704 I/ServiceKeeper(  485): In getpackagename pid = 485 uid = 1000 package name = android
09-20 11:29:46.704 I/ServiceKeeper(  485): In getpackagename pid = 485 uid = 1000 package name = android
09-20 11:29:46.754 E/SMD     (  168): DCD ON
09-20 11:29:46.754 D/SSRMv2:SIOP(  485): SIOP:: AP = 320, Delta = 0
09-20 11:29:46.814 V/AlarmManager(  485): waitForAlarm result :8
09-20 11:29:46.824 I/ServiceKeeper(  485): In getpackagename pid = 485 uid = 1000 package name = android
09-20 11:29:46.834 I/ServiceKeeper(  485): In getpackagename pid = 485 uid = 1000 package name = android
09-20 11:29:46.934 V/AlarmManager(  485): waitForAlarm result :8
09-20 11:29:46.954 I/ServiceKeeper(  485): In getpackagename pid = 485 uid = 1000 package name = android
09-20 11:29:46.954 I/ServiceKeeper(  485): In getpackagename pid = 485 uid = 1000 package name = android
09-20 11:29:47.054 V/AlarmManager(  485): waitForAlarm result :8
09-20 11:29:47.074 I/ServiceKeeper(  485): In getpackagename pid = 485 uid = 1000 package name = android
09-20 11:29:47.074 I/ServiceKeeper(  485): In getpackagename pid = 485 uid = 1000 package name = android
09-20 11:29:47.174 V/AlarmManager(  485): waitForAlarm result :8
09-20 11:29:47.194 I/ServiceKeeper(  485): In getpackagename pid = 485 uid = 1000 package name = android
09-20 11:29:47.194 I/ServiceKeeper(  485): In getpackagename pid = 485 uid = 1000 package name = android
09-20 11:29:47.294 V/AlarmManager(  485): waitForAlarm result :8
09-20 11:29:47.314 I/ServiceKeeper(  485): In getpackagename pid = 485 uid = 1000 package name = android
09-20 11:29:47.314 I/ServiceKeeper(  485): In getpackagename pid = 485 uid = 1000 package name = android
09-20 11:29:47.414 V/AlarmManager(  485): waitForAlarm result :8
09-20 11:29:47.444 I/ServiceKeeper(  485): In getpackagename pid = 485 uid = 1000 package name = android
09-20 11:29:47.444 I/ServiceKeeper(  485): In getpackagename pid = 485 uid = 1000 package name = android
09-20 11:29:47.535 V/AlarmManager(  485): waitForAlarm result :8
09-20 11:29:47.555 I/ServiceKeeper(  485): In getpackagename pid = 485 uid = 1000 package name = android
09-20 11:29:47.555 I/ServiceKeeper(  485): In getpackagename pid = 485 uid = 1000 package name = android
09-20 11:29:47.655 V/AlarmManager(  485): waitForAlarm result :8
09-20 11:29:47.675 I/ServiceKeeper(  485): In getpackagename pid = 485 uid = 1000 package name = android
09-20 11:29:47.675 I/ServiceKeeper(  485): In getpackagename pid = 485 uid = 1000 package name = android
09-20 11:29:47.775 V/AlarmManager(  485): waitForAlarm result :8
09-20 11:29:47.795 I/ServiceKeeper(  485): In getpackagename pid = 485 uid = 1000 package name = android
09-20 11:29:47.795 I/ServiceKeeper(  485): In getpackagename pid = 485 uid = 1000 package name = android
09-20 11:29:47.895 V/AlarmManager(  485): waitForAlarm result :8
09-20 11:29:47.935 I/ServiceKeeper(  485): In getpackagename pid = 485 uid = 1000 package name = android
09-20 11:29:47.935 I/ServiceKeeper(  485): In getpackagename pid = 485 uid = 1000 package name = android
09-20 11:29:48.015 V/AlarmManager(  485): waitForAlarm result :8
09-20 11:29:48.035 I/ServiceKeeper(  485): In getpackagename pid = 485 uid = 1000 package name = android
09-20 11:29:48.035 I/ServiceKeeper(  485): In getpackagename pid = 485 uid = 1000 package name = android
09-20 11:29:48.135 V/AlarmManager(  485): waitForAlarm result :8
09-20 11:29:48.155 I/ServiceKeeper(  485): In getpackagename pid = 485 uid = 1000 package name = android
09-20 11:29:48.155 I/ServiceKeeper(  485): In getpackagename pid = 485 uid = 1000 package name = android
09-20 11:29:48.255 V/AlarmManager(  485): waitForAlarm result :8
09-20 11:29:48.265 I/ServiceKeeper(  485): In getpackagename pid = 485 uid = 1000 package name = android
09-20 11:29:48.285 I/ServiceKeeper(  485): In getpackagename pid = 485 uid = 1000 package name = android
09-20 11:29:48.375 V/AlarmManager(  485): waitForAlarm result :8
09-20 11:29:48.385 I/ServiceKeeper(  485): In getpackagename pid = 485 uid = 1000 package name = android
09-20 11:29:48.385 I/ServiceKeeper(  485): In getpackagename pid = 485 uid = 1000 package name = android
09-20 11:29:48.496 V/AlarmManager(  485): waitForAlarm result :8
09-20 11:29:48.506 I/ServiceKeeper(  485): In getpackagename pid = 485 uid = 1000 package name = android
09-20 11:29:48.506 I/ServiceKeeper(  485): In getpackagename pid = 485 uid = 1000 package name = android
09-20 11:29:48.616 V/AlarmManager(  485): waitForAlarm result :8
09-20 11:29:48.626 I/ServiceKeeper(  485): In getpackagename pid = 485 uid = 1000 package name = android
09-20 11:29:48.626 I/ServiceKeeper(  485): In getpackagename pid = 485 uid = 1000 package name = android
09-20 11:29:48.736 V/AlarmManager(  485): waitForAlarm result :8
09-20 11:29:48.746 I/ServiceKeeper(  485): In getpackagename pid = 485 uid = 1000 package name = android
09-20 11:29:48.766 I/ServiceKeeper(  485): In getpackagename pid = 485 uid = 1000 package name = android
09-20 11:29:48.856 V/AlarmManager(  485): waitForAlarm result :8
09-20 11:29:48.876 I/ServiceKeeper(  485): In getpackagename pid = 485 uid = 1000 package name = android
09-20 11:29:48.876 I/ServiceKeeper(  485): In getpackagename pid = 485 uid = 1000 package name = android
09-20 11:29:48.976 V/AlarmManager(  485): waitForAlarm result :8
09-20 11:29:48.996 I/ServiceKeeper(  485): In getpackagename pid = 485 uid = 1000 package name = android
09-20 11:29:48.996 I/ServiceKeeper(  485): In getpackagename pid = 485 uid = 1000 package name = android
09-20 11:29:49.096 V/AlarmManager(  485): waitForAlarm result :8
09-20 11:29:49.116 I/ServiceKeeper(  485): In getpackagename pid = 485 uid = 1000 package name = android
09-20 11:29:49.126 I/ServiceKeeper(  485): In getpackagename pid = 485 uid = 1000 package name = android
09-20 11:29:49.216 V/AlarmManager(  485): waitForAlarm result :8
09-20 11:29:49.236 I/ServiceKeeper(  485): In getpackagename pid = 485 uid = 1000 package name = android
09-20 11:29:49.236 I/ServiceKeeper(  485): In getpackagename pid = 485 uid = 1000 package name = android
09-20 11:29:49.336 V/AlarmManager(  485): waitForAlarm result :8
09-20 11:29:49.356 I/ServiceKeeper(  485): In getpackagename pid = 485 uid = 1000 package name = android
09-20 11:29:49.356 I/ServiceKeeper(  485): In getpackagename pid = 485 uid = 1000 package name = android
09-20 11:29:49.457 V/AlarmManager(  485): waitForAlarm result :8
09-20 11:29:49.477 I/ServiceKeeper(  485): In getpackagename pid = 485 uid = 1000 package name = android
09-20 11:29:49.477 I/ServiceKeeper(  485): In getpackagename pid = 485 uid = 1000 package name = android
09-20 11:29:49.577 V/AlarmManager(  485): waitForAlarm result :8
09-20 11:29:49.597 I/ServiceKeeper(  485): In getpackagename pid = 485 uid = 1000 package name = android
09-20 11:29:49.597 I/ServiceKeeper(  485): In getpackagename pid = 485 uid = 1000 package name = android
09-20 11:29:49.697 V/AlarmManager(  485): waitForAlarm result :8
09-20 11:29:49.717 I/ServiceKeeper(  485): In getpackagename pid = 485 uid = 1000 package name = android
09-20 11:29:49.717 I/ServiceKeeper(  485): In getpackagename pid = 485 uid = 1000 package name = android
09-20 11:29:49.757 E/SMD     (  168): DCD ON
09-20 11:29:49.817 V/AlarmManager(  485): waitForAlarm result :8
09-20 11:29:49.837 I/ServiceKeeper(  485): In getpackagename pid = 485 uid = 1000 package name = android
09-20 11:29:49.837 I/ServiceKeeper(  485): In getpackagename pid = 485 uid = 1000 package name = android
09-20 11:29:49.937 V/AlarmManager(  485): waitForAlarm result :8
09-20 11:29:49.957 I/ServiceKeeper(  485): In getpackagename pid = 485 uid = 1000 package name = android
09-20 11:29:49.957 I/ServiceKeeper(  485): In getpackagename pid = 485 uid = 1000 package name = android
09-20 11:29:50.057 V/AlarmManager(  485): waitForAlarm result :8
09-20 11:29:50.077 I/ServiceKeeper(  485): In getpackagename pid = 485 uid = 1000 package name = android
09-20 11:29:50.077 I/ServiceKeeper(  485): In getpackagename pid = 485 uid = 1000 package name = android
09-20 11:29:50.177 V/AlarmManager(  485): waitForAlarm result :8
09-20 11:29:50.197 I/ServiceKeeper(  485): In getpackagename pid = 485 uid = 1000 package name = android
09-20 11:29:50.197 I/ServiceKeeper(  485): In getpackagename pid = 485 uid = 1000 package name = android
09-20 11:29:50.297 V/AlarmManager(  485): waitForAlarm result :8
09-20 11:29:50.318 I/ServiceKeeper(  485): In getpackagename pid = 485 uid = 1000 package name = android
09-20 11:29:50.318 I/ServiceKeeper(  485): In getpackagename pid = 485 uid = 1000 package name = android
09-20 11:29:50.418 V/AlarmManager(  485): waitForAlarm result :8
09-20 11:29:50.458 I/ServiceKeeper(  485): In getpackagename pid = 485 uid = 1000 package name = android
09-20 11:29:50.488 I/ServiceKeeper(  485): In getpackagename pid = 485 uid = 1000 package name = android
09-20 11:29:50.538 V/AlarmManager(  485): waitForAlarm result :8
09-20 11:29:50.548 I/ServiceKeeper(  485): In getpackagename pid = 485 uid = 1000 package name = android
09-20 11:29:50.548 I/ServiceKeeper(  485): In getpackagename pid = 485 uid = 1000 package name = android
09-20 11:29:50.658 V/AlarmManager(  485): waitForAlarm result :8
09-20 11:29:50.678 I/ServiceKeeper(  485): In getpackagename pid = 485 uid = 1000 package name = android
09-20 11:29:50.678 I/ServiceKeeper(  485): In getpackagename pid = 485 uid = 1000 package name = android
09-20 11:29:50.778 V/AlarmManager(  485): waitForAlarm result :8
09-20 11:29:50.788 I/ServiceKeeper(  485): In getpackagename pid = 485 uid = 1000 package name = android
09-20 11:29:50.798 I/ServiceKeeper(  485): In getpackagename pid = 485 uid = 1000 package name = android
09-20 11:29:50.898 V/AlarmManager(  485): waitForAlarm result :8
09-20 11:29:50.938 I/ServiceKeeper(  485): In getpackagename pid = 485 uid = 1000 package name = android
09-20 11:29:50.938 I/ServiceKeeper(  485): In getpackagename pid = 485 uid = 1000 package name = android
09-20 11:29:51.018 V/AlarmManager(  485): waitForAlarm result :8
09-20 11:29:51.038 I/ServiceKeeper(  485): In getpackagename pid = 485 uid = 1000 package name = android
09-20 11:29:51.038 I/ServiceKeeper(  485): In getpackagename pid = 485 uid = 1000 package name = android
09-20 11:29:51.138 V/AlarmManager(  485): waitForAlarm result :8
09-20 11:29:51.158 I/ServiceKeeper(  485): In getpackagename pid = 485 uid = 1000 package name = android
09-20 11:29:51.158 I/ServiceKeeper(  485): In getpackagename pid = 485 uid = 1000 package name = android
09-20 11:29:51.259 V/AlarmManager(  485): waitForAlarm result :8
09-20 11:29:51.279 I/ServiceKeeper(  485): In getpackagename pid = 485 uid = 1000 package name = android
09-20 11:29:51.279 I/ServiceKeeper(  485): In getpackagename pid = 485 uid = 1000 package name = android
09-20 11:29:51.379 V/AlarmManager(  485): waitForAlarm result :8
09-20 11:29:51.399 I/ServiceKeeper(  485): In getpackagename pid = 485 uid = 1000 package name = android
09-20 11:29:51.399 I/ServiceKeeper(  485): In getpackagename pid = 485 uid = 1000 package name = android
09-20 11:29:51.499 V/AlarmManager(  485): waitForAlarm result :8
09-20 11:29:51.519 I/ServiceKeeper(  485): In getpackagename pid = 485 uid = 1000 package name = android
09-20 11:29:51.519 I/ServiceKeeper(  485): In getpackagename pid = 485 uid = 1000 package name = android
09-20 11:29:51.619 V/AlarmManager(  485): waitForAlarm result :8
09-20 11:29:51.639 I/ServiceKeeper(  485): In getpackagename pid = 485 uid = 1000 package name = android
09-20 11:29:51.639 I/ServiceKeeper(  485): In getpackagename pid = 485 uid = 1000 package name = android
09-20 11:29:51.739 V/AlarmManager(  485): waitForAlarm result :8
09-20 11:29:51.749 I/ServiceKeeper(  485): In getpackagename pid = 485 uid = 1000 package name = android
09-20 11:29:51.769 I/ServiceKeeper(  485): In getpackagename pid = 485 uid = 1000 package name = android
09-20 11:29:51.859 V/AlarmManager(  485): waitForAlarm result :8
09-20 11:29:51.879 I/ServiceKeeper(  485): In getpackagename pid = 485 uid = 1000 package name = android
09-20 11:29:51.879 I/ServiceKeeper(  485): In getpackagename pid = 485 uid = 1000 package name = android
09-20 11:29:51.979 V/AlarmManager(  485): waitForAlarm result :8
09-20 11:29:51.989 I/ServiceKeeper(  485): In getpackagename pid = 485 uid = 1000 package name = android
09-20 11:29:51.989 I/ServiceKeeper(  485): In getpackagename pid = 485 uid = 1000 package name = android
09-20 11:29:52.089 V/AlarmManager(  485): waitForAlarm result :8
09-20 11:29:52.099 I/ServiceKeeper(  485): In getpackagename pid = 485 uid = 1000 package name = android
09-20 11:29:52.099 I/ServiceKeeper(  485): In getpackagename pid = 485 uid = 1000 package name = android
09-20 11:29:52.220 V/AlarmManager(  485): waitForAlarm result :8
09-20 11:29:52.230 I/ServiceKeeper(  485): In getpackagename pid = 485 uid = 1000 package name = android
09-20 11:29:52.230 I/ServiceKeeper(  485): In getpackagename pid = 485 uid = 1000 package name = android
09-20 11:29:52.330 V/AlarmManager(  485): waitForAlarm result :8
09-20 11:29:52.350 I/ServiceKeeper(  485): In getpackagename pid = 485 uid = 1000 package name = android
09-20 11:29:52.350 I/ServiceKeeper(  485): In getpackagename pid = 485 uid = 1000 package name = android
09-20 11:29:52.450 V/AlarmManager(  485): waitForAlarm result :8
09-20 11:29:52.480 I/ServiceKeeper(  485): In getpackagename pid = 485 uid = 1000 package name = android
09-20 11:29:52.490 I/ServiceKeeper(  485): In getpackagename pid = 485 uid = 1000 package name = android
09-20 11:29:52.570 V/AlarmManager(  485): waitForAlarm result :8
09-20 11:29:52.580 I/ServiceKeeper(  485): In getpackagename pid = 485 uid = 1000 package name = android
09-20 11:29:52.580 I/ServiceKeeper(  485): In getpackagename pid = 485 uid = 1000 package name = android
09-20 11:29:52.700 V/AlarmManager(  485): waitForAlarm result :8
09-20 11:29:52.710 I/ServiceKeeper(  485): In getpackagename pid = 485 uid = 1000 package name = android
09-20 11:29:52.710 I/ServiceKeeper(  485): In getpackagename pid = 485 uid = 1000 package name = android
09-20 11:29:52.760 E/SMD     (  168): DCD ON
09-20 11:29:52.810 V/AlarmManager(  485): waitForAlarm result :8
09-20 11:29:52.830 I/ServiceKeeper(  485): In getpackagename pid = 485 uid = 1000 package name = android
09-20 11:29:52.830 I/ServiceKeeper(  485): In getpackagename pid = 485 uid = 1000 package name = android
09-20 11:29:52.930 V/AlarmManager(  485): waitForAlarm result :8
09-20 11:29:52.950 I/ServiceKeeper(  485): In getpackagename pid = 485 uid = 1000 package name = android
09-20 11:29:52.950 I/ServiceKeeper(  485): In getpackagename pid = 485 uid = 1000 package name = android
09-20 11:29:53.060 V/AlarmManager(  485): waitForAlarm result :8
09-20 11:29:53.070 I/ServiceKeeper(  485): In getpackagename pid = 485 uid = 1000 package name = android
09-20 11:29:53.070 I/ServiceKeeper(  485): In getpackagename pid = 485 uid = 1000 package name = android
09-20 11:29:53.171 V/AlarmManager(  485): waitForAlarm result :8
09-20 11:29:53.201 I/ServiceKeeper(  485): In getpackagename pid = 485 uid = 1000 package name = android
09-20 11:29:53.201 I/ServiceKeeper(  485): In getpackagename pid = 485 uid = 1000 package name = android
09-20 11:29:53.291 V/AlarmManager(  485): waitForAlarm result :8
09-20 11:29:53.301 I/ServiceKeeper(  485): In getpackagename pid = 485 uid = 1000 package name = android
09-20 11:29:53.321 I/ServiceKeeper(  485): In getpackagename pid = 485 uid = 1000 package name = android
09-20 11:29:53.421 V/AlarmManager(  485): waitForAlarm result :8
09-20 11:29:53.441 I/ServiceKeeper(  485): In getpackagename pid = 485 uid = 1000 package name = android
09-20 11:29:53.441 I/ServiceKeeper(  485): In getpackagename pid = 485 uid = 1000 package name = android
09-20 11:29:53.531 V/AlarmManager(  485): waitForAlarm result :8
09-20 11:29:53.551 I/ServiceKeeper(  485): In getpackagename pid = 485 uid = 1000 package name = android
09-20 11:29:53.551 I/ServiceKeeper(  485): In getpackagename pid = 485 uid = 1000 package name = android
09-20 11:29:53.651 V/AlarmManager(  485): waitForAlarm result :8
09-20 11:29:53.671 I/ServiceKeeper(  485): In getpackagename pid = 485 uid = 1000 package name = android
09-20 11:29:53.671 I/ServiceKeeper(  485): In getpackagename pid = 485 uid = 1000 package name = android
09-20 11:29:53.721 D/STATUSBAR-NetworkController(  961): onSignalStrengthsChanged signalStrength=SignalStrength: 14 -1 -1 -1 -1 -1 -1 99 2147483647 2147483647 2147483647 -1 2147483647 gsm|lte 0x4 level=4
09-20 11:29:53.781 V/AlarmManager(  485): waitForAlarm result :8
09-20 11:29:53.831 I/ServiceKeeper(  485): In getpackagename pid = 485 uid = 1000 package name = android
09-20 11:29:53.831 I/ServiceKeeper(  485): In getpackagename pid = 485 uid = 1000 package name = android
09-20 11:29:53.831 I/ServiceKeeper(  485): In getpackagename pid = 485 uid = 1000 package name = android
09-20 11:29:53.831 I/ServiceKeeper(  485): In getpackagename pid = 485 uid = 1000 package name = android
09-20 11:29:53.831 I/ServiceKeeper(  485): In getpackagename pid = 485 uid = 1000 package name = android
09-20 11:29:53.831 I/ServiceKeeper(  485): In getpackagename pid = 485 uid = 1000 package name = android
09-20 11:29:53.831 I/ServiceKeeper(  485): In getpackagename pid = 485 uid = 1000 package name = android
09-20 11:29:53.831 I/ServiceKeeper(  485): In getpackagename pid = 485 uid = 1000 package name = android
09-20 11:29:53.831 I/ServiceKeeper(  485): In getpackagename pid = 485 uid = 1000 package name = android
09-20 11:29:53.831 I/ServiceKeeper(  485): In getpackagename pid = 485 uid = 1000 package name = android
09-20 11:29:53.831 I/ServiceKeeper(  485): In getpackagename pid = 485 uid = 1000 package name = android
09-20 11:29:53.831 I/ServiceKeeper(  485): In getpackagename pid = 485 uid = 1000 package name = android
09-20 11:29:53.831 I/ServiceKeeper(  485): In getpackagename pid = 485 uid = 1000 package name = android
09-20 11:29:53.831 I/ServiceKeeper(  485): In getpackagename pid = 485 uid = 1000 package name = android
09-20 11:29:53.831 I/ServiceKeeper(  485): In getpackagename pid = 485 uid = 1000 package name = android
09-20 11:29:53.831 I/ServiceKeeper(  485): In getpackagename pid = 485 uid = 1000 package name = android
09-20 11:29:53.901 V/AlarmManager(  485): waitForAlarm result :8
09-20 11:29:53.901 I/ServiceKeeper(  485): In getpackagename pid = 485 uid = 1000 package name = android
09-20 11:29:53.901 I/ServiceKeeper(  485): In getpackagename pid = 485 uid = 1000 package name = android
09-20 11:29:54.011 V/AlarmManager(  485): waitForAlarm result :8
09-20 11:29:54.031 I/ServiceKeeper(  485): In getpackagename pid = 485 uid = 1000 package name = android
09-20 11:29:54.031 I/ServiceKeeper(  485): In getpackagename pid = 485 uid = 1000 package name = android
09-20 11:29:54.142 V/AlarmManager(  485): waitForAlarm result :8
09-20 11:29:54.152 I/ServiceKeeper(  485): In getpackagename pid = 485 uid = 1000 package name = android
09-20 11:29:54.152 I/ServiceKeeper(  485): In getpackagename pid = 485 uid = 1000 package name = android
09-20 11:29:54.262 V/AlarmManager(  485): waitForAlarm result :8
09-20 11:29:54.272 I/ServiceKeeper(  485): In getpackagename pid = 485 uid = 1000 package name = android
09-20 11:29:54.272 I/ServiceKeeper(  485): In getpackagename pid = 485 uid = 1000 package name = android
09-20 11:29:54.372 V/AlarmManager(  485): waitForAlarm result :8
09-20 11:29:54.382 I/ServiceKeeper(  485): In getpackagename pid = 485 uid = 1000 package name = android
09-20 11:29:54.392 I/ServiceKeeper(  485): In getpackagename pid = 485 uid = 1000 package name = android
09-20 11:29:54.492 V/AlarmManager(  485): waitForAlarm result :8
09-20 11:29:54.502 I/ServiceKeeper(  485): In getpackagename pid = 485 uid = 1000 package name = android
09-20 11:29:54.502 I/ServiceKeeper(  485): In getpackagename pid = 485 uid = 1000 package name = android
09-20 11:29:54.612 V/AlarmManager(  485): waitForAlarm result :8
09-20 11:29:54.632 I/ServiceKeeper(  485): In getpackagename pid = 485 uid = 1000 package name = android
09-20 11:29:54.632 I/ServiceKeeper(  485): In getpackagename pid = 485 uid = 1000 package name = android
09-20 11:29:54.732 V/AlarmManager(  485): waitForAlarm result :8
09-20 11:29:54.752 I/ServiceKeeper(  485): In getpackagename pid = 485 uid = 1000 package name = android
09-20 11:29:54.752 I/ServiceKeeper(  485): In getpackagename pid = 485 uid = 1000 package name = android
09-20 11:29:54.852 V/AlarmManager(  485): waitForAlarm result :8
09-20 11:29:54.872 I/ServiceKeeper(  485): In getpackagename pid = 485 uid = 1000 package name = android
09-20 11:29:54.872 I/ServiceKeeper(  485): In getpackagename pid = 485 uid = 1000 package name = android
09-20 11:29:54.972 V/AlarmManager(  485): waitForAlarm result :8
09-20 11:29:54.992 I/ServiceKeeper(  485): In getpackagename pid = 485 uid = 1000 package name = android
09-20 11:29:54.992 I/ServiceKeeper(  485): In getpackagename pid = 485 uid = 1000 package name = android
09-20 11:29:55.093 V/AlarmManager(  485): waitForAlarm result :8
09-20 11:29:55.113 I/ServiceKeeper(  485): In getpackagename pid = 485 uid = 1000 package name = android
09-20 11:29:55.113 I/ServiceKeeper(  485): In getpackagename pid = 485 uid = 1000 package name = android
09-20 11:29:55.213 V/AlarmManager(  485): waitForAlarm result :8
09-20 11:29:55.233 I/ServiceKeeper(  485): In getpackagename pid = 485 uid = 1000 package name = android
09-20 11:29:55.233 I/ServiceKeeper(  485): In getpackagename pid = 485 uid = 1000 package name = android
09-20 11:29:55.333 V/AlarmManager(  485): waitForAlarm result :8
09-20 11:29:55.353 I/ServiceKeeper(  485): In getpackagename pid = 485 uid = 1000 package name = android
09-20 11:29:55.353 I/ServiceKeeper(  485): In getpackagename pid = 485 uid = 1000 package name = android
09-20 11:29:55.453 V/AlarmManager(  485): waitForAlarm result :8
09-20 11:29:55.473 I/ServiceKeeper(  485): In getpackagename pid = 485 uid = 1000 package name = android
09-20 11:29:55.473 I/ServiceKeeper(  485): In getpackagename pid = 485 uid = 1000 package name = android
09-20 11:29:55.573 V/AlarmManager(  485): waitForAlarm result :8
09-20 11:29:55.593 I/ServiceKeeper(  485): In getpackagename pid = 485 uid = 1000 package name = android
09-20 11:29:55.593 I/ServiceKeeper(  485): In getpackagename pid = 485 uid = 1000 package name = android
09-20 11:29:55.693 V/AlarmManager(  485): waitForAlarm result :8
09-20 11:29:55.713 I/ServiceKeeper(  485): In getpackagename pid = 485 uid = 1000 package name = android
09-20 11:29:55.713 I/ServiceKeeper(  485): In getpackagename pid = 485 uid = 1000 package name = android
09-20 11:29:55.763 E/SMD     (  168): DCD ON
09-20 11:29:55.813 V/AlarmManager(  485): waitForAlarm result :8
09-20 11:29:55.833 I/ServiceKeeper(  485): In getpackagename pid = 485 uid = 1000 package name = android
09-20 11:29:55.833 I/ServiceKeeper(  485): In getpackagename pid = 485 uid = 1000 package name = android
09-20 11:29:55.934 V/AlarmManager(  485): waitForAlarm result :8
09-20 11:29:55.954 I/ServiceKeeper(  485): In getpackagename pid = 485 uid = 1000 package name = android
09-20 11:29:55.954 I/ServiceKeeper(  485): In getpackagename pid = 485 uid = 1000 package name = android
09-20 11:29:56.054 V/AlarmManager(  485): waitForAlarm result :8
09-20 11:29:56.074 I/ServiceKeeper(  485): In getpackagename pid = 485 uid = 1000 package name = android
09-20 11:29:56.074 I/ServiceKeeper(  485): In getpackagename pid = 485 uid = 1000 package name = android
09-20 11:29:56.174 V/AlarmManager(  485): waitForAlarm result :8
09-20 11:29:56.194 I/ServiceKeeper(  485): In getpackagename pid = 485 uid = 1000 package name = android
09-20 11:29:56.194 I/ServiceKeeper(  485): In getpackagename pid = 485 uid = 1000 package name = android
09-20 11:29:56.294 V/AlarmManager(  485): waitForAlarm result :8
09-20 11:29:56.314 I/ServiceKeeper(  485): In getpackagename pid = 485 uid = 1000 package name = android
09-20 11:29:56.314 I/ServiceKeeper(  485): In getpackagename pid = 485 uid = 1000 package name = android
09-20 11:29:56.414 V/AlarmManager(  485): waitForAlarm result :8
09-20 11:29:56.454 I/ServiceKeeper(  485): In getpackagename pid = 485 uid = 1000 package name = android
09-20 11:29:56.454 I/ServiceKeeper(  485): In getpackagename pid = 485 uid = 1000 package name = android
09-20 11:29:56.534 V/AlarmManager(  485): waitForAlarm result :8
09-20 11:29:56.544 D/STATUSBAR-NetworkController(  961): refreshSignalCluster - setNWBoosterIndicators(false)
09-20 11:29:56.544 D/STATUSBAR-NetworkController(  961): refreshSignalCluster: data=0 bt=false
