09-20 11:28:20.412 V/AlarmManager(  485): waitForAlarm result :8
09-20 11:28:20.532 V/AlarmManager(  485): waitForAlarm result :8
09-20 11:28:20.652 V/AlarmManager(  485): waitForAlarm result :8
09-20 11:28:20.772 V/AlarmManager(  485): waitForAlarm result :8
09-20 11:28:20.892 V/AlarmManager(  485): waitForAlarm result :8
09-20 11:28:21.012 V/AlarmManager(  485): waitForAlarm result :8
09-20 11:28:21.132 V/AlarmManager(  485): waitForAlarm result :8
09-20 11:28:21.252 V/AlarmManager(  485): waitForAlarm result :8
09-20 11:28:21.373 V/AlarmManager(  485): waitForAlarm result :8
09-20 11:28:21.493 V/AlarmManager(  485): waitForAlarm result :8
09-20 11:28:21.613 V/AlarmManager(  485): waitForAlarm result :8
09-20 11:28:21.733 V/AlarmManager(  485): waitForAlarm result :8
09-20 11:28:21.853 V/AlarmManager(  485): waitForAlarm result :8
09-20 11:28:21.973 V/AlarmManager(  485): waitForAlarm result :8
09-20 11:28:22.093 V/AlarmManager(  485): waitForAlarm result :8
09-20 11:28:22.213 V/AlarmManager(  485): waitForAlarm result :8
09-20 11:28:22.334 V/AlarmManager(  485): waitForAlarm result :8
09-20 11:28:22.454 V/AlarmManager(  485): waitForAlarm result :8
09-20 11:28:22.574 V/AlarmManager(  485): waitForAlarm result :8
09-20 11:28:22.694 V/AlarmManager(  485): waitForAlarm result :8
09-20 11:28:22.814 V/AlarmManager(  485): waitForAlarm result :8
09-20 11:28:22.934 V/AlarmManager(  485): waitForAlarm result :8
09-20 11:28:23.054 V/AlarmManager(  485): waitForAlarm result :8
09-20 11:28:23.175 V/AlarmManager(  485): waitForAlarm result :8
09-20 11:28:23.295 V/AlarmManager(  485): waitForAlarm result :8
09-20 11:28:23.415 V/AlarmManager(  485): waitForAlarm result :8
09-20 11:28:23.535 V/AlarmManager(  485): waitForAlarm result :8
09-20 11:28:23.655 V/AlarmManager(  485): waitForAlarm result :8
09-20 11:28:23.775 V/AlarmManager(  485): waitForAlarm result :8
09-20 11:28:23.895 V/AlarmManager(  485): waitForAlarm result :8
09-20 11:28:24.015 V/AlarmManager(  485): waitForAlarm result :8
09-20 11:28:24.136 V/AlarmManager(  485): waitForAlarm result :8
09-20 11:28:24.256 V/AlarmManager(  485): waitForAlarm result :8
09-20 11:28:24.376 V/AlarmManager(  485): waitForAlarm result :8
09-20 11:28:24.496 V/AlarmManager(  485): waitForAlarm result :8
09-20 11:28:24.556 D/STATUSBAR-NetworkController(  961): refreshSignalCluster - setNWBoosterIndicators(false)
09-20 11:28:24.566 D/STATUSBAR-NetworkController(  961): refreshSignalCluster: data=0 bt=false
09-20 11:28:24.586 D/STATUSBAR-IconMerger(  961): checkOverflow(240), More:false, Req:false Child:3
09-20 11:28:24.616 V/AlarmManager(  485): waitForAlarm result :8
09-20 11:28:24.736 V/AlarmManager(  485): waitForAlarm result :8
09-20 11:28:24.856 V/AlarmManager(  485): waitForAlarm result :8
09-20 11:28:24.976 V/AlarmManager(  485): waitForAlarm result :8
09-20 11:28:25.097 V/AlarmManager(  485): waitForAlarm result :8
09-20 11:28:25.217 V/AlarmManager(  485): waitForAlarm result :8
09-20 11:28:25.337 V/AlarmManager(  485): waitForAlarm result :8
09-20 11:28:25.457 V/AlarmManager(  485): waitForAlarm result :8
09-20 11:28:25.567 D/STATUSBAR-NetworkController(  961): refreshSignalCluster - setNWBoosterIndicators(false)
09-20 11:28:25.567 D/STATUSBAR-NetworkController(  961): refreshSignalCluster: data=0 bt=false
09-20 11:28:25.577 D/STATUSBAR-IconMerger(  961): checkOverflow(240), More:false, Req:false Child:3
09-20 11:28:25.577 V/AlarmManager(  485): waitForAlarm result :8
09-20 11:28:25.697 V/AlarmManager(  485): waitForAlarm result :8
09-20 11:28:25.817 V/AlarmManager(  485): waitForAlarm result :8
09-20 11:28:25.937 V/AlarmManager(  485): waitForAlarm result :8
09-20 11:28:26.058 V/AlarmManager(  485): waitForAlarm result :8
09-20 11:28:26.178 V/AlarmManager(  485): waitForAlarm result :8
09-20 11:28:26.298 V/AlarmManager(  485): waitForAlarm result :8
09-20 11:28:26.388 D/SSRMv2:SIOP(  485): SIOP:: AP = 320, Delta = 0
09-20 11:28:26.418 V/AlarmManager(  485): waitForAlarm result :8
09-20 11:28:26.538 V/AlarmManager(  485): waitForAlarm result :8
09-20 11:28:26.658 V/AlarmManager(  485): waitForAlarm result :8
09-20 11:28:26.778 V/AlarmManager(  485): waitForAlarm result :8
09-20 11:28:26.898 V/AlarmManager(  485): waitForAlarm result :8
09-20 11:28:27.019 V/AlarmManager(  485): waitForAlarm result :8
09-20 11:28:27.139 V/AlarmManager(  485): waitForAlarm result :8
09-20 11:28:27.259 V/AlarmManager(  485): waitForAlarm result :8
09-20 11:28:27.379 V/AlarmManager(  485): waitForAlarm result :8
09-20 11:28:27.499 V/AlarmManager(  485): waitForAlarm result :8
09-20 11:28:27.599 D/STATUSBAR-NetworkController(  961): refreshSignalCluster - setNWBoosterIndicators(false)
09-20 11:28:27.599 D/STATUSBAR-NetworkController(  961): refreshSignalCluster: data=0 bt=false
09-20 11:28:27.609 V/AlarmManager(  485): waitForAlarm result :8
09-20 11:28:27.619 D/STATUSBAR-IconMerger(  961): checkOverflow(240), More:false, Req:false Child:3
09-20 11:28:27.739 V/AlarmManager(  485): waitForAlarm result :8
09-20 11:28:27.850 V/AlarmManager(  485): waitForAlarm result :8
09-20 11:28:27.980 V/AlarmManager(  485): waitForAlarm result :8
09-20 11:28:28.090 V/AlarmManager(  485): waitForAlarm result :8
09-20 11:28:28.220 V/AlarmManager(  485): waitForAlarm result :8
09-20 11:28:28.330 V/AlarmManager(  485): waitForAlarm result :8
09-20 11:28:28.450 V/AlarmManager(  485): waitForAlarm result :8
09-20 11:28:28.580 V/AlarmManager(  485): waitForAlarm result :8
09-20 11:28:28.650 D/STATUSBAR-NetworkController(  961): refreshSignalCluster - setNWBoosterIndicators(false)
09-20 11:28:28.650 D/STATUSBAR-NetworkController(  961): refreshSignalCluster: data=0 bt=false
09-20 11:28:28.660 D/STATUSBAR-IconMerger(  961): checkOverflow(240), More:false, Req:false Child:3
09-20 11:28:28.690 V/AlarmManager(  485): waitForAlarm result :8
09-20 11:28:28.811 V/AlarmManager(  485): waitForAlarm result :8
09-20 11:28:28.931 V/AlarmManager(  485): waitForAlarm result :8
09-20 11:28:29.051 V/AlarmManager(  485): waitForAlarm result :8
09-20 11:28:29.181 V/AlarmManager(  485): waitForAlarm result :8
09-20 11:28:29.291 V/AlarmManager(  485): waitForAlarm result :8
09-20 11:28:29.421 V/AlarmManager(  485): waitForAlarm result :8
09-20 11:28:29.541 V/AlarmManager(  485): waitForAlarm result :8
09-20 11:28:29.661 V/AlarmManager(  485): waitForAlarm result :8
09-20 11:28:29.772 V/AlarmManager(  485): waitForAlarm result :8
09-20 11:28:29.892 V/AlarmManager(  485): waitForAlarm result :8
09-20 11:28:30.012 V/AlarmManager(  485): waitForAlarm result :8
09-20 11:28:30.132 V/AlarmManager(  485): waitForAlarm result :8
09-20 11:28:30.252 V/AlarmManager(  485): waitForAlarm result :8
09-20 11:28:30.372 V/AlarmManager(  485): waitForAlarm result :8
09-20 11:28:30.492 V/AlarmManager(  485): waitForAlarm result :8
09-20 11:28:30.612 V/AlarmManager(  485): waitForAlarm result :8
09-20 11:28:30.733 V/AlarmManager(  485): waitForAlarm result :8
09-20 11:28:30.853 V/AlarmManager(  485): waitForAlarm result :8
09-20 11:28:30.973 V/AlarmManager(  485): waitForAlarm result :8
09-20 11:28:31.093 V/AlarmManager(  485): waitForAlarm result :8
09-20 11:28:31.213 V/AlarmManager(  485): waitForAlarm result :8
09-20 11:28:31.333 V/AlarmManager(  485): waitForAlarm result :8
09-20 11:28:31.453 V/AlarmManager(  485): waitForAlarm result :8
09-20 11:28:31.573 V/AlarmManager(  485): waitForAlarm result :8
09-20 11:28:31.694 V/AlarmManager(  485): waitForAlarm result :8
09-20 11:28:31.814 V/AlarmManager(  485): waitForAlarm result :8
09-20 11:28:31.934 V/AlarmManager(  485): waitForAlarm result :8
09-20 11:28:32.054 V/AlarmManager(  485): waitForAlarm result :8
09-20 11:28:32.174 V/AlarmManager(  485): waitForAlarm result :8
09-20 11:28:32.294 V/AlarmManager(  485): waitForAlarm result :8
09-20 11:28:32.414 V/AlarmManager(  485): waitForAlarm result :8
09-20 11:28:32.535 V/AlarmManager(  485): waitForAlarm result :8
09-20 11:28:32.655 V/AlarmManager(  485): waitForAlarm result :8
09-20 11:28:32.775 V/AlarmManager(  485): waitForAlarm result :8
09-20 11:28:32.895 V/AlarmManager(  485): waitForAlarm result :8
09-20 11:28:33.015 V/AlarmManager(  485): waitForAlarm result :8
09-20 11:28:33.135 V/AlarmManager(  485): waitForAlarm result :8
09-20 11:28:33.255 V/AlarmManager(  485): waitForAlarm result :8
09-20 11:28:33.375 V/AlarmManager(  485): waitForAlarm result :8
09-20 11:28:33.496 V/AlarmManager(  485): waitForAlarm result :8
09-20 11:28:33.616 V/AlarmManager(  485): waitForAlarm result :8
09-20 11:28:33.716 D/STATUSBAR-NetworkController(  961): refreshSignalCluster - setNWBoosterIndicators(false)
09-20 11:28:33.716 D/STATUSBAR-NetworkController(  961): refreshSignalCluster: data=0 bt=false
09-20 11:28:33.736 D/STATUSBAR-IconMerger(  961): checkOverflow(240), More:false, Req:false Child:3
09-20 11:28:33.736 V/AlarmManager(  485): waitForAlarm result :8
09-20 11:28:33.856 V/AlarmManager(  485): waitForAlarm result :8
09-20 11:28:33.976 V/AlarmManager(  485): waitForAlarm result :8
09-20 11:28:34.096 V/AlarmManager(  485): waitForAlarm result :8
09-20 11:28:34.216 V/AlarmManager(  485): waitForAlarm result :8
09-20 11:28:34.336 V/AlarmManager(  485): waitForAlarm result :8
09-20 11:28:34.457 V/AlarmManager(  485): waitForAlarm result :8
09-20 11:28:34.577 V/AlarmManager(  485): waitForAlarm result :8
09-20 11:28:34.697 V/AlarmManager(  485): waitForAlarm result :8
09-20 11:28:34.777 D/STATUSBAR-NetworkController(  961): refreshSignalCluster - setNWBoosterIndicators(false)
09-20 11:28:34.777 D/STATUSBAR-NetworkController(  961): refreshSignalCluster: data=0 bt=false
09-20 11:28:34.797 D/STATUSBAR-IconMerger(  961): checkOverflow(240), More:false, Req:false Child:3
09-20 11:28:34.817 V/AlarmManager(  485): waitForAlarm result :8
09-20 11:28:34.937 V/AlarmManager(  485): waitForAlarm result :8
09-20 11:28:35.057 V/AlarmManager(  485): waitForAlarm result :8
09-20 11:28:35.177 V/AlarmManager(  485): waitForAlarm result :8
09-20 11:28:35.297 V/AlarmManager(  485): waitForAlarm result :8
09-20 11:28:35.418 V/AlarmManager(  485): waitForAlarm result :8
09-20 11:28:35.538 V/AlarmManager(  485): waitForAlarm result :8
09-20 11:28:35.658 V/AlarmManager(  485): waitForAlarm result :8
09-20 11:28:35.778 V/AlarmManager(  485): waitForAlarm result :8
09-20 11:28:35.828 D/STATUSBAR-NetworkController(  961): refreshSignalCluster - setNWBoosterIndicators(false)
09-20 11:28:35.828 D/STATUSBAR-NetworkController(  961): refreshSignalCluster: data=0 bt=false
09-20 11:28:35.848 D/STATUSBAR-IconMerger(  961): checkOverflow(240), More:false, Req:false Child:3
09-20 11:28:35.898 V/AlarmManager(  485): waitForAlarm result :8
09-20 11:28:36.018 V/AlarmManager(  485): waitForAlarm result :8
09-20 11:28:36.138 V/AlarmManager(  485): waitForAlarm result :8
09-20 11:28:36.258 V/AlarmManager(  485): waitForAlarm result :8
09-20 11:28:36.379 V/AlarmManager(  485): waitForAlarm result :8
09-20 11:28:36.449 D/SSRMv2:SIOP(  485): SIOP:: AP = 320, Delta = 0
09-20 11:28:36.499 V/AlarmManager(  485): waitForAlarm result :8
09-20 11:28:36.619 V/AlarmManager(  485): waitForAlarm result :8
09-20 11:28:36.739 V/AlarmManager(  485): waitForAlarm result :8
09-20 11:28:36.839 D/STATUSBAR-NetworkController(  961): refreshSignalCluster - setNWBoosterIndicators(false)
09-20 11:28:36.839 D/STATUSBAR-NetworkController(  961): refreshSignalCluster: data=0 bt=false
09-20 11:28:36.849 D/STATUSBAR-IconMerger(  961): checkOverflow(240), More:false, Req:false Child:3
09-20 11:28:36.859 V/AlarmManager(  485): waitForAlarm result :8
09-20 11:28:36.969 V/AlarmManager(  485): waitForAlarm result :8
09-20 11:28:37.099 V/AlarmManager(  485): waitForAlarm result :8
09-20 11:28:37.220 V/AlarmManager(  485): waitForAlarm result :8
09-20 11:28:37.330 V/AlarmManager(  485): waitForAlarm result :8
09-20 11:28:37.460 V/AlarmManager(  485): waitForAlarm result :8
09-20 11:28:37.570 V/AlarmManager(  485): waitForAlarm result :8
09-20 11:28:37.690 V/AlarmManager(  485): waitForAlarm result :8
09-20 11:28:37.810 V/AlarmManager(  485): waitForAlarm result :8
09-20 11:28:37.930 V/AlarmManager(  485): waitForAlarm result :8
09-20 11:28:38.060 V/AlarmManager(  485): waitForAlarm result :8
09-20 11:28:38.181 V/AlarmManager(  485): waitForAlarm result :8
09-20 11:28:38.291 V/AlarmManager(  485): waitForAlarm result :8
09-20 11:28:38.411 V/AlarmManager(  485): waitForAlarm result :8
09-20 11:28:38.541 V/AlarmManager(  485): waitForAlarm result :8
09-20 11:28:38.651 V/AlarmManager(  485): waitForAlarm result :8
09-20 11:28:38.771 V/AlarmManager(  485): waitForAlarm result :8
09-20 11:28:38.891 V/AlarmManager(  485): waitForAlarm result :8
09-20 11:28:39.011 V/AlarmManager(  485): waitForAlarm result :8
09-20 11:28:39.132 V/AlarmManager(  485): waitForAlarm result :8
09-20 11:28:39.262 V/AlarmManager(  485): waitForAlarm result :8
09-20 11:28:39.372 V/AlarmManager(  485): waitForAlarm result :8
09-20 11:28:39.492 V/AlarmManager(  485): waitForAlarm result :8
09-20 11:28:39.612 V/AlarmManager(  485): waitForAlarm result :8
09-20 11:28:39.732 V/AlarmManager(  485): waitForAlarm result :8
09-20 11:28:39.852 V/AlarmManager(  485): waitForAlarm result :8
09-20 11:28:39.972 V/AlarmManager(  485): waitForAlarm result :8
09-20 11:28:40.093 V/AlarmManager(  485): waitForAlarm result :8
09-20 11:28:40.213 V/AlarmManager(  485): waitForAlarm result :8
09-20 11:28:40.333 V/AlarmManager(  485): waitForAlarm result :8
09-20 11:28:40.453 V/AlarmManager(  485): waitForAlarm result :8
09-20 11:28:40.573 V/AlarmManager(  485): waitForAlarm result :8
09-20 11:28:40.693 V/AlarmManager(  485): waitForAlarm result :8
09-20 11:28:40.813 V/AlarmManager(  485): waitForAlarm result :8
09-20 11:28:40.933 V/AlarmManager(  485): waitForAlarm result :8
09-20 11:28:41.054 V/AlarmManager(  485): waitForAlarm result :8
09-20 11:28:41.184 V/AlarmManager(  485): waitForAlarm result :8
09-20 11:28:41.294 V/AlarmManager(  485): waitForAlarm result :8
09-20 11:28:41.414 V/AlarmManager(  485): waitForAlarm result :8
09-20 11:28:41.534 V/AlarmManager(  485): waitForAlarm result :8
09-20 11:28:41.654 V/AlarmManager(  485): waitForAlarm result :8
09-20 11:28:41.774 V/AlarmManager(  485): waitForAlarm result :8
09-20 11:28:41.894 V/AlarmManager(  485): waitForAlarm result :8
09-20 11:28:42.015 V/AlarmManager(  485): waitForAlarm result :8
09-20 11:28:42.135 V/AlarmManager(  485): waitForAlarm result :8
09-20 11:28:42.255 V/AlarmManager(  485): waitForAlarm result :8
09-20 11:28:42.375 V/AlarmManager(  485): waitForAlarm result :8
09-20 11:28:42.495 V/AlarmManager(  485): waitForAlarm result :8
09-20 11:28:42.615 V/AlarmManager(  485): waitForAlarm result :8
09-20 11:28:42.645 E/Watchdog(  485): !@Sync 36
09-20 11:28:42.735 V/AlarmManager(  485): waitForAlarm result :8
09-20 11:28:42.856 V/AlarmManager(  485): waitForAlarm result :8
09-20 11:28:42.976 V/AlarmManager(  485): waitForAlarm result :8
09-20 11:28:43.096 V/AlarmManager(  485): waitForAlarm result :8
09-20 11:28:43.216 V/AlarmManager(  485): waitForAlarm result :8
09-20 11:28:43.336 V/AlarmManager(  485): waitForAlarm result :8
09-20 11:28:43.456 V/AlarmManager(  485): waitForAlarm result :8
09-20 11:28:43.576 V/AlarmManager(  485): waitForAlarm result :8
09-20 11:28:43.696 V/AlarmManager(  485): waitForAlarm result :8
09-20 11:28:43.817 V/AlarmManager(  485): waitForAlarm result :8
09-20 11:28:43.937 V/AlarmManager(  485): waitForAlarm result :8
09-20 11:28:44.057 V/AlarmManager(  485): waitForAlarm result :8
09-20 11:28:44.177 V/AlarmManager(  485): waitForAlarm result :8
09-20 11:28:44.297 V/AlarmManager(  485): waitForAlarm result :8
09-20 11:28:44.417 V/AlarmManager(  485): waitForAlarm result :8
09-20 11:28:44.537 V/AlarmManager(  485): waitForAlarm result :8
09-20 11:28:44.657 V/AlarmManager(  485): waitForAlarm result :8
09-20 11:28:44.778 V/AlarmManager(  485): waitForAlarm result :8
09-20 11:28:44.898 V/AlarmManager(  485): waitForAlarm result :8
09-20 11:28:45.018 V/AlarmManager(  485): waitForAlarm result :8
09-20 11:28:45.138 V/AlarmManager(  485): waitForAlarm result :8
09-20 11:28:45.258 V/AlarmManager(  485): waitForAlarm result :8
09-20 11:28:45.378 V/AlarmManager(  485): waitForAlarm result :8
09-20 11:28:45.498 V/AlarmManager(  485): waitForAlarm result :8
09-20 11:28:45.618 V/AlarmManager(  485): waitForAlarm result :8
09-20 11:28:45.739 V/AlarmManager(  485): waitForAlarm result :8
09-20 11:28:45.859 V/AlarmManager(  485): waitForAlarm result :8
09-20 11:28:45.979 V/AlarmManager(  485): waitForAlarm result :8
09-20 11:28:46.099 V/AlarmManager(  485): waitForAlarm result :8
09-20 11:28:46.219 V/AlarmManager(  485): waitForAlarm result :8
09-20 11:28:46.329 V/AlarmManager(  485): waitForAlarm result :8
09-20 11:28:46.449 V/AlarmManager(  485): waitForAlarm result :8
09-20 11:28:46.489 D/SSRMv2:SIOP(  485): SIOP:: AP = 320, Delta = 0
09-20 11:28:46.569 V/AlarmManager(  485): waitForAlarm result :8
09-20 11:28:46.700 V/AlarmManager(  485): waitForAlarm result :8
09-20 11:28:46.810 V/AlarmManager(  485): waitForAlarm result :8
09-20 11:28:46.930 V/AlarmManager(  485): waitForAlarm result :8
09-20 11:28:47.060 V/AlarmManager(  485): waitForAlarm result :8
09-20 11:28:47.170 V/AlarmManager(  485): waitForAlarm result :8
09-20 11:28:47.290 V/AlarmManager(  485): waitForAlarm result :8
09-20 11:28:47.420 V/AlarmManager(  485): waitForAlarm result :8
09-20 11:28:47.541 V/AlarmManager(  485): waitForAlarm result :8
09-20 11:28:47.661 V/AlarmManager(  485): waitForAlarm result :8
09-20 11:28:47.771 V/AlarmManager(  485): waitForAlarm result :8
09-20 11:28:47.891 V/AlarmManager(  485): waitForAlarm result :8
09-20 11:28:48.021 V/AlarmManager(  485): waitForAlarm result :8
09-20 11:28:48.141 V/AlarmManager(  485): waitForAlarm result :8
09-20 11:28:48.251 V/AlarmManager(  485): waitForAlarm result :8
09-20 11:28:48.281 D/STATUSBAR-NetworkController(  961): onSignalStrengthsChanged signalStrength=SignalStrength: 14 -1 -1 -1 -1 -1 -1 99 2147483647 2147483647 2147483647 -1 2147483647 gsm|lte 0x4 level=4
09-20 11:28:48.381 V/AlarmManager(  485): waitForAlarm result :8
09-20 11:28:48.492 V/AlarmManager(  485): waitForAlarm result :8
09-20 11:28:48.612 V/AlarmManager(  485): waitForAlarm result :8
09-20 11:28:48.732 V/AlarmManager(  485): waitForAlarm result :8
09-20 11:28:48.852 V/AlarmManager(  485): waitForAlarm result :8
09-20 11:28:48.972 V/AlarmManager(  485): waitForAlarm result :8
09-20 11:28:49.092 V/AlarmManager(  485): waitForAlarm result :8
09-20 11:28:49.212 V/AlarmManager(  485): waitForAlarm result :8
09-20 11:28:49.332 V/AlarmManager(  485): waitForAlarm result :8
09-20 11:28:49.453 V/AlarmManager(  485): waitForAlarm result :8
09-20 11:28:49.573 V/AlarmManager(  485): waitForAlarm result :8
09-20 11:28:49.693 V/AlarmManager(  485): waitForAlarm result :8
09-20 11:28:49.813 V/AlarmManager(  485): waitForAlarm result :8
09-20 11:28:49.863 D/STATUSBAR-NetworkController(  961): refreshSignalCluster - setNWBoosterIndicators(false)
09-20 11:28:49.863 D/STATUSBAR-NetworkController(  961): refreshSignalCluster: data=0 bt=false
09-20 11:28:49.883 D/STATUSBAR-IconMerger(  961): checkOverflow(240), More:false, Req:false Child:3
09-20 11:28:49.933 V/AlarmManager(  485): waitForAlarm result :8
09-20 11:28:50.053 V/AlarmManager(  485): waitForAlarm result :8
09-20 11:28:50.173 V/AlarmManager(  485): waitForAlarm result :8
09-20 11:28:50.293 V/AlarmManager(  485): waitForAlarm result :8
09-20 11:28:50.414 V/AlarmManager(  485): waitForAlarm result :8
09-20 11:28:50.534 V/AlarmManager(  485): waitForAlarm result :8
09-20 11:28:50.654 V/AlarmManager(  485): waitForAlarm result :8
09-20 11:28:50.774 V/AlarmManager(  485): waitForAlarm result :8
09-20 11:28:50.894 V/AlarmManager(  485): waitForAlarm result :8
09-20 11:28:50.914 D/STATUSBAR-NetworkController(  961): refreshSignalCluster - setNWBoosterIndicators(false)
09-20 11:28:50.914 D/STATUSBAR-NetworkController(  961): refreshSignalCluster: data=0 bt=false
09-20 11:28:50.944 D/STATUSBAR-IconMerger(  961): checkOverflow(240), More:false, Req:false Child:3
09-20 11:28:51.014 V/AlarmManager(  485): waitForAlarm result :8
09-20 11:28:51.134 V/AlarmManager(  485): waitForAlarm result :8
09-20 11:28:51.254 V/AlarmManager(  485): waitForAlarm result :8
09-20 11:28:51.375 V/AlarmManager(  485): waitForAlarm result :8
09-20 11:28:51.495 V/AlarmManager(  485): waitForAlarm result :8
09-20 11:28:51.615 V/AlarmManager(  485): waitForAlarm result :8
09-20 11:28:51.735 V/AlarmManager(  485): waitForAlarm result :8
09-20 11:28:51.855 V/AlarmManager(  485): waitForAlarm result :8
09-20 11:28:51.975 V/AlarmManager(  485): waitForAlarm result :8
09-20 11:28:52.095 V/AlarmManager(  485): waitForAlarm result :8
09-20 11:28:52.216 V/AlarmManager(  485): waitForAlarm result :8
09-20 11:28:52.336 V/AlarmManager(  485): waitForAlarm result :8
09-20 11:28:52.456 V/AlarmManager(  485): waitForAlarm result :8
09-20 11:28:52.576 V/AlarmManager(  485): waitForAlarm result :8
09-20 11:28:52.696 V/AlarmManager(  485): waitForAlarm result :8
09-20 11:28:52.826 V/AlarmManager(  485): waitForAlarm result :8
09-20 11:28:52.936 V/AlarmManager(  485): waitForAlarm result :8
09-20 11:28:53.056 V/AlarmManager(  485): waitForAlarm result :8
09-20 11:28:53.177 V/AlarmManager(  485): waitForAlarm result :8
09-20 11:28:53.297 V/AlarmManager(  485): waitForAlarm result :8
09-20 11:28:53.417 V/AlarmManager(  485): waitForAlarm result :8
09-20 11:28:53.537 V/AlarmManager(  485): waitForAlarm result :8
09-20 11:28:53.657 V/AlarmManager(  485): waitForAlarm result :8
09-20 11:28:53.777 V/AlarmManager(  485): waitForAlarm result :8
09-20 11:28:53.897 V/AlarmManager(  485): waitForAlarm result :8
09-20 11:28:54.017 V/AlarmManager(  485): waitForAlarm result :8
09-20 11:28:54.138 V/AlarmManager(  485): waitForAlarm result :8
09-20 11:28:54.258 V/AlarmManager(  485): waitForAlarm result :8
09-20 11:28:54.378 V/AlarmManager(  485): waitForAlarm result :8
09-20 11:28:54.498 V/AlarmManager(  485): waitForAlarm result :8
09-20 11:28:54.618 V/AlarmManager(  485): waitForAlarm result :8
09-20 11:28:54.738 V/AlarmManager(  485): waitForAlarm result :8
09-20 11:28:54.858 V/AlarmManager(  485): waitForAlarm result :8
09-20 11:28:54.978 V/AlarmManager(  485): waitForAlarm result :8
09-20 11:28:55.099 V/AlarmManager(  485): waitForAlarm result :8
09-20 11:28:55.219 V/AlarmManager(  485): waitForAlarm result :8
09-20 11:28:55.339 V/AlarmManager(  485): waitForAlarm result :8
09-20 11:28:55.459 V/AlarmManager(  485): waitForAlarm result :8
09-20 11:28:55.579 V/AlarmManager(  485): waitForAlarm result :8
09-20 11:28:55.689 V/AlarmManager(  485): waitForAlarm result :8
09-20 11:28:55.809 V/AlarmManager(  485): waitForAlarm result :8
09-20 11:28:55.929 V/AlarmManager(  485): waitForAlarm result :8
09-20 11:28:55.949 D/STATUSBAR-NetworkController(  961): refreshSignalCluster - setNWBoosterIndicators(false)
09-20 11:28:55.949 D/STATUSBAR-NetworkController(  961): refreshSignalCluster: data=0 bt=false
09-20 11:28:55.960 D/STATUSBAR-IconMerger(  961): checkOverflow(240), More:false, Req:false Child:3
09-20 11:28:56.060 V/AlarmManager(  485): waitForAlarm result :8
09-20 11:28:56.170 V/AlarmManager(  485): waitForAlarm result :8
09-20 11:28:56.300 V/AlarmManager(  485): waitForAlarm result :8
09-20 11:28:56.410 V/AlarmManager(  485): waitForAlarm result :8
09-20 11:28:56.530 V/AlarmManager(  485): waitForAlarm result :8
09-20 11:28:56.530 D/SSRMv2:SIOP(  485): SIOP:: AP = 320, Delta = 0
09-20 11:28:56.660 V/AlarmManager(  485): waitForAlarm result :8
09-20 11:28:56.780 V/AlarmManager(  485): waitForAlarm result :8
09-20 11:28:56.890 V/AlarmManager(  485): waitForAlarm result :8
09-20 11:28:56.991 D/STATUSBAR-NetworkController(  961): refreshSignalCluster - setNWBoosterIndicators(false)
09-20 11:28:56.991 D/STATUSBAR-NetworkController(  961): refreshSignalCluster: data=0 bt=false
09-20 11:28:56.991 D/STATUSBAR-IconMerger(  961): checkOverflow(240), More:false, Req:false Child:3
09-20 11:28:57.011 V/AlarmManager(  485): waitForAlarm result :8
09-20 11:28:57.131 V/AlarmManager(  485): waitForAlarm result :8
09-20 11:28:57.261 V/AlarmManager(  485): waitForAlarm result :8
09-20 11:28:57.371 V/AlarmManager(  485): waitForAlarm result :8
09-20 11:28:57.501 V/AlarmManager(  485): waitForAlarm result :8
09-20 11:28:57.621 V/AlarmManager(  485): waitForAlarm result :8
09-20 11:28:57.741 V/AlarmManager(  485): waitForAlarm result :8
09-20 11:28:57.852 V/AlarmManager(  485): waitForAlarm result :8
09-20 11:28:57.982 V/AlarmManager(  485): waitForAlarm result :8
09-20 11:28:58.092 V/AlarmManager(  485): waitForAlarm result :8
09-20 11:28:58.212 V/AlarmManager(  485): waitForAlarm result :8
09-20 11:28:58.322 D/STATUSBAR-NetworkController(  961): onReceive() - RSSI_CHANGED_ACTION, WIFI_STATE, NETWORK_STATE
09-20 11:28:58.322 D/STATUSBAR-NetworkController(  961): refreshSignalCluster - setNWBoosterIndicators(false)
09-20 11:28:58.322 D/STATUSBAR-NetworkController(  961): refreshSignalCluster: data=0 bt=false
09-20 11:28:58.332 V/AlarmManager(  485): waitForAlarm result :8
09-20 11:28:58.352 D/STATUSBAR-IconMerger(  961): checkOverflow(240), More:false, Req:false Child:3
09-20 11:28:58.452 V/AlarmManager(  485): waitForAlarm result :8
09-20 11:28:58.572 V/AlarmManager(  485): waitForAlarm result :8
09-20 11:28:58.692 V/AlarmManager(  485): waitForAlarm result :8
09-20 11:28:58.813 V/AlarmManager(  485): waitForAlarm result :8
09-20 11:28:58.813 D/STATUSBAR-NetworkController(  961): onReceive() - RSSI_CHANGED_ACTION, WIFI_STATE, NETWORK_STATE
09-20 11:28:58.813 D/STATUSBAR-NetworkController(  961): refreshSignalCluster - setNWBoosterIndicators(false)
09-20 11:28:58.813 D/STATUSBAR-NetworkController(  961): refreshSignalCluster: data=0 bt=false
09-20 11:28:58.833 D/STATUSBAR-IconMerger(  961): checkOverflow(240), More:false, Req:false Child:3
09-20 11:28:58.933 V/AlarmManager(  485): waitForAlarm result :8
09-20 11:28:59.053 V/AlarmManager(  485): waitForAlarm result :8
09-20 11:28:59.173 V/AlarmManager(  485): waitForAlarm result :8
09-20 11:28:59.293 V/AlarmManager(  485): waitForAlarm result :8
09-20 11:28:59.413 V/AlarmManager(  485): waitForAlarm result :8
09-20 11:28:59.533 V/AlarmManager(  485): waitForAlarm result :8
09-20 11:28:59.653 V/AlarmManager(  485): waitForAlarm result :8
09-20 11:28:59.774 V/AlarmManager(  485): waitForAlarm result :8
09-20 11:28:59.894 V/AlarmManager(  485): waitForAlarm result :8
09-20 11:28:59.994 V/AlarmManager(  485): waitForAlarm result :8
09-20 11:28:59.994 D/KeyguardClockWidgetService( 1456): onReceive action=android.intent.action.TIME_TICK
09-20 11:29:00.004 V/AlarmManager(  485): ClockReceiver onReceive() ACTION_TIME_TICK
09-20 11:29:00.014 V/AlarmManager(  485): waitForAlarm result :8
09-20 11:29:00.054 D/STATUSBAR-IconMerger(  961): checkOverflow(240), More:false, Req:false Child:3
09-20 11:29:00.134 V/AlarmManager(  485): waitForAlarm result :8
09-20 11:29:00.254 V/AlarmManager(  485): waitForAlarm result :8
09-20 11:29:00.374 V/AlarmManager(  485): waitForAlarm result :8
09-20 11:29:00.494 V/AlarmManager(  485): waitForAlarm result :8
09-20 11:29:00.614 V/AlarmManager(  485): waitForAlarm result :8
09-20 11:29:00.735 V/AlarmManager(  485): waitForAlarm result :8
09-20 11:29:00.825 D/STATUSBAR-NetworkController(  961): onReceive() - RSSI_CHANGED_ACTION, WIFI_STATE, NETWORK_STATE
09-20 11:29:00.825 D/STATUSBAR-NetworkController(  961): refreshSignalCluster - setNWBoosterIndicators(false)
09-20 11:29:00.825 D/STATUSBAR-NetworkController(  961): refreshSignalCluster: data=0 bt=false
09-20 11:29:00.855 D/STATUSBAR-IconMerger(  961): checkOverflow(240), More:false, Req:false Child:3
09-20 11:29:00.855 V/AlarmManager(  485): waitForAlarm result :8
09-20 11:29:00.975 V/AlarmManager(  485): waitForAlarm result :8
09-20 11:29:01.095 V/AlarmManager(  485): waitForAlarm result :8
09-20 11:29:01.215 V/AlarmManager(  485): waitForAlarm result :8
09-20 11:29:01.335 V/AlarmManager(  485): waitForAlarm result :8
09-20 11:29:01.355 D/STATUSBAR-NetworkController(  961): onReceive() - RSSI_CHANGED_ACTION, WIFI_STATE, NETWORK_STATE
09-20 11:29:01.355 D/STATUSBAR-NetworkController(  961): refreshSignalCluster - setNWBoosterIndicators(false)
09-20 11:29:01.355 D/STATUSBAR-NetworkController(  961): refreshSignalCluster: data=0 bt=false
09-20 11:29:01.365 D/STATUSBAR-IconMerger(  961): checkOverflow(240), More:false, Req:false Child:3
09-20 11:29:01.455 V/AlarmManager(  485): waitForAlarm result :8
09-20 11:29:01.575 V/AlarmManager(  485): waitForAlarm result :8
09-20 11:29:01.696 V/AlarmManager(  485): waitForAlarm result :8
09-20 11:29:01.816 V/AlarmManager(  485): waitForAlarm result :8
09-20 11:29:01.936 V/AlarmManager(  485): waitForAlarm result :8
09-20 11:29:02.056 V/AlarmManager(  485): waitForAlarm result :8
09-20 11:29:02.176 V/AlarmManager(  485): waitForAlarm result :4
09-20 11:29:02.186 V/AlarmManager(  485): trigger ELAPSED_REALTIME_WAKEUP or RTC_WAKEUP
09-20 11:29:02.196 V/AlarmManager(  485): trigger ELAPSED_REALTIME_WAKEUP or RTC_WAKEUP
09-20 11:29:02.296 V/AlarmManager(  485): waitForAlarm result :8
09-20 11:29:02.416 V/AlarmManager(  485): waitForAlarm result :8
09-20 11:29:02.537 V/AlarmManager(  485): waitForAlarm result :8
09-20 11:29:02.657 V/AlarmManager(  485): waitForAlarm result :8
09-20 11:29:02.697 D/BatteryService(  485): level:97, scale:100, status:2, health:2, present:true, voltage: 4347, temperature: 285, technology: Li-ion, AC powered:false, USB powered:true, Wireless powered:false, icon:17303547, invalid charger:0, online:4, current avg:-1, charge type:0, power sharing:false
09-20 11:29:02.697 D/BatteryService(  485): Sending ACTION_BATTERY_CHANGED.
09-20 11:29:02.717 D/STATUSBAR-PhoneStatusBar(  961):  mBrightnessEnablebySettings = true mBrightnessEnablebyBattery = true mBrightnessEnablebyDisableFlag = true mPmsBrightnessEnablebySettings = true
09-20 11:29:02.737 D/STATUSBAR-IconMerger(  961): checkOverflow(240), More:false, Req:false Child:3
09-20 11:29:02.747 D/BatteryMeterView(  961): ACTION_BATTERY_CHANGED : level:97 status:2 health:2
09-20 11:29:02.777 V/AlarmManager(  485): waitForAlarm result :8
09-20 11:29:02.897 V/AlarmManager(  485): waitForAlarm result :8
09-20 11:29:03.017 V/AlarmManager(  485): waitForAlarm result :8
09-20 11:29:03.047 D/STATUSBAR-NetworkController(  961): refreshSignalCluster - setNWBoosterIndicators(false)
09-20 11:29:03.047 D/STATUSBAR-NetworkController(  961): refreshSignalCluster: data=0 bt=false
09-20 11:29:03.067 D/STATUSBAR-IconMerger(  961): checkOverflow(240), More:false, Req:false Child:3
09-20 11:29:03.137 V/AlarmManager(  485): waitForAlarm result :8
09-20 11:29:03.257 V/AlarmManager(  485): waitForAlarm result :8
09-20 11:29:03.377 V/AlarmManager(  485): waitForAlarm result :8
09-20 11:29:03.498 V/AlarmManager(  485): waitForAlarm result :8
09-20 11:29:03.618 V/AlarmManager(  485): waitForAlarm result :8
09-20 11:29:03.738 V/AlarmManager(  485): waitForAlarm result :8
09-20 11:29:03.858 V/AlarmManager(  485): waitForAlarm result :8
09-20 11:29:03.978 V/AlarmManager(  485): waitForAlarm result :8
09-20 11:29:04.068 D/STATUSBAR-NetworkController(  961): refreshSignalCluster - setNWBoosterIndicators(false)
09-20 11:29:04.068 D/STATUSBAR-NetworkController(  961): refreshSignalCluster: data=0 bt=false
09-20 11:29:04.078 D/STATUSBAR-IconMerger(  961): checkOverflow(240), More:false, Req:false Child:3
09-20 11:29:04.098 V/AlarmManager(  485): waitForAlarm result :8
09-20 11:29:04.218 V/AlarmManager(  485): waitForAlarm result :8
09-20 11:29:04.338 V/AlarmManager(  485): waitForAlarm result :8
09-20 11:29:04.459 D/MobileDataStateTracker(  485): default: setPolicyDataEnable(enabled=true)
09-20 11:29:04.459 V/AlarmManager(  485): waitForAlarm result :8
09-20 11:29:04.479 W/NetworkStats(  485): getDevSummary: NetworkStats: elapsedRealtime=0
09-20 11:29:04.479 W/NetworkStats(  485): getXtSummary: NetworkStats: elapsedRealtime=2201344730
09-20 11:29:04.479 W/NetworkStats(  485):   [0] iface=null uid=-1 set=ALL tag=0x0 rxBytes=294925978 rxPackets=474591 txBytes=66625886 txPackets=465298 operations=0
09-20 11:29:04.579 V/AlarmManager(  485): waitForAlarm result :8
09-20 11:29:04.699 V/AlarmManager(  485): waitForAlarm result :8
09-20 11:29:04.819 V/AlarmManager(  485): waitForAlarm result :8
09-20 11:29:04.939 V/AlarmManager(  485): waitForAlarm result :8
09-20 11:29:05.059 V/AlarmManager(  485): waitForAlarm result :8
09-20 11:29:05.179 V/AlarmManager(  485): waitForAlarm result :8
09-20 11:29:05.289 V/AlarmManager(  485): waitForAlarm result :8
09-20 11:29:05.410 V/AlarmManager(  485): waitForAlarm result :8
09-20 11:29:05.530 V/AlarmManager(  485): waitForAlarm result :8
09-20 11:29:05.660 V/AlarmManager(  485): waitForAlarm result :8
09-20 11:29:05.780 V/AlarmManager(  485): waitForAlarm result :8
09-20 11:29:05.890 V/AlarmManager(  485): waitForAlarm result :8
09-20 11:29:06.020 V/AlarmManager(  485): waitForAlarm result :8
09-20 11:29:06.120 D/STATUSBAR-NetworkController(  961): refreshSignalCluster - setNWBoosterIndicators(false)
09-20 11:29:06.120 D/STATUSBAR-NetworkController(  961): refreshSignalCluster: data=0 bt=false
09-20 11:29:06.130 V/AlarmManager(  485): waitForAlarm result :8
09-20 11:29:06.140 D/STATUSBAR-IconMerger(  961): checkOverflow(240), More:false, Req:false Child:3
09-20 11:29:06.260 V/AlarmManager(  485): waitForAlarm result :8
09-20 11:29:06.371 V/AlarmManager(  485): waitForAlarm result :8
09-20 11:29:06.491 V/AlarmManager(  485): waitForAlarm result :8
09-20 11:29:06.561 D/SSRMv2:SIOP(  485): SIOP:: AP = 320, Delta = 0
09-20 11:29:06.621 V/AlarmManager(  485): waitForAlarm result :8
09-20 11:29:06.741 V/AlarmManager(  485): waitForAlarm result :8
09-20 11:29:06.851 V/AlarmManager(  485): waitForAlarm result :8
09-20 11:29:06.981 V/AlarmManager(  485): waitForAlarm result :8
09-20 11:29:07.101 V/AlarmManager(  485): waitForAlarm result :8
09-20 11:29:07.171 D/STATUSBAR-NetworkController(  961): refreshSignalCluster - setNWBoosterIndicators(false)
09-20 11:29:07.171 D/STATUSBAR-NetworkController(  961): refreshSignalCluster: data=0 bt=false
09-20 11:29:07.181 D/STATUSBAR-IconMerger(  961): checkOverflow(240), More:false, Req:false Child:3
09-20 11:29:07.212 V/AlarmManager(  485): waitForAlarm result :8
09-20 11:29:07.332 V/AlarmManager(  485): waitForAlarm result :8
09-20 11:29:07.452 V/AlarmManager(  485): waitForAlarm result :8
09-20 11:29:07.572 V/AlarmManager(  485): waitForAlarm result :8
09-20 11:29:07.692 V/AlarmManager(  485): waitForAlarm result :8
09-20 11:29:07.812 V/AlarmManager(  485): waitForAlarm result :8
09-20 11:29:07.932 V/AlarmManager(  485): waitForAlarm result :8
09-20 11:29:08.052 V/AlarmManager(  485): waitForAlarm result :8
09-20 11:29:08.173 V/AlarmManager(  485): waitForAlarm result :8
09-20 11:29:08.213 D/STATUSBAR-NetworkController(  961): refreshSignalCluster - setNWBoosterIndicators(false)
09-20 11:29:08.213 D/STATUSBAR-NetworkController(  961): refreshSignalCluster: data=0 bt=false
09-20 11:29:08.223 D/STATUSBAR-IconMerger(  961): checkOverflow(240), More:false, Req:false Child:3
09-20 11:29:08.293 V/AlarmManager(  485): waitForAlarm result :8
09-20 11:29:08.413 V/AlarmManager(  485): waitForAlarm result :8
09-20 11:29:08.533 V/AlarmManager(  485): waitForAlarm result :8
09-20 11:29:08.653 V/AlarmManager(  485): waitForAlarm result :8
09-20 11:29:08.663 I/PowerManagerService(  485): [PWL]  mStayOn: true  mWakeLockSummary & WAKE_LOCK_STAY_AWAKE: 0  mUserActivitySummary: 0x0
09-20 11:29:08.773 V/AlarmManager(  485): waitForAlarm result :8
09-20 11:29:08.893 V/AlarmManager(  485): waitForAlarm result :8
09-20 11:29:09.013 V/AlarmManager(  485): waitForAlarm result :8
09-20 11:29:09.134 V/AlarmManager(  485): waitForAlarm result :8
09-20 11:29:09.254 V/AlarmManager(  485): waitForAlarm result :8
09-20 11:29:09.374 V/AlarmManager(  485): waitForAlarm result :8
09-20 11:29:09.494 V/AlarmManager(  485): waitForAlarm result :8
09-20 11:29:09.614 V/AlarmManager(  485): waitForAlarm result :8
09-20 11:29:09.734 V/AlarmManager(  485): waitForAlarm result :8
09-20 11:29:09.854 V/AlarmManager(  485): waitForAlarm result :8
09-20 11:29:09.974 V/AlarmManager(  485): waitForAlarm result :8
09-20 11:29:10.095 V/AlarmManager(  485): waitForAlarm result :8
--------- beginning of /dev/log/main
09-20 11:29:10.115 I/ServiceKeeper(  485): In getpackagename pid = 485 uid = 1000 package name = android
09-20 11:29:10.215 V/AlarmManager(  485): waitForAlarm result :8
09-20 11:29:10.235 I/ServiceKeeper(  485): In getpackagename pid = 485 uid = 1000 package name = android
09-20 11:29:10.245 I/ServiceKeeper(  485): In getpackagename pid = 485 uid = 1000 package name = android
09-20 11:29:10.335 V/AlarmManager(  485): waitForAlarm result :8
09-20 11:29:10.375 I/ServiceKeeper(  485): In getpackagename pid = 485 uid = 1000 package name = android
09-20 11:29:10.375 I/ServiceKeeper(  485): In getpackagename pid = 485 uid = 1000 package name = android
09-20 11:29:10.455 V/AlarmManager(  485): waitForAlarm result :8
09-20 11:29:10.465 I/ServiceKeeper(  485): In getpackagename pid = 485 uid = 1000 package name = android
09-20 11:29:10.465 I/ServiceKeeper(  485): In getpackagename pid = 485 uid = 1000 package name = android
09-20 11:29:10.575 V/AlarmManager(  485): waitForAlarm result :8
09-20 11:29:10.595 I/ServiceKeeper(  485): In getpackagename pid = 485 uid = 1000 package name = android
09-20 11:29:10.595 I/ServiceKeeper(  485): In getpackagename pid = 485 uid = 1000 package name = android
09-20 11:29:10.695 V/AlarmManager(  485): waitForAlarm result :8
09-20 11:29:10.705 I/ServiceKeeper(  485): In getpackagename pid = 485 uid = 1000 package name = android
09-20 11:29:10.715 I/ServiceKeeper(  485): In getpackagename pid = 485 uid = 1000 package name = android
09-20 11:29:10.745 E/SMD     (  168): DCD ON
09-20 11:29:10.815 V/AlarmManager(  485): waitForAlarm result :8
09-20 11:29:10.825 I/ServiceKeeper(  485): In getpackagename pid = 485 uid = 1000 package name = android
09-20 11:29:10.845 I/ServiceKeeper(  485): In getpackagename pid = 485 uid = 1000 package name = android
09-20 11:29:10.935 V/AlarmManager(  485): waitForAlarm result :8
09-20 11:29:10.945 I/ServiceKeeper(  485): In getpackagename pid = 485 uid = 1000 package name = android
09-20 11:29:10.956 I/ServiceKeeper(  485): In getpackagename pid = 485 uid = 1000 package name = android
09-20 11:29:11.056 V/AlarmManager(  485): waitForAlarm result :8
09-20 11:29:11.076 I/ServiceKeeper(  485): In getpackagename pid = 485 uid = 1000 package name = android
09-20 11:29:11.076 I/ServiceKeeper(  485): In getpackagename pid = 485 uid = 1000 package name = android
09-20 11:29:11.176 V/AlarmManager(  485): waitForAlarm result :8
09-20 11:29:11.196 I/ServiceKeeper(  485): In getpackagename pid = 485 uid = 1000 package name = android
09-20 11:29:11.196 I/ServiceKeeper(  485): In getpackagename pid = 485 uid = 1000 package name = android
09-20 11:29:11.296 V/AlarmManager(  485): waitForAlarm result :8
09-20 11:29:11.316 I/ServiceKeeper(  485): In getpackagename pid = 485 uid = 1000 package name = android
09-20 11:29:11.316 I/ServiceKeeper(  485): In getpackagename pid = 485 uid = 1000 package name = android
09-20 11:29:11.416 V/AlarmManager(  485): waitForAlarm result :8
09-20 11:29:11.436 I/ServiceKeeper(  485): In getpackagename pid = 485 uid = 1000 package name = android
09-20 11:29:11.436 I/ServiceKeeper(  485): In getpackagename pid = 485 uid = 1000 package name = android
09-20 11:29:11.536 V/AlarmManager(  485): waitForAlarm result :8
09-20 11:29:11.556 I/ServiceKeeper(  485): In getpackagename pid = 485 uid = 1000 package name = android
09-20 11:29:11.556 I/ServiceKeeper(  485): In getpackagename pid = 485 uid = 1000 package name = android
09-20 11:29:11.656 V/AlarmManager(  485): waitForAlarm result :8
09-20 11:29:11.666 I/ServiceKeeper(  485): In getpackagename pid = 485 uid = 1000 package name = android
09-20 11:29:11.666 I/ServiceKeeper(  485): In getpackagename pid = 485 uid = 1000 package name = android
09-20 11:29:11.776 V/AlarmManager(  485): waitForAlarm result :8
09-20 11:29:11.796 I/ServiceKeeper(  485): In getpackagename pid = 485 uid = 1000 package name = android
09-20 11:29:11.796 I/ServiceKeeper(  485): In getpackagename pid = 485 uid = 1000 package name = android
09-20 11:29:11.897 V/AlarmManager(  485): waitForAlarm result :8
09-20 11:29:11.917 I/ServiceKeeper(  485): In getpackagename pid = 485 uid = 1000 package name = android
09-20 11:29:11.917 I/ServiceKeeper(  485): In getpackagename pid = 485 uid = 1000 package name = android
09-20 11:29:12.017 V/AlarmManager(  485): waitForAlarm result :8
09-20 11:29:12.037 I/ServiceKeeper(  485): In getpackagename pid = 485 uid = 1000 package name = android
09-20 11:29:12.037 I/ServiceKeeper(  485): In getpackagename pid = 485 uid = 1000 package name = android
09-20 11:29:12.137 V/AlarmManager(  485): waitForAlarm result :8
09-20 11:29:12.157 I/ServiceKeeper(  485): In getpackagename pid = 485 uid = 1000 package name = android
09-20 11:29:12.157 I/ServiceKeeper(  485): In getpackagename pid = 485 uid = 1000 package name = android
09-20 11:29:12.257 V/AlarmManager(  485): waitForAlarm result :8
09-20 11:29:12.277 I/ServiceKeeper(  485): In getpackagename pid = 485 uid = 1000 package name = android
09-20 11:29:12.277 I/ServiceKeeper(  485): In getpackagename pid = 485 uid = 1000 package name = android
09-20 11:29:12.377 V/AlarmManager(  485): waitForAlarm result :8
09-20 11:29:12.397 I/ServiceKeeper(  485): In getpackagename pid = 485 uid = 1000 package name = android
09-20 11:29:12.397 I/ServiceKeeper(  485): In getpackagename pid = 485 uid = 1000 package name = android
09-20 11:29:12.497 V/AlarmManager(  485): waitForAlarm result :8
09-20 11:29:12.507 I/ServiceKeeper(  485): In getpackagename pid = 485 uid = 1000 package name = android
09-20 11:29:12.507 I/ServiceKeeper(  485): In getpackagename pid = 485 uid = 1000 package name = android
09-20 11:29:12.617 V/AlarmManager(  485): waitForAlarm result :8
09-20 11:29:12.637 I/ServiceKeeper(  485): In getpackagename pid = 485 uid = 1000 package name = android
09-20 11:29:12.637 I/ServiceKeeper(  485): In getpackagename pid = 485 uid = 1000 package name = android
09-20 11:29:12.657 E/Watchdog(  485): !@Sync 37
09-20 11:29:12.737 V/AlarmManager(  485): waitForAlarm result :8
09-20 11:29:12.747 I/ServiceKeeper(  485): In getpackagename pid = 485 uid = 1000 package name = android
09-20 11:29:12.757 I/ServiceKeeper(  485): In getpackagename pid = 485 uid = 1000 package name = android
09-20 11:29:12.858 V/AlarmManager(  485): waitForAlarm result :8
09-20 11:29:12.888 I/ServiceKeeper(  485): In getpackagename pid = 485 uid = 1000 package name = android
09-20 11:29:12.888 I/ServiceKeeper(  485): In getpackagename pid = 485 uid = 1000 package name = android
09-20 11:29:12.978 V/AlarmManager(  485): waitForAlarm result :8
09-20 11:29:13.018 I/ServiceKeeper(  485): In getpackagename pid = 485 uid = 1000 package name = android
09-20 11:29:13.028 I/ServiceKeeper(  485): In getpackagename pid = 485 uid = 1000 package name = android
09-20 11:29:13.098 V/AlarmManager(  485): waitForAlarm result :8
09-20 11:29:13.108 I/ServiceKeeper(  485): In getpackagename pid = 485 uid = 1000 package name = android
09-20 11:29:13.108 I/ServiceKeeper(  485): In getpackagename pid = 485 uid = 1000 package name = android
09-20 11:29:13.218 V/AlarmManager(  485): waitForAlarm result :8
09-20 11:29:13.228 I/ServiceKeeper(  485): In getpackagename pid = 485 uid = 1000 package name = android
09-20 11:29:13.238 I/ServiceKeeper(  485): In getpackagename pid = 485 uid = 1000 package name = android
09-20 11:29:13.338 V/AlarmManager(  485): waitForAlarm result :8
09-20 11:29:13.378 I/ServiceKeeper(  485): In getpackagename pid = 485 uid = 1000 package name = android
09-20 11:29:13.378 I/ServiceKeeper(  485): In getpackagename pid = 485 uid = 1000 package name = android
09-20 11:29:13.458 V/AlarmManager(  485): waitForAlarm result :8
09-20 11:29:13.478 I/ServiceKeeper(  485): In getpackagename pid = 485 uid = 1000 package name = android
09-20 11:29:13.478 I/ServiceKeeper(  485): In getpackagename pid = 485 uid = 1000 package name = android
09-20 11:29:13.578 V/AlarmManager(  485): waitForAlarm result :8
09-20 11:29:13.598 I/ServiceKeeper(  485): In getpackagename pid = 485 uid = 1000 package name = android
09-20 11:29:13.598 I/ServiceKeeper(  485): In getpackagename pid = 485 uid = 1000 package name = android
09-20 11:29:13.698 V/AlarmManager(  485): waitForAlarm result :8
09-20 11:29:13.718 I/ServiceKeeper(  485): In getpackagename pid = 485 uid = 1000 package name = android
09-20 11:29:13.718 I/ServiceKeeper(  485): In getpackagename pid = 485 uid = 1000 package name = android
09-20 11:29:13.748 E/SMD     (  168): DCD ON
09-20 11:29:13.819 V/AlarmManager(  485): waitForAlarm result :8
09-20 11:29:13.849 I/ServiceKeeper(  485): In getpackagename pid = 485 uid = 1000 package name = android
09-20 11:29:13.889 I/ServiceKeeper(  485): In getpackagename pid = 485 uid = 1000 package name = android
09-20 11:29:13.939 V/AlarmManager(  485): waitForAlarm result :8
09-20 11:29:13.959 I/ServiceKeeper(  485): In getpackagename pid = 485 uid = 1000 package name = android
09-20 11:29:13.959 I/ServiceKeeper(  485): In getpackagename pid = 485 uid = 1000 package name = android
09-20 11:29:14.059 V/AlarmManager(  485): waitForAlarm result :8
09-20 11:29:14.079 I/ServiceKeeper(  485): In getpackagename pid = 485 uid = 1000 package name = android
09-20 11:29:14.079 I/ServiceKeeper(  485): In getpackagename pid = 485 uid = 1000 package name = android
09-20 11:29:14.179 V/AlarmManager(  485): waitForAlarm result :8
09-20 11:29:14.199 I/ServiceKeeper(  485): In getpackagename pid = 485 uid = 1000 package name = android
09-20 11:29:14.199 I/ServiceKeeper(  485): In getpackagename pid = 485 uid = 1000 package name = android
09-20 11:29:14.259 D/STATUSBAR-NetworkController(  961): refreshSignalCluster - setNWBoosterIndicators(false)
09-20 11:29:14.259 D/STATUSBAR-NetworkController(  961): refreshSignalCluster: data=0 bt=false
09-20 11:29:14.269 D/STATUSBAR-IconMerger(  961): checkOverflow(240), More:false, Req:false Child:3
09-20 11:29:14.299 V/AlarmManager(  485): waitForAlarm result :8
09-20 11:29:14.329 I/ServiceKeeper(  485): In getpackagename pid = 485 uid = 1000 package name = android
09-20 11:29:14.329 I/ServiceKeeper(  485): In getpackagename pid = 485 uid = 1000 package name = android
09-20 11:29:14.419 V/AlarmManager(  485): waitForAlarm result :8
09-20 11:29:14.429 I/ServiceKeeper(  485): In getpackagename pid = 485 uid = 1000 package name = android
09-20 11:29:14.429 I/ServiceKeeper(  485): In getpackagename pid = 485 uid = 1000 package name = android
09-20 11:29:14.539 V/AlarmManager(  485): waitForAlarm result :8
09-20 11:29:14.549 I/ServiceKeeper(  485): In getpackagename pid = 485 uid = 1000 package name = android
09-20 11:29:14.549 I/ServiceKeeper(  485): In getpackagename pid = 485 uid = 1000 package name = android
09-20 11:29:14.649 V/AlarmManager(  485): waitForAlarm result :8
09-20 11:29:14.659 I/ServiceKeeper(  485): In getpackagename pid = 485 uid = 1000 package name = android
09-20 11:29:14.669 I/ServiceKeeper(  485): In getpackagename pid = 485 uid = 1000 package name = android
09-20 11:29:14.780 V/AlarmManager(  485): waitForAlarm result :8
09-20 11:29:14.790 I/ServiceKeeper(  485): In getpackagename pid = 485 uid = 1000 package name = android
09-20 11:29:14.790 I/ServiceKeeper(  485): In getpackagename pid = 485 uid = 1000 package name = android
09-20 11:29:14.890 V/AlarmManager(  485): waitForAlarm result :8
09-20 11:29:14.910 I/ServiceKeeper(  485): In getpackagename pid = 485 uid = 1000 package name = android
09-20 11:29:14.910 I/ServiceKeeper(  485): In getpackagename pid = 485 uid = 1000 package name = android
09-20 11:29:15.010 V/AlarmManager(  485): waitForAlarm result :8
09-20 11:29:15.030 I/ServiceKeeper(  485): In getpackagename pid = 485 uid = 1000 package name = android
09-20 11:29:15.030 I/ServiceKeeper(  485): In getpackagename pid = 485 uid = 1000 package name = android
09-20 11:29:15.140 V/AlarmManager(  485): waitForAlarm result :8
09-20 11:29:15.140 I/ServiceKeeper(  485): In getpackagename pid = 485 uid = 1000 package name = android
09-20 11:29:15.150 I/ServiceKeeper(  485): In getpackagename pid = 485 uid = 1000 package name = android
09-20 11:29:15.250 V/AlarmManager(  485): waitForAlarm result :8
09-20 11:29:15.270 I/ServiceKeeper(  485): In getpackagename pid = 485 uid = 1000 package name = android
09-20 11:29:15.270 I/ServiceKeeper(  485): In getpackagename pid = 485 uid = 1000 package name = android
09-20 11:29:15.290 D/STATUSBAR-NetworkController(  961): refreshSignalCluster - setNWBoosterIndicators(false)
09-20 11:29:15.290 D/STATUSBAR-NetworkController(  961): refreshSignalCluster: data=0 bt=false
09-20 11:29:15.310 D/STATUSBAR-IconMerger(  961): checkOverflow(240), More:false, Req:false Child:3
09-20 11:29:15.370 V/AlarmManager(  485): waitForAlarm result :8
09-20 11:29:15.390 I/ServiceKeeper(  485): In getpackagename pid = 485 uid = 1000 package name = android
09-20 11:29:15.390 I/ServiceKeeper(  485): In getpackagename pid = 485 uid = 1000 package name = android
09-20 11:29:15.500 V/AlarmManager(  485): waitForAlarm result :8
09-20 11:29:15.510 I/ServiceKeeper(  485): In getpackagename pid = 485 uid = 1000 package name = android
09-20 11:29:15.510 I/ServiceKeeper(  485): In getpackagename pid = 485 uid = 1000 package name = android
09-20 11:29:15.620 V/AlarmManager(  485): waitForAlarm result :8
09-20 11:29:15.630 I/ServiceKeeper(  485): In getpackagename pid = 485 uid = 1000 package name = android
09-20 11:29:15.630 I/ServiceKeeper(  485): In getpackagename pid = 485 uid = 1000 package name = android
09-20 11:29:15.731 V/AlarmManager(  485): waitForAlarm result :8
