09-20 11:30:39.850 V/AlarmManager(  485): waitForAlarm result :8
09-20 11:30:39.870 I/ServiceKeeper(  485): In getpackagename pid = 485 uid = 1000 package name = android
09-20 11:30:39.870 I/ServiceKeeper(  485): In getpackagename pid = 485 uid = 1000 package name = android
09-20 11:30:39.981 V/AlarmManager(  485): waitForAlarm result :8
09-20 11:30:39.991 I/ServiceKeeper(  485): In getpackagename pid = 485 uid = 1000 package name = android
09-20 11:30:39.991 I/ServiceKeeper(  485): In getpackagename pid = 485 uid = 1000 package name = android
09-20 11:30:40.011 D/STATUSBAR-NetworkController(  961): onReceive() - RSSI_CHANGED_ACTION, WIFI_STATE, NETWORK_STATE
09-20 11:30:40.011 D/STATUSBAR-NetworkController(  961): refreshSignalCluster - setNWBoosterIndicators(false)
09-20 11:30:40.011 D/STATUSBAR-NetworkController(  961): refreshSignalCluster: data=0 bt=false
09-20 11:30:40.041 D/STATUSBAR-IconMerger(  961): checkOverflow(240), More:false, Req:false Child:3
09-20 11:30:40.091 V/AlarmManager(  485): waitForAlarm result :8
09-20 11:30:40.111 I/ServiceKeeper(  485): In getpackagename pid = 485 uid = 1000 package name = android
09-20 11:30:40.111 I/ServiceKeeper(  485): In getpackagename pid = 485 uid = 1000 package name = android
09-20 11:30:40.221 V/AlarmManager(  485): waitForAlarm result :8
09-20 11:30:40.231 I/ServiceKeeper(  485): In getpackagename pid = 485 uid = 1000 package name = android
09-20 11:30:40.231 I/ServiceKeeper(  485): In getpackagename pid = 485 uid = 1000 package name = android
09-20 11:30:40.331 V/AlarmManager(  485): waitForAlarm result :8
09-20 11:30:40.351 I/ServiceKeeper(  485): In getpackagename pid = 485 uid = 1000 package name = android
09-20 11:30:40.351 I/ServiceKeeper(  485): In getpackagename pid = 485 uid = 1000 package name = android
09-20 11:30:40.461 V/AlarmManager(  485): waitForAlarm result :8
09-20 11:30:40.471 I/ServiceKeeper(  485): In getpackagename pid = 485 uid = 1000 package name = android
09-20 11:30:40.471 I/ServiceKeeper(  485): In getpackagename pid = 485 uid = 1000 package name = android
09-20 11:30:40.571 V/AlarmManager(  485): waitForAlarm result :8
09-20 11:30:40.581 I/ServiceKeeper(  485): In getpackagename pid = 485 uid = 1000 package name = android
09-20 11:30:40.581 I/ServiceKeeper(  485): In getpackagename pid = 485 uid = 1000 package name = android
09-20 11:30:40.701 V/AlarmManager(  485): waitForAlarm result :8
09-20 11:30:40.711 I/ServiceKeeper(  485): In getpackagename pid = 485 uid = 1000 package name = android
09-20 11:30:40.711 I/ServiceKeeper(  485): In getpackagename pid = 485 uid = 1000 package name = android
09-20 11:30:40.771 E/SMD     (  168): DCD ON
09-20 11:30:40.811 V/AlarmManager(  485): waitForAlarm result :8
09-20 11:30:40.831 I/ServiceKeeper(  485): In getpackagename pid = 485 uid = 1000 package name = android
09-20 11:30:40.831 I/ServiceKeeper(  485): In getpackagename pid = 485 uid = 1000 package name = android
09-20 11:30:40.932 V/AlarmManager(  485): waitForAlarm result :8
09-20 11:30:40.952 I/ServiceKeeper(  485): In getpackagename pid = 485 uid = 1000 package name = android
09-20 11:30:40.952 I/ServiceKeeper(  485): In getpackagename pid = 485 uid = 1000 package name = android
09-20 11:30:41.052 V/AlarmManager(  485): waitForAlarm result :8
09-20 11:30:41.072 I/ServiceKeeper(  485): In getpackagename pid = 485 uid = 1000 package name = android
09-20 11:30:41.072 I/ServiceKeeper(  485): In getpackagename pid = 485 uid = 1000 package name = android
09-20 11:30:41.172 V/AlarmManager(  485): waitForAlarm result :8
09-20 11:30:41.192 I/ServiceKeeper(  485): In getpackagename pid = 485 uid = 1000 package name = android
09-20 11:30:41.192 I/ServiceKeeper(  485): In getpackagename pid = 485 uid = 1000 package name = android
09-20 11:30:41.292 V/AlarmManager(  485): waitForAlarm result :8
09-20 11:30:41.312 I/ServiceKeeper(  485): In getpackagename pid = 485 uid = 1000 package name = android
09-20 11:30:41.312 I/ServiceKeeper(  485): In getpackagename pid = 485 uid = 1000 package name = android
09-20 11:30:41.412 V/AlarmManager(  485): waitForAlarm result :8
09-20 11:30:41.432 I/ServiceKeeper(  485): In getpackagename pid = 485 uid = 1000 package name = android
09-20 11:30:41.442 I/ServiceKeeper(  485): In getpackagename pid = 485 uid = 1000 package name = android
09-20 11:30:41.532 V/AlarmManager(  485): waitForAlarm result :8
09-20 11:30:41.552 I/ServiceKeeper(  485): In getpackagename pid = 485 uid = 1000 package name = android
09-20 11:30:41.552 I/ServiceKeeper(  485): In getpackagename pid = 485 uid = 1000 package name = android
09-20 11:30:41.652 V/AlarmManager(  485): waitForAlarm result :8
09-20 11:30:41.672 I/ServiceKeeper(  485): In getpackagename pid = 485 uid = 1000 package name = android
09-20 11:30:41.672 I/ServiceKeeper(  485): In getpackagename pid = 485 uid = 1000 package name = android
09-20 11:30:41.772 V/AlarmManager(  485): waitForAlarm result :8
09-20 11:30:41.792 I/ServiceKeeper(  485): In getpackagename pid = 485 uid = 1000 package name = android
09-20 11:30:41.792 I/ServiceKeeper(  485): In getpackagename pid = 485 uid = 1000 package name = android
09-20 11:30:41.893 V/AlarmManager(  485): waitForAlarm result :8
09-20 11:30:41.913 I/ServiceKeeper(  485): In getpackagename pid = 485 uid = 1000 package name = android
09-20 11:30:41.913 I/ServiceKeeper(  485): In getpackagename pid = 485 uid = 1000 package name = android
09-20 11:30:42.013 V/AlarmManager(  485): waitForAlarm result :8
09-20 11:30:42.033 D/STATUSBAR-NetworkController(  961): onReceive() - RSSI_CHANGED_ACTION, WIFI_STATE, NETWORK_STATE
09-20 11:30:42.043 D/STATUSBAR-NetworkController(  961): refreshSignalCluster - setNWBoosterIndicators(false)
09-20 11:30:42.043 D/STATUSBAR-NetworkController(  961): refreshSignalCluster: data=0 bt=false
09-20 11:30:42.053 D/STATUSBAR-IconMerger(  961): checkOverflow(240), More:false, Req:false Child:3
09-20 11:30:42.083 I/ServiceKeeper(  485): In getpackagename pid = 485 uid = 1000 package name = android
09-20 11:30:42.083 I/ServiceKeeper(  485): In getpackagename pid = 485 uid = 1000 package name = android
09-20 11:30:42.133 V/AlarmManager(  485): waitForAlarm result :8
09-20 11:30:42.143 I/ServiceKeeper(  485): In getpackagename pid = 485 uid = 1000 package name = android
09-20 11:30:42.143 I/ServiceKeeper(  485): In getpackagename pid = 485 uid = 1000 package name = android
09-20 11:30:42.253 V/AlarmManager(  485): waitForAlarm result :8
09-20 11:30:42.273 I/ServiceKeeper(  485): In getpackagename pid = 485 uid = 1000 package name = android
09-20 11:30:42.273 I/ServiceKeeper(  485): In getpackagename pid = 485 uid = 1000 package name = android
09-20 11:30:42.373 V/AlarmManager(  485): waitForAlarm result :8
09-20 11:30:42.393 I/ServiceKeeper(  485): In getpackagename pid = 485 uid = 1000 package name = android
09-20 11:30:42.393 I/ServiceKeeper(  485): In getpackagename pid = 485 uid = 1000 package name = android
09-20 11:30:42.493 V/AlarmManager(  485): waitForAlarm result :8
09-20 11:30:42.523 I/ServiceKeeper(  485): In getpackagename pid = 485 uid = 1000 package name = android
09-20 11:30:42.523 I/ServiceKeeper(  485): In getpackagename pid = 485 uid = 1000 package name = android
09-20 11:30:42.613 V/AlarmManager(  485): waitForAlarm result :8
09-20 11:30:42.623 I/ServiceKeeper(  485): In getpackagename pid = 485 uid = 1000 package name = android
09-20 11:30:42.623 I/ServiceKeeper(  485): In getpackagename pid = 485 uid = 1000 package name = android
09-20 11:30:42.653 E/Watchdog(  485): !@Sync 40
09-20 11:30:42.733 V/AlarmManager(  485): waitForAlarm result :8
09-20 11:30:42.753 I/ServiceKeeper(  485): In getpackagename pid = 485 uid = 1000 package name = android
09-20 11:30:42.753 I/ServiceKeeper(  485): In getpackagename pid = 485 uid = 1000 package name = android
09-20 11:30:42.854 V/AlarmManager(  485): waitForAlarm result :8
09-20 11:30:42.874 I/ServiceKeeper(  485): In getpackagename pid = 485 uid = 1000 package name = android
09-20 11:30:42.874 I/ServiceKeeper(  485): In getpackagename pid = 485 uid = 1000 package name = android
09-20 11:30:42.974 V/AlarmManager(  485): waitForAlarm result :8
09-20 11:30:42.994 I/ServiceKeeper(  485): In getpackagename pid = 485 uid = 1000 package name = android
09-20 11:30:42.994 I/ServiceKeeper(  485): In getpackagename pid = 485 uid = 1000 package name = android
09-20 11:30:43.094 V/AlarmManager(  485): waitForAlarm result :8
09-20 11:30:43.114 I/ServiceKeeper(  485): In getpackagename pid = 485 uid = 1000 package name = android
09-20 11:30:43.114 I/ServiceKeeper(  485): In getpackagename pid = 485 uid = 1000 package name = android
09-20 11:30:43.214 V/AlarmManager(  485): waitForAlarm result :8
09-20 11:30:43.234 I/ServiceKeeper(  485): In getpackagename pid = 485 uid = 1000 package name = android
09-20 11:30:43.234 I/ServiceKeeper(  485): In getpackagename pid = 485 uid = 1000 package name = android
09-20 11:30:43.334 V/AlarmManager(  485): waitForAlarm result :8
09-20 11:30:43.354 I/ServiceKeeper(  485): In getpackagename pid = 485 uid = 1000 package name = android
09-20 11:30:43.354 I/ServiceKeeper(  485): In getpackagename pid = 485 uid = 1000 package name = android
09-20 11:30:43.454 V/AlarmManager(  485): waitForAlarm result :8
09-20 11:30:43.474 I/ServiceKeeper(  485): In getpackagename pid = 485 uid = 1000 package name = android
09-20 11:30:43.484 I/ServiceKeeper(  485): In getpackagename pid = 485 uid = 1000 package name = android
09-20 11:30:43.524 D/STATUSBAR-NetworkController(  961): onReceive() - RSSI_CHANGED_ACTION, WIFI_STATE, NETWORK_STATE
09-20 11:30:43.524 D/STATUSBAR-NetworkController(  961): refreshSignalCluster - setNWBoosterIndicators(false)
09-20 11:30:43.524 D/STATUSBAR-NetworkController(  961): refreshSignalCluster: data=0 bt=false
09-20 11:30:43.544 D/STATUSBAR-IconMerger(  961): checkOverflow(240), More:false, Req:false Child:3
09-20 11:30:43.574 V/AlarmManager(  485): waitForAlarm result :8
09-20 11:30:43.584 I/ServiceKeeper(  485): In getpackagename pid = 485 uid = 1000 package name = android
09-20 11:30:43.584 I/ServiceKeeper(  485): In getpackagename pid = 485 uid = 1000 package name = android
09-20 11:30:43.694 V/AlarmManager(  485): waitForAlarm result :8
09-20 11:30:43.704 I/ServiceKeeper(  485): In getpackagename pid = 485 uid = 1000 package name = android
09-20 11:30:43.724 I/ServiceKeeper(  485): In getpackagename pid = 485 uid = 1000 package name = android
09-20 11:30:43.785 E/SMD     (  168): DCD ON
09-20 11:30:43.815 V/AlarmManager(  485): waitForAlarm result :8
09-20 11:30:43.835 I/ServiceKeeper(  485): In getpackagename pid = 485 uid = 1000 package name = android
09-20 11:30:43.835 I/ServiceKeeper(  485): In getpackagename pid = 485 uid = 1000 package name = android
09-20 11:30:43.935 V/AlarmManager(  485): waitForAlarm result :8
09-20 11:30:43.955 I/ServiceKeeper(  485): In getpackagename pid = 485 uid = 1000 package name = android
09-20 11:30:43.955 I/ServiceKeeper(  485): In getpackagename pid = 485 uid = 1000 package name = android
09-20 11:30:44.055 V/AlarmManager(  485): waitForAlarm result :8
09-20 11:30:44.075 I/ServiceKeeper(  485): In getpackagename pid = 485 uid = 1000 package name = android
09-20 11:30:44.075 I/ServiceKeeper(  485): In getpackagename pid = 485 uid = 1000 package name = android
09-20 11:30:44.175 V/AlarmManager(  485): waitForAlarm result :8
09-20 11:30:44.195 I/ServiceKeeper(  485): In getpackagename pid = 485 uid = 1000 package name = android
09-20 11:30:44.195 I/ServiceKeeper(  485): In getpackagename pid = 485 uid = 1000 package name = android
09-20 11:30:44.295 V/AlarmManager(  485): waitForAlarm result :8
09-20 11:30:44.315 I/ServiceKeeper(  485): In getpackagename pid = 485 uid = 1000 package name = android
09-20 11:30:44.315 I/ServiceKeeper(  485): In getpackagename pid = 485 uid = 1000 package name = android
09-20 11:30:44.415 V/AlarmManager(  485): waitForAlarm result :8
09-20 11:30:44.435 I/ServiceKeeper(  485): In getpackagename pid = 485 uid = 1000 package name = android
09-20 11:30:44.435 I/ServiceKeeper(  485): In getpackagename pid = 485 uid = 1000 package name = android
09-20 11:30:44.535 V/AlarmManager(  485): waitForAlarm result :8
09-20 11:30:44.565 I/ServiceKeeper(  485): In getpackagename pid = 485 uid = 1000 package name = android
09-20 11:30:44.575 I/ServiceKeeper(  485): In getpackagename pid = 485 uid = 1000 package name = android
09-20 11:30:44.655 V/AlarmManager(  485): waitForAlarm result :8
09-20 11:30:44.666 I/ServiceKeeper(  485): In getpackagename pid = 485 uid = 1000 package name = android
09-20 11:30:44.666 I/ServiceKeeper(  485): In getpackagename pid = 485 uid = 1000 package name = android
09-20 11:30:44.776 V/AlarmManager(  485): waitForAlarm result :8
09-20 11:30:44.796 I/ServiceKeeper(  485): In getpackagename pid = 485 uid = 1000 package name = android
09-20 11:30:44.796 I/ServiceKeeper(  485): In getpackagename pid = 485 uid = 1000 package name = android
09-20 11:30:44.896 V/AlarmManager(  485): waitForAlarm result :8
09-20 11:30:44.926 I/ServiceKeeper(  485): In getpackagename pid = 485 uid = 1000 package name = android
09-20 11:30:44.926 I/ServiceKeeper(  485): In getpackagename pid = 485 uid = 1000 package name = android
09-20 11:30:45.016 V/AlarmManager(  485): waitForAlarm result :8
09-20 11:30:45.056 I/ServiceKeeper(  485): In getpackagename pid = 485 uid = 1000 package name = android
09-20 11:30:45.056 I/ServiceKeeper(  485): In getpackagename pid = 485 uid = 1000 package name = android
09-20 11:30:45.136 V/AlarmManager(  485): waitForAlarm result :8
09-20 11:30:45.156 I/ServiceKeeper(  485): In getpackagename pid = 485 uid = 1000 package name = android
09-20 11:30:45.156 I/ServiceKeeper(  485): In getpackagename pid = 485 uid = 1000 package name = android
09-20 11:30:45.256 V/AlarmManager(  485): waitForAlarm result :8
09-20 11:30:45.276 I/ServiceKeeper(  485): In getpackagename pid = 485 uid = 1000 package name = android
09-20 11:30:45.276 I/ServiceKeeper(  485): In getpackagename pid = 485 uid = 1000 package name = android
09-20 11:30:45.376 V/AlarmManager(  485): waitForAlarm result :8
09-20 11:30:45.396 I/ServiceKeeper(  485): In getpackagename pid = 485 uid = 1000 package name = android
09-20 11:30:45.396 I/ServiceKeeper(  485): In getpackagename pid = 485 uid = 1000 package name = android
09-20 11:30:45.496 V/AlarmManager(  485): waitForAlarm result :8
09-20 11:30:45.516 I/ServiceKeeper(  485): In getpackagename pid = 485 uid = 1000 package name = android
09-20 11:30:45.516 I/ServiceKeeper(  485): In getpackagename pid = 485 uid = 1000 package name = android
09-20 11:30:45.617 V/AlarmManager(  485): waitForAlarm result :8
09-20 11:30:45.637 I/ServiceKeeper(  485): In getpackagename pid = 485 uid = 1000 package name = android
09-20 11:30:45.637 I/ServiceKeeper(  485): In getpackagename pid = 485 uid = 1000 package name = android
09-20 11:30:45.737 V/AlarmManager(  485): waitForAlarm result :8
09-20 11:30:45.757 I/ServiceKeeper(  485): In getpackagename pid = 485 uid = 1000 package name = android
09-20 11:30:45.757 I/ServiceKeeper(  485): In getpackagename pid = 485 uid = 1000 package name = android
09-20 11:30:45.857 V/AlarmManager(  485): waitForAlarm result :8
09-20 11:30:45.867 I/ServiceKeeper(  485): In getpackagename pid = 485 uid = 1000 package name = android
09-20 11:30:45.887 I/ServiceKeeper(  485): In getpackagename pid = 485 uid = 1000 package name = android
09-20 11:30:45.977 V/AlarmManager(  485): waitForAlarm result :8
09-20 11:30:45.987 I/ServiceKeeper(  485): In getpackagename pid = 485 uid = 1000 package name = android
09-20 11:30:46.007 I/ServiceKeeper(  485): In getpackagename pid = 485 uid = 1000 package name = android
09-20 11:30:46.097 V/AlarmManager(  485): waitForAlarm result :8
09-20 11:30:46.107 D/STATUSBAR-NetworkController(  961): refreshSignalCluster - setNWBoosterIndicators(false)
09-20 11:30:46.107 D/STATUSBAR-NetworkController(  961): refreshSignalCluster: data=0 bt=false
09-20 11:30:46.127 D/STATUSBAR-IconMerger(  961): checkOverflow(240), More:false, Req:false Child:3
09-20 11:30:46.147 I/ServiceKeeper(  485): In getpackagename pid = 485 uid = 1000 package name = android
09-20 11:30:46.147 I/ServiceKeeper(  485): In getpackagename pid = 485 uid = 1000 package name = android
09-20 11:30:46.217 V/AlarmManager(  485): waitForAlarm result :8
09-20 11:30:46.237 I/ServiceKeeper(  485): In getpackagename pid = 485 uid = 1000 package name = android
09-20 11:30:46.237 I/ServiceKeeper(  485): In getpackagename pid = 485 uid = 1000 package name = android
09-20 11:30:46.337 V/AlarmManager(  485): waitForAlarm result :8
09-20 11:30:46.357 I/ServiceKeeper(  485): In getpackagename pid = 485 uid = 1000 package name = android
09-20 11:30:46.357 I/ServiceKeeper(  485): In getpackagename pid = 485 uid = 1000 package name = android
09-20 11:30:46.457 V/AlarmManager(  485): waitForAlarm result :8
09-20 11:30:46.477 I/ServiceKeeper(  485): In getpackagename pid = 485 uid = 1000 package name = android
09-20 11:30:46.477 I/ServiceKeeper(  485): In getpackagename pid = 485 uid = 1000 package name = android
09-20 11:30:46.578 V/AlarmManager(  485): waitForAlarm result :8
09-20 11:30:46.598 I/ServiceKeeper(  485): In getpackagename pid = 485 uid = 1000 package name = android
09-20 11:30:46.618 I/ServiceKeeper(  485): In getpackagename pid = 485 uid = 1000 package name = android
09-20 11:30:46.658 D/dalvikvm( 3660): GC_CONCURRENT freed 945K, 54% free 8299K/17812K, paused 32ms+3ms, total 93ms
09-20 11:30:46.698 V/AlarmManager(  485): waitForAlarm result :8
09-20 11:30:46.708 I/ServiceKeeper(  485): In getpackagename pid = 485 uid = 1000 package name = android
09-20 11:30:46.708 I/ServiceKeeper(  485): In getpackagename pid = 485 uid = 1000 package name = android
09-20 11:30:46.788 E/SMD     (  168): DCD ON
09-20 11:30:46.818 V/AlarmManager(  485): waitForAlarm result :8
09-20 11:30:46.838 I/ServiceKeeper(  485): In getpackagename pid = 485 uid = 1000 package name = android
09-20 11:30:46.838 I/ServiceKeeper(  485): In getpackagename pid = 485 uid = 1000 package name = android
09-20 11:30:46.938 V/AlarmManager(  485): waitForAlarm result :8
09-20 11:30:46.958 I/ServiceKeeper(  485): In getpackagename pid = 485 uid = 1000 package name = android
09-20 11:30:46.958 I/ServiceKeeper(  485): In getpackagename pid = 485 uid = 1000 package name = android
09-20 11:30:46.978 D/SSRMv2:SIOP(  485): SIOP:: AP = 320, Delta = 0
09-20 11:30:47.058 V/AlarmManager(  485): waitForAlarm result :8
09-20 11:30:47.078 I/ServiceKeeper(  485): In getpackagename pid = 485 uid = 1000 package name = android
09-20 11:30:47.078 I/ServiceKeeper(  485): In getpackagename pid = 485 uid = 1000 package name = android
09-20 11:30:47.108 D/STATUSBAR-NetworkController(  961): refreshSignalCluster - setNWBoosterIndicators(false)
09-20 11:30:47.108 D/STATUSBAR-NetworkController(  961): refreshSignalCluster: data=0 bt=false
09-20 11:30:47.128 D/STATUSBAR-IconMerger(  961): checkOverflow(240), More:false, Req:false Child:3
09-20 11:30:47.178 V/AlarmManager(  485): waitForAlarm result :8
09-20 11:30:47.188 I/ServiceKeeper(  485): In getpackagename pid = 485 uid = 1000 package name = android
09-20 11:30:47.188 I/ServiceKeeper(  485): In getpackagename pid = 485 uid = 1000 package name = android
09-20 11:30:47.298 V/AlarmManager(  485): waitForAlarm result :8
09-20 11:30:47.318 I/ServiceKeeper(  485): In getpackagename pid = 485 uid = 1000 package name = android
09-20 11:30:47.318 I/ServiceKeeper(  485): In getpackagename pid = 485 uid = 1000 package name = android
09-20 11:30:47.418 V/AlarmManager(  485): waitForAlarm result :8
09-20 11:30:47.438 I/ServiceKeeper(  485): In getpackagename pid = 485 uid = 1000 package name = android
09-20 11:30:47.438 I/ServiceKeeper(  485): In getpackagename pid = 485 uid = 1000 package name = android
09-20 11:30:47.539 V/AlarmManager(  485): waitForAlarm result :8
09-20 11:30:47.559 I/ServiceKeeper(  485): In getpackagename pid = 485 uid = 1000 package name = android
09-20 11:30:47.559 I/ServiceKeeper(  485): In getpackagename pid = 485 uid = 1000 package name = android
09-20 11:30:47.659 V/AlarmManager(  485): waitForAlarm result :8
09-20 11:30:47.679 I/ServiceKeeper(  485): In getpackagename pid = 485 uid = 1000 package name = android
09-20 11:30:47.679 I/ServiceKeeper(  485): In getpackagename pid = 485 uid = 1000 package name = android
09-20 11:30:47.779 V/AlarmManager(  485): waitForAlarm result :8
09-20 11:30:47.799 I/ServiceKeeper(  485): In getpackagename pid = 485 uid = 1000 package name = android
09-20 11:30:47.799 I/ServiceKeeper(  485): In getpackagename pid = 485 uid = 1000 package name = android
09-20 11:30:47.899 V/AlarmManager(  485): waitForAlarm result :8
09-20 11:30:47.919 I/ServiceKeeper(  485): In getpackagename pid = 485 uid = 1000 package name = android
09-20 11:30:47.919 I/ServiceKeeper(  485): In getpackagename pid = 485 uid = 1000 package name = android
09-20 11:30:48.019 V/AlarmManager(  485): waitForAlarm result :8
09-20 11:30:48.049 I/ServiceKeeper(  485): In getpackagename pid = 485 uid = 1000 package name = android
09-20 11:30:48.049 I/ServiceKeeper(  485): In getpackagename pid = 485 uid = 1000 package name = android
09-20 11:30:48.139 V/AlarmManager(  485): waitForAlarm result :8
09-20 11:30:48.149 I/ServiceKeeper(  485): In getpackagename pid = 485 uid = 1000 package name = android
09-20 11:30:48.149 I/ServiceKeeper(  485): In getpackagename pid = 485 uid = 1000 package name = android
09-20 11:30:48.249 V/AlarmManager(  485): waitForAlarm result :8
09-20 11:30:48.269 I/ServiceKeeper(  485): In getpackagename pid = 485 uid = 1000 package name = android
09-20 11:30:48.269 I/ServiceKeeper(  485): In getpackagename pid = 485 uid = 1000 package name = android
09-20 11:30:48.379 I/ServiceKeeper(  485): In getpackagename pid = 485 uid = 1000 package name = android
09-20 11:30:48.379 V/AlarmManager(  485): waitForAlarm result :8
09-20 11:30:48.399 I/ServiceKeeper(  485): In getpackagename pid = 485 uid = 1000 package name = android
09-20 11:30:48.490 V/AlarmManager(  485): waitForAlarm result :8
09-20 11:30:48.510 I/ServiceKeeper(  485): In getpackagename pid = 485 uid = 1000 package name = android
09-20 11:30:48.510 I/ServiceKeeper(  485): In getpackagename pid = 485 uid = 1000 package name = android
09-20 11:30:48.620 I/ServiceKeeper(  485): In getpackagename pid = 485 uid = 1000 package name = android
09-20 11:30:48.620 I/ServiceKeeper(  485): In getpackagename pid = 485 uid = 1000 package name = android
09-20 11:30:48.620 V/AlarmManager(  485): waitForAlarm result :8
09-20 11:30:48.730 V/AlarmManager(  485): waitForAlarm result :8
09-20 11:30:48.740 I/ServiceKeeper(  485): In getpackagename pid = 485 uid = 1000 package name = android
09-20 11:30:48.760 I/ServiceKeeper(  485): In getpackagename pid = 485 uid = 1000 package name = android
09-20 11:30:48.850 V/AlarmManager(  485): waitForAlarm result :8
09-20 11:30:48.860 I/ServiceKeeper(  485): In getpackagename pid = 485 uid = 1000 package name = android
09-20 11:30:48.870 I/ServiceKeeper(  485): In getpackagename pid = 485 uid = 1000 package name = android
09-20 11:30:48.980 V/AlarmManager(  485): waitForAlarm result :8
09-20 11:30:48.980 I/ServiceKeeper(  485): In getpackagename pid = 485 uid = 1000 package name = android
09-20 11:30:49.000 I/ServiceKeeper(  485): In getpackagename pid = 485 uid = 1000 package name = android
09-20 11:30:49.090 V/AlarmManager(  485): waitForAlarm result :8
09-20 11:30:49.110 I/ServiceKeeper(  485): In getpackagename pid = 485 uid = 1000 package name = android
09-20 11:30:49.110 I/ServiceKeeper(  485): In getpackagename pid = 485 uid = 1000 package name = android
09-20 11:30:49.220 V/AlarmManager(  485): waitForAlarm result :8
09-20 11:30:49.230 I/ServiceKeeper(  485): In getpackagename pid = 485 uid = 1000 package name = android
09-20 11:30:49.230 I/ServiceKeeper(  485): In getpackagename pid = 485 uid = 1000 package name = android
09-20 11:30:49.340 V/AlarmManager(  485): waitForAlarm result :8
09-20 11:30:49.351 I/ServiceKeeper(  485): In getpackagename pid = 485 uid = 1000 package name = android
09-20 11:30:49.351 I/ServiceKeeper(  485): In getpackagename pid = 485 uid = 1000 package name = android
09-20 11:30:49.451 V/AlarmManager(  485): waitForAlarm result :8
09-20 11:30:49.471 I/ServiceKeeper(  485): In getpackagename pid = 485 uid = 1000 package name = android
09-20 11:30:49.471 I/ServiceKeeper(  485): In getpackagename pid = 485 uid = 1000 package name = android
09-20 11:30:49.531 D/STATUSBAR-NetworkController(  961): onReceive() - RSSI_CHANGED_ACTION, WIFI_STATE, NETWORK_STATE
09-20 11:30:49.531 D/STATUSBAR-NetworkController(  961): refreshSignalCluster - setNWBoosterIndicators(false)
09-20 11:30:49.531 D/STATUSBAR-NetworkController(  961): refreshSignalCluster: data=0 bt=false
09-20 11:30:49.551 D/STATUSBAR-IconMerger(  961): checkOverflow(240), More:false, Req:false Child:3
09-20 11:30:49.571 V/AlarmManager(  485): waitForAlarm result :8
09-20 11:30:49.591 I/ServiceKeeper(  485): In getpackagename pid = 485 uid = 1000 package name = android
09-20 11:30:49.591 I/ServiceKeeper(  485): In getpackagename pid = 485 uid = 1000 package name = android
09-20 11:30:49.701 V/AlarmManager(  485): waitForAlarm result :8
09-20 11:30:49.741 I/ServiceKeeper(  485): In getpackagename pid = 485 uid = 1000 package name = android
09-20 11:30:49.741 I/ServiceKeeper(  485): In getpackagename pid = 485 uid = 1000 package name = android
09-20 11:30:49.781 E/SMD     (  168): DCD ON
09-20 11:30:49.811 V/AlarmManager(  485): waitForAlarm result :8
09-20 11:30:49.831 I/ServiceKeeper(  485): In getpackagename pid = 485 uid = 1000 package name = android
09-20 11:30:49.831 I/ServiceKeeper(  485): In getpackagename pid = 485 uid = 1000 package name = android
09-20 11:30:49.941 V/AlarmManager(  485): waitForAlarm result :8
09-20 11:30:49.951 I/ServiceKeeper(  485): In getpackagename pid = 485 uid = 1000 package name = android
09-20 11:30:49.951 I/ServiceKeeper(  485): In getpackagename pid = 485 uid = 1000 package name = android
09-20 11:30:50.051 D/STATUSBAR-NetworkController(  961): onReceive() - RSSI_CHANGED_ACTION, WIFI_STATE, NETWORK_STATE
09-20 11:30:50.051 D/STATUSBAR-NetworkController(  961): refreshSignalCluster - setNWBoosterIndicators(false)
09-20 11:30:50.051 D/STATUSBAR-NetworkController(  961): refreshSignalCluster: data=0 bt=false
09-20 11:30:50.051 V/AlarmManager(  485): waitForAlarm result :8
09-20 11:30:50.061 D/STATUSBAR-IconMerger(  961): checkOverflow(240), More:false, Req:false Child:3
09-20 11:30:50.101 I/ServiceKeeper(  485): In getpackagename pid = 485 uid = 1000 package name = android
09-20 11:30:50.101 I/ServiceKeeper(  485): In getpackagename pid = 485 uid = 1000 package name = android
09-20 11:30:50.171 V/AlarmManager(  485): waitForAlarm result :8
09-20 11:30:50.191 I/ServiceKeeper(  485): In getpackagename pid = 485 uid = 1000 package name = android
09-20 11:30:50.191 I/ServiceKeeper(  485): In getpackagename pid = 485 uid = 1000 package name = android
09-20 11:30:50.302 V/AlarmManager(  485): waitForAlarm result :8
09-20 11:30:50.312 I/ServiceKeeper(  485): In getpackagename pid = 485 uid = 1000 package name = android
09-20 11:30:50.312 I/ServiceKeeper(  485): In getpackagename pid = 485 uid = 1000 package name = android
09-20 11:30:50.422 V/AlarmManager(  485): waitForAlarm result :8
09-20 11:30:50.442 I/ServiceKeeper(  485): In getpackagename pid = 485 uid = 1000 package name = android
09-20 11:30:50.442 I/ServiceKeeper(  485): In getpackagename pid = 485 uid = 1000 package name = android
09-20 11:30:50.532 V/AlarmManager(  485): waitForAlarm result :8
09-20 11:30:50.582 I/ServiceKeeper(  485): In getpackagename pid = 485 uid = 1000 package name = android
09-20 11:30:50.582 I/ServiceKeeper(  485): In getpackagename pid = 485 uid = 1000 package name = android
09-20 11:30:50.652 V/AlarmManager(  485): waitForAlarm result :8
09-20 11:30:50.662 I/ServiceKeeper(  485): In getpackagename pid = 485 uid = 1000 package name = android
09-20 11:30:50.662 I/ServiceKeeper(  485): In getpackagename pid = 485 uid = 1000 package name = android
09-20 11:30:50.772 V/AlarmManager(  485): waitForAlarm result :8
09-20 11:30:50.792 I/ServiceKeeper(  485): In getpackagename pid = 485 uid = 1000 package name = android
09-20 11:30:50.792 I/ServiceKeeper(  485): In getpackagename pid = 485 uid = 1000 package name = android
09-20 11:30:50.892 V/AlarmManager(  485): waitForAlarm result :8
09-20 11:30:50.912 I/ServiceKeeper(  485): In getpackagename pid = 485 uid = 1000 package name = android
09-20 11:30:50.922 I/ServiceKeeper(  485): In getpackagename pid = 485 uid = 1000 package name = android
09-20 11:30:51.012 V/AlarmManager(  485): waitForAlarm result :8
09-20 11:30:51.052 I/ServiceKeeper(  485): In getpackagename pid = 485 uid = 1000 package name = android
09-20 11:30:51.052 I/ServiceKeeper(  485): In getpackagename pid = 485 uid = 1000 package name = android
09-20 11:30:51.132 V/AlarmManager(  485): waitForAlarm result :8
09-20 11:30:51.152 I/ServiceKeeper(  485): In getpackagename pid = 485 uid = 1000 package name = android
09-20 11:30:51.152 I/ServiceKeeper(  485): In getpackagename pid = 485 uid = 1000 package name = android
09-20 11:30:51.253 V/AlarmManager(  485): waitForAlarm result :8
09-20 11:30:51.273 I/ServiceKeeper(  485): In getpackagename pid = 485 uid = 1000 package name = android
09-20 11:30:51.273 I/ServiceKeeper(  485): In getpackagename pid = 485 uid = 1000 package name = android
09-20 11:30:51.373 V/AlarmManager(  485): waitForAlarm result :8
09-20 11:30:51.393 I/ServiceKeeper(  485): In getpackagename pid = 485 uid = 1000 package name = android
09-20 11:30:51.393 I/ServiceKeeper(  485): In getpackagename pid = 485 uid = 1000 package name = android
09-20 11:30:51.493 V/AlarmManager(  485): waitForAlarm result :8
09-20 11:30:51.503 I/ServiceKeeper(  485): In getpackagename pid = 485 uid = 1000 package name = android
09-20 11:30:51.513 I/ServiceKeeper(  485): In getpackagename pid = 485 uid = 1000 package name = android
09-20 11:30:51.613 V/AlarmManager(  485): waitForAlarm result :8
09-20 11:30:51.643 I/ServiceKeeper(  485): In getpackagename pid = 485 uid = 1000 package name = android
09-20 11:30:51.643 I/ServiceKeeper(  485): In getpackagename pid = 485 uid = 1000 package name = android
09-20 11:30:51.733 V/AlarmManager(  485): waitForAlarm result :8
09-20 11:30:51.753 I/ServiceKeeper(  485): In getpackagename pid = 485 uid = 1000 package name = android
09-20 11:30:51.753 I/ServiceKeeper(  485): In getpackagename pid = 485 uid = 1000 package name = android
09-20 11:30:51.853 V/AlarmManager(  485): waitForAlarm result :8
09-20 11:30:51.863 I/ServiceKeeper(  485): In getpackagename pid = 485 uid = 1000 package name = android
09-20 11:30:51.883 I/ServiceKeeper(  485): In getpackagename pid = 485 uid = 1000 package name = android
09-20 11:30:51.973 V/AlarmManager(  485): waitForAlarm result :8
09-20 11:30:51.993 I/ServiceKeeper(  485): In getpackagename pid = 485 uid = 1000 package name = android
09-20 11:30:51.993 I/ServiceKeeper(  485): In getpackagename pid = 485 uid = 1000 package name = android
09-20 11:30:52.093 V/AlarmManager(  485): waitForAlarm result :8
09-20 11:30:52.113 I/ServiceKeeper(  485): In getpackagename pid = 485 uid = 1000 package name = android
09-20 11:30:52.113 I/ServiceKeeper(  485): In getpackagename pid = 485 uid = 1000 package name = android
09-20 11:30:52.214 V/AlarmManager(  485): waitForAlarm result :8
09-20 11:30:52.264 I/ServiceKeeper(  485): In getpackagename pid = 485 uid = 1000 package name = android
09-20 11:30:52.264 I/ServiceKeeper(  485): In getpackagename pid = 485 uid = 1000 package name = android
09-20 11:30:52.334 V/AlarmManager(  485): waitForAlarm result :8
09-20 11:30:52.334 D/PowerManagerService(  485): [s] UserActivityState : 1 -> 2
09-20 11:30:52.344 D/DisplayPowerController(  485): animation target = 20 (PSM:false, AB limit:(-1 ~ -1) MB Limit:(-1 ~ -1) MAdj:(0, (0, 255)))
09-20 11:30:52.344 D/PowerManagerService(  485): [s] mDisplayPowerControllerCallbacks : onStateChanged()
09-20 11:30:52.374 D/lights  (  485): lcd : 146 +
09-20 11:30:52.394 D/lights  (  485): lcd : 146 -
09-20 11:30:52.394 D/lights  (  485): lcd : 113 +
09-20 11:30:52.404 I/ServiceKeeper(  485): In getpackagename pid = 485 uid = 1000 package name = android
09-20 11:30:52.404 I/ServiceKeeper(  485): In getpackagename pid = 485 uid = 1000 package name = android
09-20 11:30:52.424 D/lights  (  485): lcd : 113 -
09-20 11:30:52.424 D/lights  (  485): lcd : 46 +
09-20 11:30:52.434 D/RampAnimator(  485): Light Animator Finished currentValue=20
09-20 11:30:52.454 V/AlarmManager(  485): waitForAlarm result :8
09-20 11:30:52.464 I/ServiceKeeper(  485): In getpackagename pid = 485 uid = 1000 package name = android
09-20 11:30:52.464 D/lights  (  485): lcd : 46 -
09-20 11:30:52.464 D/lights  (  485): lcd : 20 +
09-20 11:30:52.464 I/ServiceKeeper(  485): In getpackagename pid = 485 uid = 1000 package name = android
09-20 11:30:52.494 D/lights  (  485): lcd : 20 -
09-20 11:30:52.534 D/STATUSBAR-NetworkController(  961): onReceive() - RSSI_CHANGED_ACTION, WIFI_STATE, NETWORK_STATE
09-20 11:30:52.534 D/STATUSBAR-NetworkController(  961): refreshSignalCluster - setNWBoosterIndicators(false)
09-20 11:30:52.534 D/STATUSBAR-NetworkController(  961): refreshSignalCluster: data=0 bt=false
09-20 11:30:52.544 D/STATUSBAR-IconMerger(  961): checkOverflow(240), More:false, Req:false Child:3
09-20 11:30:52.574 V/AlarmManager(  485): waitForAlarm result :8
09-20 11:30:52.594 I/ServiceKeeper(  485): In getpackagename pid = 485 uid = 1000 package name = android
09-20 11:30:52.594 I/ServiceKeeper(  485): In getpackagename pid = 485 uid = 1000 package name = android
09-20 11:30:52.694 V/AlarmManager(  485): waitForAlarm result :8
09-20 11:30:52.704 I/ServiceKeeper(  485): In getpackagename pid = 485 uid = 1000 package name = android
09-20 11:30:52.704 I/ServiceKeeper(  485): In getpackagename pid = 485 uid = 1000 package name = android
09-20 11:30:52.784 E/SMD     (  168): DCD ON
09-20 11:30:52.814 I/ServiceKeeper(  485): In getpackagename pid = 485 uid = 1000 package name = android
09-20 11:30:52.814 V/AlarmManager(  485): waitForAlarm result :8
09-20 11:30:52.824 I/ServiceKeeper(  485): In getpackagename pid = 485 uid = 1000 package name = android
09-20 11:30:52.934 V/AlarmManager(  485): waitForAlarm result :8
09-20 11:30:52.944 I/ServiceKeeper(  485): In getpackagename pid = 485 uid = 1000 package name = android
09-20 11:30:52.944 I/ServiceKeeper(  485): In getpackagename pid = 485 uid = 1000 package name = android
09-20 11:30:52.984 D/AndroidRuntime(10674): 
09-20 11:30:52.984 D/AndroidRuntime(10674): >>>>>> AndroidRuntime START com.android.internal.os.RuntimeInit <<<<<<
09-20 11:30:52.984 D/AndroidRuntime(10674): CheckJNI is OFF
09-20 11:30:52.984 D/AndroidRuntime(10674): setted country_code = Canada
09-20 11:30:52.984 D/AndroidRuntime(10674): setted countryiso_code = CA
09-20 11:30:52.984 D/AndroidRuntime(10674): setted sales_code = RWC
09-20 11:30:52.984 D/AndroidRuntime(10674): readGMSProperty: start
09-20 11:30:52.984 D/AndroidRuntime(10674): readGMSProperty: already setted!!
09-20 11:30:52.984 D/AndroidRuntime(10674): readGMSProperty: end
09-20 11:30:52.984 D/AndroidRuntime(10674): addProductProperty: start
09-20 11:30:53.004 D/dalvikvm(10674): Trying to load lib libjavacore.so 0x0
09-20 11:30:53.004 D/dalvikvm(10674): Added shared lib libjavacore.so 0x0
09-20 11:30:53.014 D/dalvikvm(10674): Trying to load lib libnativehelper.so 0x0
09-20 11:30:53.014 D/dalvikvm(10674): Added shared lib libnativehelper.so 0x0
09-20 11:30:53.014 D/dalvikvm(10674): No JNI_OnLoad found in libnativehelper.so 0x0, skipping init
09-20 11:30:53.054 V/AlarmManager(  485): waitForAlarm result :8
09-20 11:30:53.074 I/ServiceKeeper(  485): In getpackagename pid = 485 uid = 1000 package name = android
09-20 11:30:53.074 I/ServiceKeeper(  485): In getpackagename pid = 485 uid = 1000 package name = android
09-20 11:30:53.165 E/memtrack(10674): Couldn't load memtrack module (No such file or directory)
09-20 11:30:53.165 E/android.os.Debug(10674): failed to load memtrack module: -2
09-20 11:30:53.175 V/AlarmManager(  485): waitForAlarm result :8
09-20 11:30:53.195 I/ServiceKeeper(  485): In getpackagename pid = 485 uid = 1000 package name = android
09-20 11:30:53.195 I/ServiceKeeper(  485): In getpackagename pid = 485 uid = 1000 package name = android
09-20 11:30:53.195 D/dalvikvm(10674): Note: class Landroid/app/ActivityManagerNative; has 192 unimplemented (abstract) methods
09-20 11:30:53.265 D/AndroidRuntime(10674): Calling main entry com.android.commands.pm.Pm
09-20 11:30:53.295 I/ServiceKeeper(  485): In getpackagename pid = 485 uid = 1000 package name = android
09-20 11:30:53.295 V/AlarmManager(  485): waitForAlarm result :8
09-20 11:30:53.305 I/ServiceKeeper(  485): In getpackagename pid = 485 uid = 1000 package name = android
09-20 11:30:53.305 V/PackageManager(  485): Install from ADB
09-20 11:30:53.305 D/PackageManager(  485): START_PACKAGE_INSTALL: observer{1131089384}
09-20 11:30:53.305 D/PackageManager(  485):           PackageURI{file:///data/local/tmp/com.hackthenorth.lockmeout.app}
09-20 11:30:53.315 D/PackageManager(  485): [MSG] INIT_COPY: observer{1131089384}
09-20 11:30:53.315 D/PackageManager(  485):           idx{0}
09-20 11:30:53.315 D/PackageManager(  485):           for_user{UserHandle{-1}}
09-20 11:30:53.315 D/PackageManager(  485): Trying to bind to DefaultContainerService
09-20 11:30:53.325 I/SELinux (10685): Function: selinux_android_load_priority [0], There is no sepolicy file.
09-20 11:30:53.325 I/SELinux (10685):  
09-20 11:30:53.325 I/SELinux (10685): Function: selinux_android_load_priority , priority version is VE=SEPF_SGH-I747M_4.4.2_0016
09-20 11:30:53.325 I/SELinux (10685):  
09-20 11:30:53.325 I/SELinux (10685):  
09-20 11:30:53.335 I/SELinux (10685): selinux_android_seapp_context_reload: seapp_contexts file is loaded from /seapp_contexts
09-20 11:30:53.335 E/dalvikvm(10685): >>>>> Normal User
09-20 11:30:53.335 E/dalvikvm(10685): >>>>> com.android.defcontainer [ userId:0 | appId:10026 ]
09-20 11:30:53.395 D/PackageManager(  485): onServiceConnected
09-20 11:30:53.395 D/PackageManager(  485): [MSG] MCS_BOUND
09-20 11:30:53.395 D/PackageManager(  485): [MSG] MCS_BOUND: observer{1131089384}
09-20 11:30:53.395 D/PackageManager(  485):           for_user{UserHandle{-1}}
09-20 11:30:53.415 I/ServiceKeeper(  485): In getpackagename pid = 485 uid = 1000 package name = android
09-20 11:30:53.415 I/ServiceKeeper(  485): In getpackagename pid = 485 uid = 1000 package name = android
09-20 11:30:53.415 V/AlarmManager(  485): waitForAlarm result :8
09-20 11:30:53.445 I/ServiceKeeper(  485): In getpackagename pid = 485 uid = 1000 package name = android
09-20 11:30:53.445 D/PersonaManagerService(  485): needVerificationForPackage  
09-20 11:30:53.445 D/PersonaManagerService(  485): needVerificationForPackage com.hackthenorth.lockmeout.app
09-20 11:30:53.445 D/PersonaManagerService(  485): needVerificationForPackage getting setupWizardApkLocation
09-20 11:30:53.445 I/ServiceKeeper(  485): In getpackagename pid = 485 uid = 1000 package name = android
09-20 11:30:53.445 D/PersonaManagerService(  485): needVerificationForPackage setupWizardApkLocation is null
09-20 11:30:53.445 D/PersonaManagerService(  485): needVerificationForPackage setupWizardApkLocation == null 
09-20 11:30:53.445 D/PersonaManagerService(  485): needVerificationForPackage getting handlerApkLocation
09-20 11:30:53.445 D/PersonaManagerService(  485): needVerificationForPackage handlerApkLocation is null
09-20 11:30:53.445 E/PersonaManagerService(  485): Unable to read user list
09-20 11:30:53.455 D/PersonaManagerService(  485): needVerificationForPackage handlerApkLocation == null 
09-20 11:30:53.455 I/HarmonyEASService(  485): Updating for all 1
09-20 11:30:53.455 D/Finsky  ( 2341): [1] PackageVerificationReceiver.onReceive: Verification requested, id = 6
09-20 11:30:53.455 D/PackageManager(  485): Found 1 verifiers for intent Intent { act=android.intent.action.PACKAGE_NEEDS_VERIFICATION dat=file:///data/local/tmp/com.hackthenorth.lockmeout.app typ=application/vnd.android.package-archive flg=0x1 } with 0 optional verifiers
09-20 11:30:53.455 E/PersonaManagerService(  485): Unable to read user list
09-20 11:30:53.455 I/PackageManager(  485): remove MCS_UNBIND message and Posting MCS_UNBIND 10 secs later
09-20 11:30:53.465 D/Finsky  ( 2341): [1] WorkerTask.onPreExecute: Verification Requested for id = 6, data=file:///data/local/tmp/com.hackthenorth.lockmeout.app flags=114 fromVerificationActivity=false
09-20 11:30:53.535 I/ServiceKeeper(  485): In getpackagename pid = 485 uid = 1000 package name = android
09-20 11:30:53.535 I/ServiceKeeper(  485): In getpackagename pid = 485 uid = 1000 package name = android
09-20 11:30:53.535 V/AlarmManager(  485): waitForAlarm result :8
09-20 11:30:53.595 D/dalvikvm( 2341): GC_CONCURRENT freed 4019K, 37% free 12613K/19908K, paused 4ms+6ms, total 53ms
09-20 11:30:53.655 I/ServiceKeeper(  485): In getpackagename pid = 485 uid = 1000 package name = android
09-20 11:30:53.655 I/ServiceKeeper(  485): In getpackagename pid = 485 uid = 1000 package name = android
09-20 11:30:53.655 V/AlarmManager(  485): waitForAlarm result :8
09-20 11:30:53.775 I/ServiceKeeper(  485): In getpackagename pid = 485 uid = 1000 package name = android
09-20 11:30:53.775 I/ServiceKeeper(  485): In getpackagename pid = 485 uid = 1000 package name = android
09-20 11:30:53.775 V/AlarmManager(  485): waitForAlarm result :8
09-20 11:30:53.785 D/dalvikvm( 2341): GC_CONCURRENT freed 2093K, 39% free 12173K/19908K, paused 3ms+3ms, total 52ms
09-20 11:30:53.785 D/dalvikvm( 2341): WAIT_FOR_CONCURRENT_GC blocked 43ms
09-20 11:30:53.895 D/dalvikvm( 2341): GC_CONCURRENT freed 1503K, 39% free 12174K/19908K, paused 4ms+3ms, total 47ms
09-20 11:30:53.895 D/dalvikvm( 2341): WAIT_FOR_CONCURRENT_GC blocked 25ms
09-20 11:30:53.895 V/AlarmManager(  485): waitForAlarm result :8
09-20 11:30:53.905 I/ServiceKeeper(  485): In getpackagename pid = 485 uid = 1000 package name = android
09-20 11:30:53.905 I/ServiceKeeper(  485): In getpackagename pid = 485 uid = 1000 package name = android
09-20 11:30:54.015 V/AlarmManager(  485): waitForAlarm result :8
09-20 11:30:54.025 I/ServiceKeeper(  485): In getpackagename pid = 485 uid = 1000 package name = android
09-20 11:30:54.025 I/ServiceKeeper(  485): In getpackagename pid = 485 uid = 1000 package name = android
09-20 11:30:54.096 I/PersonaManager( 2341): getPersonaService() name persona_policy
09-20 11:30:54.106 I/qtaguid ( 2341): Failed write_ctrl(u 64) res=-1 errno=22
09-20 11:30:54.106 I/qtaguid ( 2341): Untagging socket 64 failed errno=-22
09-20 11:30:54.106 W/NetworkManagementSocketTagger( 2341): untagSocket(64) failed with errno -22
09-20 11:30:54.106 I/ElegantRequestDirector( 2341): I/O exception (org.apache.http.NoHttpResponseException) caught when processing request: The target server failed to respond
09-20 11:30:54.106 I/ElegantRequestDirector( 2341): Retrying request
09-20 11:30:54.136 I/ServiceKeeper(  485): In getpackagename pid = 485 uid = 1000 package name = android
09-20 11:30:54.136 V/AlarmManager(  485): waitForAlarm result :8
09-20 11:30:54.146 I/ServiceKeeper(  485): In getpackagename pid = 485 uid = 1000 package name = android
09-20 11:30:54.186 D/STATUSBAR-NetworkController(  961): refreshSignalCluster - setNWBoosterIndicators(false)
09-20 11:30:54.186 D/STATUSBAR-NetworkController(  961): refreshSignalCluster: data=0 bt=false
09-20 11:30:54.206 D/STATUSBAR-IconMerger(  961): checkOverflow(240), More:false, Req:false Child:3
09-20 11:30:54.256 V/AlarmManager(  485): waitForAlarm result :8
09-20 11:30:54.266 I/ServiceKeeper(  485): In getpackagename pid = 485 uid = 1000 package name = android
09-20 11:30:54.266 I/ServiceKeeper(  485): In getpackagename pid = 485 uid = 1000 package name = android
09-20 11:30:54.376 D/dalvikvm( 2341): GC_CONCURRENT freed 1345K, 39% free 12337K/19908K, paused 8ms+11ms, total 80ms
09-20 11:30:54.376 D/dalvikvm( 2341): WAIT_FOR_CONCURRENT_GC blocked 32ms
09-20 11:30:54.376 V/AlarmManager(  485): waitForAlarm result :8
09-20 11:30:54.386 I/ServiceKeeper(  485): In getpackagename pid = 485 uid = 1000 package name = android
09-20 11:30:54.386 I/ServiceKeeper(  485): In getpackagename pid = 485 uid = 1000 package name = android
09-20 11:30:54.496 V/AlarmManager(  485): waitForAlarm result :8
