09-20 16:10:55.784 V/AlarmManager(  485): waitForAlarm result :8
09-20 16:10:55.914 V/AlarmManager(  485): waitForAlarm result :8
09-20 16:10:56.034 V/AlarmManager(  485): waitForAlarm result :8
09-20 16:10:56.144 V/AlarmManager(  485): waitForAlarm result :8
09-20 16:10:56.274 V/AlarmManager(  485): waitForAlarm result :8
09-20 16:10:56.395 V/AlarmManager(  485): waitForAlarm result :8
09-20 16:10:56.505 V/AlarmManager(  485): waitForAlarm result :8
09-20 16:10:56.625 V/AlarmManager(  485): waitForAlarm result :8
09-20 16:10:56.745 V/AlarmManager(  485): waitForAlarm result :8
09-20 16:10:56.865 V/AlarmManager(  485): waitForAlarm result :8
09-20 16:10:56.985 V/AlarmManager(  485): waitForAlarm result :8
09-20 16:10:57.105 V/AlarmManager(  485): waitForAlarm result :8
09-20 16:10:57.225 V/AlarmManager(  485): waitForAlarm result :8
09-20 16:10:57.346 V/AlarmManager(  485): waitForAlarm result :8
09-20 16:10:57.466 V/AlarmManager(  485): waitForAlarm result :8
09-20 16:10:57.586 V/AlarmManager(  485): waitForAlarm result :8
09-20 16:10:57.706 V/AlarmManager(  485): waitForAlarm result :8
09-20 16:10:57.826 V/AlarmManager(  485): waitForAlarm result :8
09-20 16:10:57.946 V/AlarmManager(  485): waitForAlarm result :8
09-20 16:10:58.066 V/AlarmManager(  485): waitForAlarm result :8
09-20 16:10:58.186 V/AlarmManager(  485): waitForAlarm result :8
09-20 16:10:58.227 D/BatteryService(  485): level:87, scale:100, status:3, health:2, present:true, voltage: 4142, temperature: 291, technology: Li-ion, AC powered:false, USB powered:false, Wireless powered:false, icon:17303533, invalid charger:0, online:1, current avg:-1, charge type:0, power sharing:false
09-20 16:10:58.237 D/BatteryService(  485): Sending ACTION_BATTERY_CHANGED.
09-20 16:10:58.257 D/STATUSBAR-PhoneStatusBar(  961):  mBrightnessEnablebySettings = true mBrightnessEnablebyBattery = true mBrightnessEnablebyDisableFlag = true mPmsBrightnessEnablebySettings = true
09-20 16:10:58.277 D/STATUSBAR-IconMerger(  961): checkOverflow(240), More:false, Req:false Child:1
09-20 16:10:58.277 D/BatteryMeterView(  961): ACTION_BATTERY_CHANGED : level:87 status:3 health:2
09-20 16:10:58.307 V/AlarmManager(  485): waitForAlarm result :8
09-20 16:10:58.427 V/AlarmManager(  485): waitForAlarm result :8
09-20 16:10:58.547 V/AlarmManager(  485): waitForAlarm result :8
09-20 16:10:58.667 V/AlarmManager(  485): waitForAlarm result :8
09-20 16:10:58.787 V/AlarmManager(  485): waitForAlarm result :8
09-20 16:10:58.907 V/AlarmManager(  485): waitForAlarm result :8
09-20 16:10:59.037 V/AlarmManager(  485): waitForAlarm result :8
09-20 16:10:59.147 V/AlarmManager(  485): waitForAlarm result :8
09-20 16:10:59.268 V/AlarmManager(  485): waitForAlarm result :8
09-20 16:10:59.388 V/AlarmManager(  485): waitForAlarm result :8
09-20 16:10:59.508 V/AlarmManager(  485): waitForAlarm result :8
09-20 16:10:59.628 V/AlarmManager(  485): waitForAlarm result :8
09-20 16:10:59.748 V/AlarmManager(  485): waitForAlarm result :8
09-20 16:10:59.868 V/AlarmManager(  485): waitForAlarm result :8
09-20 16:10:59.988 V/AlarmManager(  485): waitForAlarm result :8
09-20 16:11:00.028 V/AlarmManager(  485): waitForAlarm result :8
09-20 16:11:00.058 D/KeyguardClockWidgetService( 1456): onReceive action=android.intent.action.TIME_TICK
09-20 16:11:00.078 V/AlarmManager(  485): ClockReceiver onReceive() ACTION_TIME_TICK
09-20 16:11:00.099 V/AlarmManager(  485): waitForAlarm result :8
09-20 16:11:00.129 D/STATUSBAR-IconMerger(  961): checkOverflow(240), More:false, Req:false Child:1
09-20 16:11:00.219 V/AlarmManager(  485): waitForAlarm result :8
09-20 16:11:00.339 V/AlarmManager(  485): waitForAlarm result :8
09-20 16:11:00.459 V/AlarmManager(  485): waitForAlarm result :8
09-20 16:11:00.579 V/AlarmManager(  485): waitForAlarm result :8
09-20 16:11:00.699 V/AlarmManager(  485): waitForAlarm result :8
09-20 16:11:00.819 V/AlarmManager(  485): waitForAlarm result :8
09-20 16:11:00.939 V/AlarmManager(  485): waitForAlarm result :8
09-20 16:11:01.060 V/AlarmManager(  485): waitForAlarm result :8
09-20 16:11:02.073 V/AlarmManager(  485): waitForAlarm result :8
09-20 16:11:02.143 V/AlarmManager(  485): waitForAlarm result :8
09-20 16:11:02.263 V/AlarmManager(  485): waitForAlarm result :8
09-20 16:11:02.383 V/AlarmManager(  485): waitForAlarm result :8
09-20 16:11:02.503 V/AlarmManager(  485): waitForAlarm result :8
09-20 16:11:02.573 D/BatteryService(  485): level:87, scale:100, status:3, health:2, present:true, voltage: 4122, temperature: 290, technology: Li-ion, AC powered:false, USB powered:false, Wireless powered:false, icon:17303533, invalid charger:0, online:1, current avg:-1, charge type:0, power sharing:false
09-20 16:11:02.573 D/BatteryService(  485): Sending ACTION_BATTERY_CHANGED.
09-20 16:11:02.583 D/STATUSBAR-PhoneStatusBar(  961):  mBrightnessEnablebySettings = true mBrightnessEnablebyBattery = true mBrightnessEnablebyDisableFlag = true mPmsBrightnessEnablebySettings = true
09-20 16:11:02.603 D/STATUSBAR-IconMerger(  961): checkOverflow(240), More:false, Req:false Child:1
09-20 16:11:02.603 D/BatteryMeterView(  961): ACTION_BATTERY_CHANGED : level:87 status:3 health:2
09-20 16:11:02.623 V/AlarmManager(  485): waitForAlarm result :8
09-20 16:11:02.743 V/AlarmManager(  485): waitForAlarm result :8
09-20 16:11:03.063 V/AlarmManager(  485): waitForAlarm result :8
09-20 16:11:03.124 V/AlarmManager(  485): waitForAlarm result :8
09-20 16:11:03.224 V/AlarmManager(  485): waitForAlarm result :8
09-20 16:11:03.344 V/AlarmManager(  485): waitForAlarm result :8
09-20 16:11:03.464 V/AlarmManager(  485): waitForAlarm result :8
09-20 16:11:03.594 V/AlarmManager(  485): waitForAlarm result :8
09-20 16:11:03.614 D/BatteryService(  485): level:87, scale:100, status:3, health:2, present:true, voltage: 4138, temperature: 290, technology: Li-ion, AC powered:false, USB powered:false, Wireless powered:false, icon:17303533, invalid charger:0, online:1, current avg:-1, charge type:0, power sharing:false
09-20 16:11:03.614 D/BatteryService(  485): Sending ACTION_BATTERY_CHANGED.
09-20 16:11:03.664 D/STATUSBAR-PhoneStatusBar(  961):  mBrightnessEnablebySettings = true mBrightnessEnablebyBattery = true mBrightnessEnablebyDisableFlag = true mPmsBrightnessEnablebySettings = true
09-20 16:11:03.744 D/STATUSBAR-IconMerger(  961): checkOverflow(240), More:false, Req:false Child:1
09-20 16:11:03.794 D/BatteryMeterView(  961): ACTION_BATTERY_CHANGED : level:87 status:3 health:2
09-20 16:11:03.804 V/AlarmManager(  485): waitForAlarm result :8
09-20 16:11:04.555 V/AlarmManager(  485): waitForAlarm result :8
09-20 16:11:04.665 V/AlarmManager(  485): waitForAlarm result :8
09-20 16:11:04.805 V/AlarmManager(  485): waitForAlarm result :8
09-20 16:11:05.075 I/PowerManagerService(  485): [PWL] Off : 16s ago
09-20 16:11:05.085 V/AlarmManager(  485): waitForAlarm result :8
09-20 16:11:05.146 V/AlarmManager(  485): waitForAlarm result :8
09-20 16:11:05.266 V/AlarmManager(  485): waitForAlarm result :8
09-20 16:11:05.386 V/AlarmManager(  485): waitForAlarm result :8
09-20 16:11:05.506 V/AlarmManager(  485): waitForAlarm result :8
09-20 16:11:05.616 D/BatteryService(  485): level:87, scale:100, status:3, health:2, present:true, voltage: 4143, temperature: 290, technology: Li-ion, AC powered:false, USB powered:false, Wireless powered:false, icon:17303533, invalid charger:0, online:1, current avg:-1, charge type:0, power sharing:false
09-20 16:11:05.616 D/BatteryService(  485): Sending ACTION_BATTERY_CHANGED.
09-20 16:11:05.626 V/AlarmManager(  485): waitForAlarm result :8
09-20 16:11:05.636 D/STATUSBAR-PhoneStatusBar(  961):  mBrightnessEnablebySettings = true mBrightnessEnablebyBattery = true mBrightnessEnablebyDisableFlag = true mPmsBrightnessEnablebySettings = true
09-20 16:11:05.646 D/STATUSBAR-IconMerger(  961): checkOverflow(240), More:false, Req:false Child:1
09-20 16:11:05.646 D/BatteryMeterView(  961): ACTION_BATTERY_CHANGED : level:87 status:3 health:2
09-20 16:11:25.253 V/AlarmManager(  485): waitForAlarm result :4
09-20 16:11:25.293 V/AlarmManager(  485): trigger ELAPSED_REALTIME_WAKEUP or RTC_WAKEUP
09-20 16:11:25.303 V/AlarmManager(  485): trigger ELAPSED_REALTIME_WAKEUP or RTC_WAKEUP
09-20 16:11:25.303 V/AlarmManager(  485): trigger ELAPSED_REALTIME_WAKEUP or RTC_WAKEUP
09-20 16:11:25.393 V/AlarmManager(  485):  next == MAX_VALUE
09-20 16:11:25.473 D/STATUSBAR-StatusBarManagerService(  485): sendNotification(1) - 1
09-20 16:11:25.593 E/Watchdog(  485): !@Sync 504
09-20 16:11:25.593 D/BatteryService(  485): level:87, scale:100, status:3, health:2, present:true, voltage: 4098, temperature: 288, technology: Li-ion, AC powered:false, USB powered:false, Wireless powered:false, icon:17303533, invalid charger:0, online:1, current avg:-1, charge type:0, power sharing:false
09-20 16:11:25.593 D/BatteryService(  485): Sending ACTION_BATTERY_CHANGED.
09-20 16:11:25.623 D/PhoneStatusBar(  961): tick(): knoxCustomManager = android.app.enterprise.knoxcustom.KnoxCustomManager@42919558
09-20 16:11:25.653 D/STATUSBAR-PhoneStatusBar(  961):  mBrightnessEnablebySettings = true mBrightnessEnablebyBattery = true mBrightnessEnablebyDisableFlag = true mPmsBrightnessEnablebySettings = true
09-20 16:11:25.653 D/BatteryMeterView(  961): ACTION_BATTERY_CHANGED : level:87 status:3 health:2
09-20 16:11:25.663 D/STATUSBAR-IconMerger(  961): checkOverflow(240), More:false, Req:false Child:2
09-20 16:11:25.743 D/ConnectivityService(  485): handleInetConditionHoldEnd: net=1, condition=100, published condition=100
09-20 16:11:25.753 D/STATUSBAR-NetworkController(  961): onReceive() - CONNECTIVITY_ACTION, INET_CONDITION_ACTION
09-20 16:11:25.753 D/STATUSBAR-NetworkController(  961): getUpdateDataNetType() - mDataNetType:13
09-20 16:11:25.753 E/StatusBar.NetworkController(  961): updateOYADataNetType:13
09-20 16:11:25.753 D/STATUSBAR-NetworkController(  961): Nothing, mRoamingIconId = 0
09-20 16:11:26.484 D/BatteryService(  485): level:87, scale:100, status:3, health:2, present:true, voltage: 4146, temperature: 288, technology: Li-ion, AC powered:false, USB powered:false, Wireless powered:false, icon:17303533, invalid charger:0, online:1, current avg:-1, charge type:0, power sharing:false
09-20 16:11:26.484 D/BatteryService(  485): Sending ACTION_BATTERY_CHANGED.
09-20 16:11:26.504 D/STATUSBAR-PhoneStatusBar(  961):  mBrightnessEnablebySettings = true mBrightnessEnablebyBattery = true mBrightnessEnablebyDisableFlag = true mPmsBrightnessEnablebySettings = true
09-20 16:11:26.524 D/STATUSBAR-IconMerger(  961): checkOverflow(240), More:false, Req:false Child:2
09-20 16:11:26.534 D/BatteryMeterView(  961): ACTION_BATTERY_CHANGED : level:87 status:3 health:2
09-20 16:11:27.325 V/AlarmManager(  485): waitForAlarm result :4
09-20 16:11:27.335 V/AlarmManager(  485): trigger ELAPSED_REALTIME_WAKEUP or RTC_WAKEUP
09-20 16:11:32.093 V/AlarmManager(  485): waitForAlarm result :4
09-20 16:11:32.173 V/AlarmManager(  485): trigger ELAPSED_REALTIME_WAKEUP or RTC_WAKEUP
09-20 16:11:32.183 V/AlarmManager(  485): trigger ELAPSED_REALTIME_WAKEUP or RTC_WAKEUP
09-20 16:11:32.183 V/AlarmManager(  485): trigger ELAPSED_REALTIME_WAKEUP or RTC_WAKEUP
09-20 16:11:32.193 V/AlarmManager(  485): trigger ELAPSED_REALTIME_WAKEUP or RTC_WAKEUP
09-20 16:11:32.193 V/AlarmManager(  485): waitForAlarm result :4
09-20 16:11:32.423 V/AlarmManager(  485): waitForAlarm result :4
09-20 16:11:32.433 V/AlarmManager(  485): trigger ELAPSED_REALTIME_WAKEUP or RTC_WAKEUP
09-20 16:11:32.623 D/BatteryService(  485): level:87, scale:100, status:3, health:2, present:true, voltage: 4097, temperature: 288, technology: Li-ion, AC powered:false, USB powered:false, Wireless powered:false, icon:17303533, invalid charger:0, online:1, current avg:-1, charge type:0, power sharing:false
09-20 16:11:32.623 D/BatteryService(  485): Sending ACTION_BATTERY_CHANGED.
09-20 16:11:32.633 D/STATUSBAR-PhoneStatusBar(  961):  mBrightnessEnablebySettings = true mBrightnessEnablebyBattery = true mBrightnessEnablebyDisableFlag = true mPmsBrightnessEnablebySettings = true
09-20 16:11:32.643 D/STATUSBAR-IconMerger(  961): checkOverflow(240), More:false, Req:false Child:2
09-20 16:11:32.653 D/BatteryMeterView(  961): ACTION_BATTERY_CHANGED : level:87 status:3 health:2
09-20 16:11:32.733 V/AlarmManager(  485): waitForAlarm result :4
09-20 16:11:32.743 V/AlarmManager(  485): trigger ELAPSED_REALTIME_WAKEUP or RTC_WAKEUP
09-20 16:11:48.073 V/AlarmManager(  485): waitForAlarm result :4
09-20 16:11:48.123 V/AlarmManager(  485): trigger ELAPSED_REALTIME_WAKEUP or RTC_WAKEUP
09-20 16:11:48.603 D/BatteryService(  485): level:87, scale:100, status:3, health:2, present:true, voltage: 4120, temperature: 287, technology: Li-ion, AC powered:false, USB powered:false, Wireless powered:false, icon:17303533, invalid charger:0, online:1, current avg:-1, charge type:0, power sharing:false
09-20 16:11:48.603 D/BatteryService(  485): Sending ACTION_BATTERY_CHANGED.
09-20 16:11:48.613 D/STATUSBAR-PhoneStatusBar(  961):  mBrightnessEnablebySettings = true mBrightnessEnablebyBattery = true mBrightnessEnablebyDisableFlag = true mPmsBrightnessEnablebySettings = true
09-20 16:11:48.633 D/STATUSBAR-IconMerger(  961): checkOverflow(240), More:false, Req:false Child:2
09-20 16:11:48.633 D/BatteryMeterView(  961): ACTION_BATTERY_CHANGED : level:87 status:3 health:2
09-20 16:12:18.083 V/AlarmManager(  485): waitForAlarm result :12
09-20 16:12:18.143 D/KeyguardClockWidgetService( 1456): onReceive action=android.intent.action.TIME_TICK
09-20 16:12:18.153 V/AlarmManager(  485): ClockReceiver onReceive() ACTION_TIME_TICK
09-20 16:12:18.223 V/AlarmManager(  485): trigger ELAPSED_REALTIME_WAKEUP or RTC_WAKEUP
09-20 16:12:18.233 V/AlarmManager(  485): trigger ELAPSED_REALTIME_WAKEUP or RTC_WAKEUP
09-20 16:12:18.403 D/STATUSBAR-IconMerger(  961): checkOverflow(240), More:false, Req:false Child:2
09-20 16:12:18.603 D/BatteryService(  485): level:87, scale:100, status:3, health:2, present:true, voltage: 4098, temperature: 284, technology: Li-ion, AC powered:false, USB powered:false, Wireless powered:false, icon:17303533, invalid charger:0, online:1, current avg:-1, charge type:0, power sharing:false
09-20 16:12:18.603 D/BatteryService(  485): Sending ACTION_BATTERY_CHANGED.
09-20 16:12:18.613 D/STATUSBAR-PhoneStatusBar(  961):  mBrightnessEnablebySettings = true mBrightnessEnablebyBattery = true mBrightnessEnablebyDisableFlag = true mPmsBrightnessEnablebySettings = true
09-20 16:12:18.633 D/STATUSBAR-IconMerger(  961): checkOverflow(240), More:false, Req:false Child:2
09-20 16:12:18.643 D/BatteryMeterView(  961): ACTION_BATTERY_CHANGED : level:87 status:3 health:2
09-20 16:12:22.593 D/BatteryService(  485): level:87, scale:100, status:3, health:2, present:true, voltage: 4088, temperature: 284, technology: Li-ion, AC powered:false, USB powered:false, Wireless powered:false, icon:17303533, invalid charger:0, online:1, current avg:-1, charge type:0, power sharing:false
09-20 16:12:22.593 D/BatteryService(  485): Sending ACTION_BATTERY_CHANGED.
09-20 16:12:22.623 D/STATUSBAR-PhoneStatusBar(  961):  mBrightnessEnablebySettings = true mBrightnessEnablebyBattery = true mBrightnessEnablebyDisableFlag = true mPmsBrightnessEnablebySettings = true
09-20 16:12:22.623 D/BatteryMeterView(  961): ACTION_BATTERY_CHANGED : level:87 status:3 health:2
09-20 16:12:22.633 D/STATUSBAR-IconMerger(  961): checkOverflow(240), More:false, Req:false Child:2
09-20 16:12:22.663 V/AlarmManager(  485): waitForAlarm result :4
09-20 16:12:22.673 V/AlarmManager(  485): trigger ELAPSED_REALTIME_WAKEUP or RTC_WAKEUP
09-20 16:12:26.583 D/BatteryService(  485): level:87, scale:100, status:3, health:2, present:true, voltage: 4091, temperature: 286, technology: Li-ion, AC powered:false, USB powered:false, Wireless powered:false, icon:17303533, invalid charger:0, online:1, current avg:-1, charge type:0, power sharing:false
09-20 16:12:26.583 D/BatteryService(  485): Sending ACTION_BATTERY_CHANGED.
09-20 16:12:26.603 D/STATUSBAR-PhoneStatusBar(  961):  mBrightnessEnablebySettings = true mBrightnessEnablebyBattery = true mBrightnessEnablebyDisableFlag = true mPmsBrightnessEnablebySettings = true
09-20 16:12:26.623 D/STATUSBAR-IconMerger(  961): checkOverflow(240), More:false, Req:false Child:2
09-20 16:12:26.623 D/BatteryMeterView(  961): ACTION_BATTERY_CHANGED : level:87 status:3 health:2
09-20 16:12:27.344 V/AlarmManager(  485): waitForAlarm result :4
09-20 16:12:27.434 V/AlarmManager(  485): trigger ELAPSED_REALTIME_WAKEUP or RTC_WAKEUP
09-20 16:12:27.444 D/STATUSBAR-NetworkController(  961): onReceive() - RSSI_CHANGED_ACTION, WIFI_STATE, NETWORK_STATE
09-20 16:12:27.444 D/STATUSBAR-NetworkController(  961): refreshSignalCluster - setNWBoosterIndicators(false)
09-20 16:12:27.444 D/STATUSBAR-NetworkController(  961): refreshSignalCluster: data=0 bt=false
09-20 16:12:27.464 D/STATUSBAR-IconMerger(  961): checkOverflow(240), More:false, Req:false Child:2
09-20 16:12:27.894 D/BatteryService(  485): level:87, scale:100, status:3, health:2, present:true, voltage: 4107, temperature: 286, technology: Li-ion, AC powered:false, USB powered:false, Wireless powered:false, icon:17303533, invalid charger:0, online:1, current avg:-1, charge type:0, power sharing:false
09-20 16:12:27.894 D/BatteryService(  485): Sending ACTION_BATTERY_CHANGED.
09-20 16:12:27.904 D/STATUSBAR-PhoneStatusBar(  961):  mBrightnessEnablebySettings = true mBrightnessEnablebyBattery = true mBrightnessEnablebyDisableFlag = true mPmsBrightnessEnablebySettings = true
09-20 16:12:27.924 D/STATUSBAR-IconMerger(  961): checkOverflow(240), More:false, Req:false Child:2
09-20 16:12:27.924 D/BatteryMeterView(  961): ACTION_BATTERY_CHANGED : level:87 status:3 health:2
09-20 16:12:33.103 I/PowerManagerService(  485): [PWL] Off : 104s ago
09-20 16:12:33.633 D/BatteryService(  485): level:87, scale:100, status:3, health:2, present:true, voltage: 4153, temperature: 287, technology: Li-ion, AC powered:false, USB powered:false, Wireless powered:false, icon:17303533, invalid charger:0, online:1, current avg:-1, charge type:0, power sharing:false
09-20 16:12:33.643 D/BatteryService(  485): Sending ACTION_BATTERY_CHANGED.
09-20 16:12:33.673 D/STATUSBAR-PhoneStatusBar(  961):  mBrightnessEnablebySettings = true mBrightnessEnablebyBattery = true mBrightnessEnablebyDisableFlag = true mPmsBrightnessEnablebySettings = true
09-20 16:12:33.673 D/BatteryMeterView(  961): ACTION_BATTERY_CHANGED : level:87 status:3 health:2
09-20 16:12:33.693 D/STATUSBAR-IconMerger(  961): checkOverflow(240), More:false, Req:false Child:2
09-20 16:12:46.093 V/AlarmManager(  485): waitForAlarm result :4
09-20 16:12:46.143 V/AlarmManager(  485): trigger ELAPSED_REALTIME_WAKEUP or RTC_WAKEUP
09-20 16:12:46.613 D/BatteryService(  485): level:87, scale:100, status:3, health:2, present:true, voltage: 4118, temperature: 283, technology: Li-ion, AC powered:false, USB powered:false, Wireless powered:false, icon:17303533, invalid charger:0, online:1, current avg:-1, charge type:0, power sharing:false
09-20 16:12:46.613 D/BatteryService(  485): Sending ACTION_BATTERY_CHANGED.
09-20 16:12:46.633 D/STATUSBAR-PhoneStatusBar(  961):  mBrightnessEnablebySettings = true mBrightnessEnablebyBattery = true mBrightnessEnablebyDisableFlag = true mPmsBrightnessEnablebySettings = true
09-20 16:12:46.663 D/STATUSBAR-IconMerger(  961): checkOverflow(240), More:false, Req:false Child:2
09-20 16:12:46.663 D/BatteryMeterView(  961): ACTION_BATTERY_CHANGED : level:87 status:3 health:2
09-20 16:12:48.805 V/AlarmManager(  485): waitForAlarm result :4
09-20 16:12:48.805 V/AlarmManager(  485): trigger ELAPSED_REALTIME_WAKEUP or RTC_WAKEUP
09-20 16:12:48.945 V/AlarmManager(  485): waitForAlarm result :4
09-20 16:12:48.965 V/AlarmManager(  485): trigger ELAPSED_REALTIME_WAKEUP or RTC_WAKEUP
09-20 16:13:26.073 V/AlarmManager(  485): waitForAlarm result :8
09-20 16:13:26.093 D/KeyguardClockWidgetService( 1456): onReceive action=android.intent.action.TIME_TICK
09-20 16:13:26.103 V/AlarmManager(  485): ClockReceiver onReceive() ACTION_TIME_TICK
09-20 16:13:26.163 D/STATUSBAR-IconMerger(  961): checkOverflow(240), More:false, Req:false Child:2
09-20 16:13:26.723 D/BatteryService(  485): level:87, scale:100, status:3, health:2, present:true, voltage: 4125, temperature: 279, technology: Li-ion, AC powered:false, USB powered:false, Wireless powered:false, icon:17303533, invalid charger:0, online:1, current avg:-1, charge type:0, power sharing:false
09-20 16:13:26.723 D/BatteryService(  485): Sending ACTION_BATTERY_CHANGED.
09-20 16:13:26.743 D/STATUSBAR-PhoneStatusBar(  961):  mBrightnessEnablebySettings = true mBrightnessEnablebyBattery = true mBrightnessEnablebyDisableFlag = true mPmsBrightnessEnablebySettings = true
09-20 16:13:26.753 D/STATUSBAR-IconMerger(  961): checkOverflow(240), More:false, Req:false Child:2
09-20 16:13:26.763 D/BatteryMeterView(  961): ACTION_BATTERY_CHANGED : level:87 status:3 health:2
09-20 16:13:27.514 V/AlarmManager(  485): waitForAlarm result :4
09-20 16:13:27.534 V/AlarmManager(  485): trigger ELAPSED_REALTIME_WAKEUP or RTC_WAKEUP
09-20 16:13:27.534 V/AlarmManager(  485): trigger ELAPSED_REALTIME_WAKEUP or RTC_WAKEUP
09-20 16:14:26.093 V/AlarmManager(  485): waitForAlarm result :8
09-20 16:14:26.153 D/KeyguardClockWidgetService( 1456): onReceive action=android.intent.action.TIME_TICK
09-20 16:14:26.163 V/AlarmManager(  485): ClockReceiver onReceive() ACTION_TIME_TICK
09-20 16:14:26.173 V/AlarmManager(  485): ___SyncScheduler (v3) ACTIVATED___
09-20 16:14:26.173 V/AlarmManager(  485): <AppSync3 Whitelist>
09-20 16:14:26.173 V/AlarmManager(  485): (AppSync) com.google.android.gms : 900(1520)
09-20 16:14:26.173 V/AlarmManager(  485): (AppSync) com.sec.spp.push : 10800(4080)
09-20 16:14:26.173 V/AlarmManager(  485): (AppSync) com.google.android.googlequicksearchbox : 7200(7200)
09-20 16:14:26.173 V/AlarmManager(  485): (AppSync) com.outlook.Z7 : 1860(1200)
09-20 16:14:26.173 V/AlarmManager(  485): (AppSync) ### 4 added ###
09-20 16:14:26.223 D/STATUSBAR-IconMerger(  961): checkOverflow(240), More:false, Req:false Child:2
09-20 16:14:26.813 D/BatteryService(  485): level:87, scale:100, status:3, health:2, present:true, voltage: 4116, temperature: 275, technology: Li-ion, AC powered:false, USB powered:false, Wireless powered:false, icon:17303533, invalid charger:0, online:1, current avg:-1, charge type:0, power sharing:false
09-20 16:14:26.813 D/BatteryService(  485): Sending ACTION_BATTERY_CHANGED.
09-20 16:14:26.943 D/STATUSBAR-PhoneStatusBar(  961):  mBrightnessEnablebySettings = true mBrightnessEnablebyBattery = true mBrightnessEnablebyDisableFlag = true mPmsBrightnessEnablebySettings = true
09-20 16:14:26.943 D/BatteryMeterView(  961): ACTION_BATTERY_CHANGED : level:87 status:3 health:2
09-20 16:14:26.963 D/STATUSBAR-IconMerger(  961): checkOverflow(240), More:false, Req:false Child:2
09-20 16:14:27.724 V/AlarmManager(  485): waitForAlarm result :4
09-20 16:14:27.794 V/AlarmManager(  485): trigger ELAPSED_REALTIME_WAKEUP or RTC_WAKEUP
09-20 16:14:28.225 D/BatteryService(  485): level:87, scale:100, status:3, health:2, present:true, voltage: 4145, temperature: 275, technology: Li-ion, AC powered:false, USB powered:false, Wireless powered:false, icon:17303533, invalid charger:0, online:1, current avg:-1, charge type:0, power sharing:false
09-20 16:14:28.235 D/BatteryService(  485): Sending ACTION_BATTERY_CHANGED.
09-20 16:14:28.255 D/STATUSBAR-PhoneStatusBar(  961):  mBrightnessEnablebySettings = true mBrightnessEnablebyBattery = true mBrightnessEnablebyDisableFlag = true mPmsBrightnessEnablebySettings = true
09-20 16:14:28.255 D/BatteryMeterView(  961): ACTION_BATTERY_CHANGED : level:87 status:3 health:2
09-20 16:14:28.275 D/STATUSBAR-IconMerger(  961): checkOverflow(240), More:false, Req:false Child:2
09-20 16:15:26.093 V/AlarmManager(  485): waitForAlarm result :8
09-20 16:15:26.163 D/KeyguardClockWidgetService( 1456): onReceive action=android.intent.action.TIME_TICK
09-20 16:15:26.183 V/AlarmManager(  485): ClockReceiver onReceive() ACTION_TIME_TICK
09-20 16:15:26.223 D/STATUSBAR-IconMerger(  961): checkOverflow(240), More:false, Req:false Child:2
--------- beginning of /dev/log/main
09-20 16:15:26.413 D/dalvikvm( 2011): WAIT_FOR_CONCURRENT_GC blocked 29ms
09-20 16:15:26.493 D/dalvikvm( 2011): GC_FOR_ALLOC freed 122K, 54% free 8247K/17812K, paused 29ms, total 30ms
09-20 16:15:26.573 I/MPL-mldl_cfg_mpu:(  485): inv_mpu_resume(,,,,03ff) -> 03ff
09-20 16:15:26.973 D/dalvikvm(  485): GC_FOR_ALLOC freed 906K, 25% free 35925K/47572K, paused 457ms, total 458ms
09-20 16:15:26.973 I/ServiceKeeper(  485): In getpackagename pid = 485 uid = 1000 package name = android
09-20 16:15:26.973 D/BatteryService(  485): level:87, scale:100, status:3, health:2, present:true, voltage: 4122, temperature: 269, technology: Li-ion, AC powered:false, USB powered:false, Wireless powered:false, icon:17303533, invalid charger:0, online:1, current avg:-1, charge type:0, power sharing:false
09-20 16:15:26.973 D/BatteryService(  485): Sending ACTION_BATTERY_CHANGED.
09-20 16:15:26.983 D/KeyguardUpdateMonitor(  961): received broadcast android.intent.action.BATTERY_CHANGED
09-20 16:15:26.983 D/KeyguardUpdateMonitor(  961): handleBatteryUpdate
09-20 16:15:26.983 D/STATUSBAR-PhoneStatusBar(  961):  mBrightnessEnablebySettings = true mBrightnessEnablebyBattery = true mBrightnessEnablebyDisableFlag = true mPmsBrightnessEnablebySettings = true
09-20 16:15:26.983 D/BatteryMeterView(  961): ACTION_BATTERY_CHANGED : level:87 status:3 health:2
09-20 16:15:27.003 D/STATUSBAR-IconMerger(  961): checkOverflow(240), More:false, Req:false Child:2
09-20 16:15:27.053 I/ServiceKeeper(  485): In getpackagename pid = 485 uid = 1000 package name = android
09-20 16:15:27.374 E/Sensors (  485): accelHandler -0.183518 -0.135319 9.354796
09-20 16:15:27.894 V/AlarmManager(  485): waitForAlarm result :4
09-20 16:15:27.904 I/ServiceKeeper(  485): In getpackagename pid = 485 uid = 1000 package name = android
09-20 16:15:27.904 V/AlarmManager(  485): trigger ELAPSED_REALTIME_WAKEUP or RTC_WAKEUP
09-20 16:15:28.064 I/ServiceKeeper(  485): In getpackagename pid = 485 uid = 1000 package name = android
09-20 16:16:28.063 V/AT_Distributor_diag(  170): fd_uart (9), fd_atd(7)
09-20 16:16:28.073 V/AT_Distributor_diag(  170): [UART DIAG] : 
09-20 16:16:28.073 V/AlarmManager(  485): waitForAlarm result :12
09-20 16:16:28.103 D/KeyguardClockWidgetService( 1456): onReceive action=android.intent.action.TIME_TICK
09-20 16:16:28.103 V/AlarmManager(  485): ClockReceiver onReceive() ACTION_TIME_TICK
09-20 16:16:28.113 E/        (  485): ../../ml.c|inv_update_data|518 returning 63
09-20 16:16:28.123 E/        (  485): INV_WARNING_QUAT_TRASHED
09-20 16:16:28.123 V/AlarmManager(  485): trigger ELAPSED_REALTIME_WAKEUP or RTC_WAKEUP
09-20 16:16:28.133 D/KeyguardUpdateMonitor(  961): received broadcast android.intent.action.TIME_TICK
09-20 16:16:28.133 D/KeyguardUpdateMonitor(  961): handleTimeUpdate
09-20 16:16:28.163 D/STATUSBAR-IconMerger(  961): checkOverflow(240), More:false, Req:false Child:2
09-20 16:16:28.193 I/SensorManagerA( 2318): getReportingMode :: sensor.mType = 1
09-20 16:16:28.193 I/ServiceKeeper(  485): In getpackagename pid = 485 uid = 1000 package name = android
09-20 16:16:28.213 V/Sensors (  485): setDelay - sensor Accelerometer (handle 4), rate 10 ms (100.00 Hz)
09-20 16:16:28.213 D/SensorManager( 2318): registerListener :: 4, MPL accel, 0, 0,  
09-20 16:16:28.213 I/ServiceKeeper(  485): In getpackagename pid = 485 uid = 1000 package name = android
09-20 16:16:28.223 E/Sensors (  485): activatePendingSensors : mEnabled = 11
09-20 16:16:28.223 E/Sensors (  485): requested_sensors(0) from kernel
09-20 16:16:28.223 I/Sensors (  485): Disabled 9 axis sensor fusion
09-20 16:16:28.223 D/        (  485): SaveParameters: prms->m_iStatusCurrent = 1
09-20 16:16:28.223 D/        (  485): SaveParameters: Ready to save the following data!
09-20 16:16:28.223 D/        (  485): HSUC_HDST = 0x0
09-20 16:16:28.223 D/        (  485): HSUC_HO(x, y, z) = (0xffffff8e, 0x1b3, 0x351)
09-20 16:16:28.223 D/        (  485): prms->HSUC_HDST[0] = 0x0
09-20 16:16:28.223 D/        (  485): prms->HSUC_HO[0](x, y, z) = (0x0, 0x0, 0x0)
09-20 16:16:28.223 D/        (  485): prms->HSUC_HDST[1] = 0x0
09-20 16:16:28.223 D/        (  485): prms->HSUC_HO[1](x, y, z) = (0xffffff8e, 0x1b3, 0x351)
09-20 16:16:28.223 I/MPL-mldl_cfg_mpu:(  485): inv_mpu_suspend(,,,,7fff) -> 0000
09-20 16:16:28.223 E/Sensors (  485): set fifo rate - divider : 1, delay : 10 ms (100.00 Hz)
09-20 16:16:28.223 V/Sensors (  485): Starting DMP
09-20 16:16:28.223 I/Sensors (  485): Enabled 9 axis sensor fusion
09-20 16:16:28.223 D/dalvikvm( 2011): GC_CONCURRENT freed 1302K, 56% free 7970K/17812K, paused 2ms+11ms, total 36ms
09-20 16:16:28.273 D/dalvikvm( 2011): GC_CONCURRENT freed 93K, 51% free 8885K/17812K, paused 10ms+3ms, total 35ms
09-20 16:16:28.273 D/dalvikvm( 2011): WAIT_FOR_CONCURRENT_GC blocked 12ms
09-20 16:16:28.553 D/dalvikvm(  485): GC_FOR_ALLOC freed 870K, 25% free 35891K/47572K, paused 273ms, total 273ms
09-20 16:16:28.553 I/dalvikvm-heap(  485): Grow heap (frag case) to 38.601MB for 652880-byte allocation
09-20 16:16:28.593 I/MPL-mldl_cfg_mpu:(  485): inv_mpu_resume(,,,,03ff) -> 03ff
09-20 16:16:28.593 I/SensorManagerA( 2318): getReportingMode :: sensor.mType = 1
09-20 16:16:28.593 V/Sensors (  485): setDelay - sensor Accelerometer (handle 4), rate 20 ms (50.00 Hz)
09-20 16:16:28.593 D/BatteryService(  485): level:87, scale:100, status:3, health:2, present:true, voltage: 4103, temperature: 265, technology: Li-ion, AC powered:false, USB powered:false, Wireless powered:false, icon:17303533, invalid charger:0, online:1, current avg:-1, charge type:0, power sharing:false
09-20 16:16:28.593 D/BatteryService(  485): Sending ACTION_BATTERY_CHANGED.
09-20 16:16:28.603 D/SensorManager( 2318): unregisterListener ::   
09-20 16:16:28.603 I/ServiceKeeper(  485): In getpackagename pid = 485 uid = 1000 package name = android
09-20 16:16:28.603 I/SensorManagerA( 2318): getReportingMode :: sensor.mType = 1
09-20 16:16:28.603 V/Sensors (  485): setDelay - sensor Accelerometer (handle 4), rate 10 ms (100.00 Hz)
09-20 16:16:28.603 D/SensorManager( 2318): registerListener :: 4, MPL accel, 0, 0,  
09-20 16:16:28.603 I/ServiceKeeper(  485): In getpackagename pid = 485 uid = 1000 package name = android
09-20 16:16:28.613 D/KeyguardUpdateMonitor(  961): received broadcast android.intent.action.BATTERY_CHANGED
09-20 16:16:28.613 E/Sensors (  485): activatePendingSensors : mEnabled = 11
09-20 16:16:28.613 E/Sensors (  485): requested_sensors(3ff) from kernel
09-20 16:16:28.613 D/KeyguardUpdateMonitor(  961): handleBatteryUpdate
09-20 16:16:28.613 D/STATUSBAR-PhoneStatusBar(  961):  mBrightnessEnablebySettings = true mBrightnessEnablebyBattery = true mBrightnessEnablebyDisableFlag = true mPmsBrightnessEnablebySettings = true
09-20 16:16:28.613 D/BatteryMeterView(  961): ACTION_BATTERY_CHANGED : level:87 status:3 health:2
09-20 16:16:28.633 I/ServiceKeeper(  485): In getpackagename pid = 485 uid = 1000 package name = android
09-20 16:16:28.633 D/STATUSBAR-IconMerger(  961): checkOverflow(240), More:false, Req:false Child:2
09-20 16:16:28.813 E/Sensors (  485): accelHandler -0.043260 -0.160317 9.337283
09-20 16:16:29.744 E/Watchdog(  485): !@Sync 505
09-20 16:16:30.024 I/SensorManagerA( 2318): getReportingMode :: sensor.mType = 1
09-20 16:16:30.024 V/Sensors (  485): setDelay - sensor Accelerometer (handle 4), rate 20 ms (50.00 Hz)
09-20 16:16:30.084 D/SensorManager( 2318): unregisterListener ::   
09-20 16:16:30.094 I/ServiceKeeper(  485): In getpackagename pid = 485 uid = 1000 package name = android
09-20 16:17:17.083 V/AT_Distributor_diag(  170): fd_uart (9), fd_atd(7)
09-20 16:17:17.083 V/AT_Distributor_diag(  170): [UART DIAG] : 
09-20 16:17:17.093 V/AlarmManager(  485): waitForAlarm result :12
09-20 16:17:17.123 D/KeyguardClockWidgetService( 1456): onReceive action=android.intent.action.TIME_TICK
09-20 16:17:17.143 V/AlarmManager(  485): ClockReceiver onReceive() ACTION_TIME_TICK
09-20 16:17:17.153 E/        (  485): ../../ml.c|inv_update_data|518 returning 63
09-20 16:17:17.153 E/Sensors (  485): activatePendingSensors : mEnabled = 11
09-20 16:17:17.153 E/Sensors (  485): requested_sensors(0) from kernel
09-20 16:17:17.153 I/Sensors (  485): Disabled 9 axis sensor fusion
09-20 16:17:17.153 D/        (  485): SaveParameters: prms->m_iStatusCurrent = 1
09-20 16:17:17.153 D/        (  485): SaveParameters: Ready to save the following data!
09-20 16:17:17.153 D/        (  485): HSUC_HDST = 0x0
09-20 16:17:17.153 D/        (  485): HSUC_HO(x, y, z) = (0xffffff8e, 0x1b3, 0x351)
09-20 16:17:17.153 D/        (  485): prms->HSUC_HDST[0] = 0x0
09-20 16:17:17.153 D/        (  485): prms->HSUC_HO[0](x, y, z) = (0x0, 0x0, 0x0)
09-20 16:17:17.153 D/        (  485): prms->HSUC_HDST[1] = 0x0
09-20 16:17:17.153 D/        (  485): prms->HSUC_HO[1](x, y, z) = (0xffffff8e, 0x1b3, 0x351)
09-20 16:17:17.163 I/MPL-mldl_cfg_mpu:(  485): inv_mpu_suspend(,,,,7fff) -> 0000
09-20 16:17:17.163 E/Sensors (  485): set fifo rate - divider : 3, delay : 20 ms (50.00 Hz)
09-20 16:17:17.163 V/Sensors (  485): Starting DMP
09-20 16:17:17.163 I/Sensors (  485): Enabled 9 axis sensor fusion
09-20 16:17:17.163 D/KeyguardUpdateMonitor(  961): received broadcast android.intent.action.TIME_TICK
09-20 16:17:17.163 D/KeyguardUpdateMonitor(  961): handleTimeUpdate
09-20 16:17:17.163 V/AlarmManager(  485): trigger ELAPSED_REALTIME_WAKEUP or RTC_WAKEUP
09-20 16:17:17.193 D/STATUSBAR-IconMerger(  961): checkOverflow(240), More:false, Req:false Child:2
09-20 16:17:17.313 D/dalvikvm( 2011): GC_FOR_ALLOC freed 1428K, 54% free 8249K/17812K, paused 18ms, total 18ms
09-20 16:17:17.323 I/ServiceKeeper(  485): In getpackagename pid = 485 uid = 1000 package name = android
09-20 16:17:17.323 I/ServiceKeeper(  485): In getpackagename pid = 485 uid = 1000 package name = android
09-20 16:17:17.323 I/ServiceKeeper(  485): In getpackagename pid = 485 uid = 1000 package name = android
09-20 16:17:17.393 I/ServiceKeeper(  485): In getpackagename pid = 485 uid = 1000 package name = android
09-20 16:17:17.433 D/dalvikvm( 2061): GC_CONCURRENT freed 870K, 56% free 7917K/17812K, paused 4ms+5ms, total 73ms
09-20 16:17:17.513 I/ServiceKeeper(  485): In getpackagename pid = 485 uid = 1000 package name = android
09-20 16:17:17.553 I/MPL-mldl_cfg_mpu:(  485): inv_mpu_resume(,,,,03ff) -> 03ff
09-20 16:17:17.613 D/BatteryService(  485): level:87, scale:100, status:3, health:2, present:true, voltage: 4090, temperature: 261, technology: Li-ion, AC powered:false, USB powered:false, Wireless powered:false, icon:17303533, invalid charger:0, online:1, current avg:-1, charge type:0, power sharing:false
09-20 16:17:17.613 D/BatteryService(  485): Sending ACTION_BATTERY_CHANGED.
09-20 16:17:17.623 D/KeyguardUpdateMonitor(  961): received broadcast android.intent.action.BATTERY_CHANGED
09-20 16:17:17.623 D/STATUSBAR-PhoneStatusBar(  961):  mBrightnessEnablebySettings = true mBrightnessEnablebyBattery = true mBrightnessEnablebyDisableFlag = true mPmsBrightnessEnablebySettings = true
09-20 16:17:17.643 D/KeyguardUpdateMonitor(  961): handleBatteryUpdate
09-20 16:17:17.643 D/STATUSBAR-IconMerger(  961): checkOverflow(240), More:false, Req:false Child:2
09-20 16:17:17.643 D/BatteryMeterView(  961): ACTION_BATTERY_CHANGED : level:87 status:3 health:2
09-20 16:17:18.374 E/Sensors (  485): accelHandler -0.039518 -0.153281 9.325757
09-20 16:17:19.054 D/dalvikvm(  485): GC_FOR_ALLOC freed 1588K, 27% free 35961K/48852K, paused 767ms, total 775ms
09-20 16:17:19.375 E/Sensors (  485): accelHandler -0.035177 -0.138312 9.335936
09-20 16:17:19.905 I/PowerManagerService(  485): [PWL] Off : 391s ago
09-20 16:17:19.905 I/PowerManagerService(  485): [PWL]   PowerManagerService.WakeLocks: ref count=1
09-20 16:17:19.905 I/PowerManagerService(  485): [PWL]     mWakeLockSummary : 0x1
09-20 16:17:19.905 I/PowerManagerService(  485): [PWL]       PARTIAL_WAKE_LOCK              '!32@/B4Tb64lLpLSCksk5w/QSxQTciH9sVsR' (uid=10208, pid=3877, ws=null) (elapsedTime=2592)
09-20 16:17:20.346 I/ServiceKeeper(  485): In getpackagename pid = 485 uid = 1000 package name = android
09-20 16:17:26.093 V/AT_Distributor_diag(  170): fd_uart (9), fd_atd(7)
09-20 16:17:26.093 V/AT_Distributor_diag(  170): [UART DIAG] : 
09-20 16:17:26.103 V/AlarmManager(  485): waitForAlarm result :8
09-20 16:17:26.133 D/LightsService(  485): [api] onReceive : SvcLEDReceiver re-enables LightSenor and sends MSG_FORCEDSVCLEDTASK
09-20 16:17:26.173 E/        (  485): ../../ml.c|inv_update_data|518 returning 63
09-20 16:17:26.173 E/        (  485): INV_WARNING_QUAT_TRASHED
09-20 16:17:26.253 I/ServiceKeeper(  485): In getpackagename pid = 485 uid = 1000 package name = android
09-20 16:17:26.253 I/ServiceKeeper(  485): In getpackagename pid = 485 uid = 1000 package name = android
09-20 16:17:26.633 D/BatteryService(  485): level:87, scale:100, status:3, health:2, present:true, voltage: 4152, temperature: 261, technology: Li-ion, AC powered:false, USB powered:false, Wireless powered:false, icon:17303533, invalid charger:0, online:1, current avg:-1, charge type:0, power sharing:false
09-20 16:17:26.633 D/BatteryService(  485): Sending ACTION_BATTERY_CHANGED.
09-20 16:17:26.653 D/KeyguardUpdateMonitor(  961): received broadcast android.intent.action.BATTERY_CHANGED
09-20 16:17:26.653 D/KeyguardUpdateMonitor(  961): handleBatteryUpdate
09-20 16:17:26.663 D/STATUSBAR-PhoneStatusBar(  961):  mBrightnessEnablebySettings = true mBrightnessEnablebyBattery = true mBrightnessEnablebyDisableFlag = true mPmsBrightnessEnablebySettings = true
09-20 16:17:26.683 D/STATUSBAR-IconMerger(  961): checkOverflow(240), More:false, Req:false Child:2
09-20 16:17:26.683 D/BatteryMeterView(  961): ACTION_BATTERY_CHANGED : level:87 status:3 health:2
09-20 16:17:26.863 D/LightsService(  485): [SvcLED] Lux failed to be updated in 700ms. -> handleForcedSvcLEDTasK
09-20 16:17:26.863 D/LightsService(  485): [SvcLED]  setSvcLedLightLocked :: Current SvcLED(id=4) maintains its priority right
09-20 16:17:26.913 V/AlarmManager(  485): waitForAlarm result :8
09-20 16:17:26.933 D/ConnectivityService(  485): Sampling interval elapsed, updating statistics ..
09-20 16:17:26.963 I/ServiceKeeper(  485): In getpackagename pid = 485 uid = 1000 package name = android
09-20 16:17:27.294 D/ConnectivityService(  485): Done.
09-20 16:17:27.294 D/ConnectivityService(  485): Setting timer for 720seconds
09-20 16:17:27.354 I/ServiceKeeper(  485): In getpackagename pid = 485 uid = 1000 package name = android
09-20 16:17:27.714 D/BatteryService(  485): level:87, scale:100, status:3, health:2, present:true, voltage: 4161, temperature: 261, technology: Li-ion, AC powered:false, USB powered:false, Wireless powered:false, icon:17303533, invalid charger:0, online:1, current avg:-1, charge type:0, power sharing:false
09-20 16:17:27.714 D/BatteryService(  485): Sending ACTION_BATTERY_CHANGED.
09-20 16:17:27.734 D/KeyguardUpdateMonitor(  961): received broadcast android.intent.action.BATTERY_CHANGED
09-20 16:17:27.734 D/KeyguardUpdateMonitor(  961): handleBatteryUpdate
09-20 16:17:27.754 D/STATUSBAR-PhoneStatusBar(  961):  mBrightnessEnablebySettings = true mBrightnessEnablebyBattery = true mBrightnessEnablebyDisableFlag = true mPmsBrightnessEnablebySettings = true
09-20 16:17:27.754 D/BatteryMeterView(  961): ACTION_BATTERY_CHANGED : level:87 status:3 health:2
09-20 16:17:27.784 D/STATUSBAR-IconMerger(  961): checkOverflow(240), More:false, Req:false Child:2
09-20 16:17:28.235 V/AlarmManager(  485): waitForAlarm result :4
09-20 16:17:28.255 I/ServiceKeeper(  485): In getpackagename pid = 485 uid = 1000 package name = android
09-20 16:17:28.255 V/AlarmManager(  485): trigger ELAPSED_REALTIME_WAKEUP or RTC_WAKEUP
09-20 16:17:28.335 I/SensorManagerA( 2318): getReportingMode :: sensor.mType = 1
09-20 16:17:28.375 I/ServiceKeeper(  485): In getpackagename pid = 485 uid = 1000 package name = android
09-20 16:17:28.385 V/Sensors (  485): setDelay - sensor Accelerometer (handle 4), rate 10 ms (100.00 Hz)
09-20 16:17:28.385 D/SensorManager( 2318): registerListener :: 4, MPL accel, 0, 0,  
09-20 16:17:28.385 I/ServiceKeeper(  485): In getpackagename pid = 485 uid = 1000 package name = android
09-20 16:17:28.395 E/Sensors (  485): activatePendingSensors : mEnabled = 11
09-20 16:17:28.395 E/Sensors (  485): requested_sensors(0) from kernel
09-20 16:17:28.395 I/Sensors (  485): Disabled 9 axis sensor fusion
09-20 16:17:28.395 D/        (  485): SaveParameters: prms->m_iStatusCurrent = 1
09-20 16:17:28.395 D/        (  485): SaveParameters: Ready to save the following data!
09-20 16:17:28.395 D/        (  485): HSUC_HDST = 0x0
09-20 16:17:28.395 D/        (  485): HSUC_HO(x, y, z) = (0xffffff8e, 0x1b3, 0x351)
09-20 16:17:28.395 D/        (  485): prms->HSUC_HDST[0] = 0x0
09-20 16:17:28.395 D/        (  485): prms->HSUC_HO[0](x, y, z) = (0x0, 0x0, 0x0)
09-20 16:17:28.395 D/        (  485): prms->HSUC_HDST[1] = 0x0
09-20 16:17:28.395 D/        (  485): prms->HSUC_HO[1](x, y, z) = (0xffffff8e, 0x1b3, 0x351)
09-20 16:17:28.395 I/MPL-mldl_cfg_mpu:(  485): inv_mpu_suspend(,,,,7fff) -> 0000
09-20 16:17:28.395 E/Sensors (  485): set fifo rate - divider : 1, delay : 10 ms (100.00 Hz)
09-20 16:17:28.395 V/Sensors (  485): Starting DMP
09-20 16:17:28.395 I/Sensors (  485): Enabled 9 axis sensor fusion
09-20 16:17:28.815 I/MPL-mldl_cfg_mpu:(  485): inv_mpu_resume(,,,,03ff) -> 03ff
09-20 16:17:29.015 E/Sensors (  485): accelHandler -0.023052 -0.114811 9.278456
09-20 16:17:30.067 I/SensorManagerA( 2318): getReportingMode :: sensor.mType = 1
09-20 16:17:30.077 V/Sensors (  485): setDelay - sensor Accelerometer (handle 4), rate 20 ms (50.00 Hz)
09-20 16:17:30.177 D/SensorManager( 2318): unregisterListener ::   
09-20 16:17:30.197 E/Sensors (  485): activatePendingSensors : mEnabled = 11
09-20 16:17:30.197 E/Sensors (  485): requested_sensors(3ff) from kernel
09-20 16:17:30.197 I/Sensors (  485): Disabled 9 axis sensor fusion
09-20 16:17:30.207 D/        (  485): SaveParameters: prms->m_iStatusCurrent = 1
09-20 16:17:30.207 D/        (  485): SaveParameters: Ready to save the following data!
09-20 16:17:30.207 D/        (  485): HSUC_HDST = 0x0
09-20 16:17:30.207 D/        (  485): HSUC_HO(x, y, z) = (0xffffff8e, 0x1b3, 0x351)
09-20 16:17:30.207 D/        (  485): prms->HSUC_HDST[0] = 0x0
09-20 16:17:30.207 D/        (  485): prms->HSUC_HO[0](x, y, z) = (0x0, 0x0, 0x0)
09-20 16:17:30.207 D/        (  485): prms->HSUC_HDST[1] = 0x0
09-20 16:17:30.207 D/        (  485): prms->HSUC_HO[1](x, y, z) = (0xffffff8e, 0x1b3, 0x351)
09-20 16:18:01.093 V/AT_Distributor_diag(  170): fd_uart (9), fd_atd(7)
09-20 16:18:01.093 V/AT_Distributor_diag(  170): [UART DIAG] : 
09-20 16:18:01.103 V/AlarmManager(  485): waitForAlarm result :8
09-20 16:18:01.153 I/MPL-mldl_cfg_mpu:(  485): inv_mpu_suspend(,,,,7fff) -> 0000
09-20 16:18:01.153 E/Sensors (  485): set fifo rate - divider : 3, delay : 20 ms (50.00 Hz)
09-20 16:18:01.153 V/Sensors (  485): Starting DMP
09-20 16:18:01.153 I/Sensors (  485): Enabled 9 axis sensor fusion
09-20 16:18:01.263 D/KeyguardClockWidgetService( 1456): onReceive action=android.intent.action.TIME_TICK
09-20 16:18:01.263 V/AlarmManager(  485): ClockReceiver onReceive() ACTION_TIME_TICK
09-20 16:18:01.283 D/KeyguardUpdateMonitor(  961): received broadcast android.intent.action.TIME_TICK
09-20 16:18:01.283 D/KeyguardUpdateMonitor(  961): handleTimeUpdate
09-20 16:18:01.323 D/STATUSBAR-IconMerger(  961): checkOverflow(240), More:false, Req:false Child:2
09-20 16:18:01.483 D/dalvikvm( 2011): GC_CONCURRENT freed 1314K, 56% free 7958K/17812K, paused 13ms+3ms, total 94ms
09-20 16:18:01.483 D/dalvikvm( 2011): WAIT_FOR_CONCURRENT_GC blocked 14ms
09-20 16:18:01.533 I/MPL-mldl_cfg_mpu:(  485): inv_mpu_resume(,,,,03ff) -> 03ff
09-20 16:18:01.533 D/dalvikvm( 2011): GC_FOR_ALLOC freed 152K, 54% free 8247K/17812K, paused 28ms, total 29ms
09-20 16:18:01.603 I/ServiceKeeper(  485): In getpackagename pid = 485 uid = 1000 package name = android
09-20 16:18:01.603 I/ServiceKeeper(  485): In getpackagename pid = 485 uid = 1000 package name = android
09-20 16:18:01.613 I/ServiceKeeper(  485): In getpackagename pid = 485 uid = 1000 package name = android
09-20 16:18:01.613 D/BatteryService(  485): level:87, scale:100, status:3, health:2, present:true, voltage: 4138, temperature: 259, technology: Li-ion, AC powered:false, USB powered:false, Wireless powered:false, icon:17303533, invalid charger:0, online:1, current avg:-1, charge type:0, power sharing:false
09-20 16:18:01.613 D/BatteryService(  485): Sending ACTION_BATTERY_CHANGED.
09-20 16:18:01.633 D/KeyguardUpdateMonitor(  961): received broadcast android.intent.action.BATTERY_CHANGED
09-20 16:18:01.633 D/KeyguardUpdateMonitor(  961): handleBatteryUpdate
09-20 16:18:01.633 D/STATUSBAR-PhoneStatusBar(  961):  mBrightnessEnablebySettings = true mBrightnessEnablebyBattery = true mBrightnessEnablebyDisableFlag = true mPmsBrightnessEnablebySettings = true
09-20 16:18:01.633 D/BatteryMeterView(  961): ACTION_BATTERY_CHANGED : level:87 status:3 health:2
09-20 16:18:01.653 D/STATUSBAR-IconMerger(  961): checkOverflow(240), More:false, Req:false Child:2
09-20 16:18:26.063 V/AT_Distributor_diag(  170): fd_uart (9), fd_atd(7)
09-20 16:18:26.063 V/AT_Distributor_diag(  170): [UART DIAG] : 
09-20 16:18:26.093 E/        (  485): ../../ml.c|inv_update_data|518 returning 63
09-20 16:18:26.113 E/        (  485): INV_WARNING_QUAT_TRASHED
09-20 16:18:26.583 D/KeyguardUpdateMonitor(  961): received broadcast android.intent.action.BATTERY_CHANGED
09-20 16:18:26.583 D/KeyguardUpdateMonitor(  961): handleBatteryUpdate
09-20 16:18:26.583 D/BatteryService(  485): level:87, scale:100, status:3, health:2, present:true, voltage: 4127, temperature: 257, technology: Li-ion, AC powered:false, USB powered:false, Wireless powered:false, icon:17303533, invalid charger:0, online:1, current avg:-1, charge type:0, power sharing:false
09-20 16:18:26.583 D/BatteryService(  485): Sending ACTION_BATTERY_CHANGED.
09-20 16:18:26.593 D/STATUSBAR-PhoneStatusBar(  961):  mBrightnessEnablebySettings = true mBrightnessEnablebyBattery = true mBrightnessEnablebyDisableFlag = true mPmsBrightnessEnablebySettings = true
09-20 16:18:26.603 D/STATUSBAR-IconMerger(  961): checkOverflow(240), More:false, Req:false Child:2
09-20 16:18:26.613 D/BatteryMeterView(  961): ACTION_BATTERY_CHANGED : level:87 status:3 health:2
09-20 16:18:27.234 I/LocationManagerService(  485): remove 43695af0 by com.groupon
09-20 16:18:27.234 D/LocationManagerService(  485): provider request: fused ProviderRequest[OFF]
09-20 16:18:27.254 I/ServiceKeeper(  485): In getpackagename pid = 485 uid = 1000 package name = android
09-20 16:18:27.264 V/Sensors (  485): enable - sensor Accelerometer (handle 4) en -> dis
09-20 16:18:27.264 E/Sensors (  485): mEnabled = 1
09-20 16:18:27.264 D/SensorManager( 1381): unregisterListener ::   
09-20 16:18:27.264 V/Sensors (  485): enable - sensor RotationVector (handle 0) en -> dis
09-20 16:18:27.264 E/Sensors (  485): mEnabled = 0
09-20 16:18:27.274 D/SensorManager( 1381): unregisterListener ::   
09-20 16:18:27.274 E/Sensors (  485): activatePendingSensors : mEnabled = 0
09-20 16:18:27.274 E/Sensors (  485): requested_sensors(0) from kernel
09-20 16:18:27.284 I/Sensors (  485): Disabled 9 axis sensor fusion
09-20 16:18:27.284 D/        (  485): SaveParameters: prms->m_iStatusCurrent = 1
09-20 16:18:27.284 D/        (  485): SaveParameters: Ready to save the following data!
09-20 16:18:27.284 D/        (  485): HSUC_HDST = 0x0
09-20 16:18:27.284 D/        (  485): HSUC_HO(x, y, z) = (0xffffff8e, 0x1b3, 0x351)
09-20 16:18:27.284 D/        (  485): prms->HSUC_HDST[0] = 0x0
09-20 16:18:27.284 D/        (  485): prms->HSUC_HO[0](x, y, z) = (0x0, 0x0, 0x0)
09-20 16:18:27.284 D/        (  485): prms->HSUC_HDST[1] = 0x0
09-20 16:18:27.284 D/        (  485): prms->HSUC_HO[1](x, y, z) = (0xffffff8e, 0x1b3, 0x351)
09-20 16:18:27.284 I/MPL-mldl_cfg_mpu:(  485): inv_mpu_suspend(,,,,7fff) -> 0000
09-20 16:18:27.284 V/Sensors (  485): calling inv_set_mpu_sensors(000000)
09-20 16:18:27.284 V/Sensors (  485): Starting DMP
09-20 16:18:27.284 W/MPL-9_sup(  485): 9 axis sensor fusion not available - No compass detected.
09-20 16:18:27.284 I/Sensors (  485): Enabled 9 axis sensor fusion
09-20 16:18:27.284 I/MPL-mldl_cfg_mpu:(  485): inv_mpu_resume(,,,,0000) -> 0000
09-20 16:18:27.284 V/Sensors (  485): Stopping DMP
09-20 16:18:27.284 I/Sensors (  485): Disabled 9 axis sensor fusion
09-20 16:18:27.284 I/MPL-mldl_cfg_mpu:(  485): inv_mpu_suspend(,,,,7fff) -> 0000
09-20 16:18:27.474 I/ServiceKeeper(  485): In getpackagename pid = 485 uid = 1000 package name = android
09-20 16:18:27.584 D/BatteryService(  485): level:87, scale:100, status:3, health:2, present:true, voltage: 4148, temperature: 258, technology: Li-ion, AC powered:false, USB powered:false, Wireless powered:false, icon:17303533, invalid charger:0, online:1, current avg:-1, charge type:0, power sharing:false
09-20 16:18:27.584 D/BatteryService(  485): Sending ACTION_BATTERY_CHANGED.
09-20 16:18:27.814 D/KeyguardUpdateMonitor(  961): received broadcast android.intent.action.BATTERY_CHANGED
09-20 16:18:27.814 D/KeyguardUpdateMonitor(  961): handleBatteryUpdate
09-20 16:18:27.814 D/STATUSBAR-PhoneStatusBar(  961):  mBrightnessEnablebySettings = true mBrightnessEnablebyBattery = true mBrightnessEnablebyDisableFlag = true mPmsBrightnessEnablebySettings = true
09-20 16:18:27.834 D/STATUSBAR-IconMerger(  961): checkOverflow(240), More:false, Req:false Child:2
09-20 16:18:27.834 D/BatteryMeterView(  961): ACTION_BATTERY_CHANGED : level:87 status:3 health:2
09-20 16:18:28.265 V/AlarmManager(  485): waitForAlarm result :4
