09-20 16:21:38.556 E/dalvikvm(12271): >>>>> com.google.android.apps.uploader [ userId:0 | appId:10053 ]
09-20 16:21:38.616 I/ServiceKeeper(  485): In getpackagename pid = 485 uid = 1000 package name = android
09-20 16:21:38.636 V/AlarmManager(  485): waitForAlarm result :8
09-20 16:21:38.726 I/ServiceKeeper(  485): In getpackagename pid = 485 uid = 1000 package name = android
09-20 16:21:38.756 D/PicasaUploader(12271):    wifiOnlyPhoto changed to true
09-20 16:21:38.756 D/PicasaUploader(12271):    wifiOnlyVideo changed to true
09-20 16:21:38.756 D/PicasaUploader(12271):    syncOnBattery changed to true
09-20 16:21:38.756 D/PicasaUploaderSync(12271): sync account database
09-20 16:21:38.776 I/SELinux (12289): Function: selinux_android_load_priority [0], There is no sepolicy file.
09-20 16:21:38.776 I/SELinux (12289):  
09-20 16:21:38.776 I/SELinux (12289): Function: selinux_android_load_priority , priority version is VE=SEPF_SGH-I747M_4.4.2_0016
09-20 16:21:38.776 I/SELinux (12289):  
09-20 16:21:38.776 I/SELinux (12289):  
09-20 16:21:38.776 I/SELinux (12289): selinux_android_seapp_context_reload: seapp_contexts file is loaded from /seapp_contexts
09-20 16:21:38.776 E/dalvikvm(12289): >>>>> Normal User
09-20 16:21:38.776 E/dalvikvm(12289): >>>>> android.process.media [ userId:0 | appId:10030 ]
09-20 16:21:38.776 I/ServiceKeeper(  485): In getpackagename pid = 485 uid = 1000 package name = android
09-20 16:21:38.776 I/ServiceKeeper(  485): In getpackagename pid = 485 uid = 1000 package name = android
09-20 16:21:38.836 D/PicasaUploaderSync(12271): accounts in DB=3
09-20 16:21:38.836 D/PicasaUploaderSyncManager(12271): active network: NetworkInfo: type: WIFI[], state: CONNECTED/CONNECTED, reason: (unspecified), extra: "eduroam", roaming: false, failover: false, isAvailable: true, isConnectedToProvisioningNetwork: false
09-20 16:21:38.836 D/PicasaUploaderSyncManager(12271): background data: true
09-20 16:21:38.836 D/dalvikvm(11346): GC_FOR_ALLOC freed 221K, 11% free 23900K/26624K, paused 57ms, total 58ms
09-20 16:21:38.866 D/PicasaUploaderSyncManager(12271): battery info: true
09-20 16:21:38.886 D/PopupuiReceiver(11628): onReceive() getAction : com.android.systemui.power.action.ACTION_CABLE_CONNECTED
09-20 16:21:38.886 D/PopupuiReceiver(11628): Action cable connected ! on - 
09-20 16:21:38.916 I/SELinux (12301): Function: selinux_android_load_priority [0], There is no sepolicy file.
09-20 16:21:38.916 I/SELinux (12301):  
09-20 16:21:38.916 I/SELinux (12301): Function: selinux_android_load_priority , priority version is VE=SEPF_SGH-I747M_4.4.2_0016
09-20 16:21:38.916 I/SELinux (12301):  
09-20 16:21:38.916 I/SELinux (12301):  
09-20 16:21:38.916 I/SELinux (12301): selinux_android_seapp_context_reload: seapp_contexts file is loaded from /seapp_contexts
09-20 16:21:38.916 E/dalvikvm(12301): >>>>> Normal User
09-20 16:21:38.916 E/dalvikvm(12301): >>>>> com.samsung.android.MtpApplication [ userId:0 | appId:1000 ]
09-20 16:21:38.936 V/AlarmManager(  485): waitForAlarm result :8
09-20 16:21:38.996 I/SELinux (12289): Function: selinux_android_load_priority [0], There is no sepolicy file.
09-20 16:21:38.996 I/SELinux (12289):  
09-20 16:21:38.996 I/SELinux (12289): Function: selinux_android_load_priority [1], There is no sepolicy version file.
09-20 16:21:38.996 I/SELinux (12289):  
09-20 16:21:38.996 I/SELinux (12289): Function: selinux_android_load_priority , priority version is VE=SEPF_SGH-I747M_4.4.2_0016
09-20 16:21:38.996 I/SELinux (12289):  
09-20 16:21:38.996 I/SELinux (12289):  
09-20 16:21:39.006 I/SELinux (12289): get_selabel_handle: file_contexts is loaded from /file_contexts
09-20 16:21:39.036 D/ContentApp(12289): ContentApp()
09-20 16:21:39.036 D/ContentApp(12289): create cache if media mounted.. media : mounted
09-20 16:21:39.036 D/MediaProvider(12289): Attached volume: internal
09-20 16:21:39.056 E/MTPRx   (12301): In MtpReceiverandroid.hardware.usb.action.USB_STATE
09-20 16:21:39.066 W/linker  (12289): libfacerecognition.so has text relocations. This is wasting memory and is a security risk. Please fix.
09-20 16:21:39.066 E/MTPRx   (12301): check value of boot_completed is1
09-20 16:21:39.066 E/MTPRx   (12301): check booting is completed_sys.boot_completed
09-20 16:21:39.077 E/MTPRx   (12301): Sd-Card path/storage/extSdCard
09-20 16:21:39.077 E/MTPRx   (12301): Status for mount/Unmount :removed
09-20 16:21:39.077 E/MTPRx   (12301): SDcard is not available
09-20 16:21:39.077 W/MTPRx   (12301): value of connected istrue
09-20 16:21:39.077 W/MTPRx   (12301): value of configured istrue
09-20 16:21:39.077 W/MTPRx   (12301): value of mtpEnabled istrue
09-20 16:21:39.077 W/MTPRx   (12301): value of ptpEnabled isfalse
09-20 16:21:39.087 E/MTPRx   (12301): Received USB_STATE with sdCardLaunch = 0
09-20 16:21:39.087 E/MTPRx   (12301): mFirstTime: false
09-20 16:21:39.087 E/MTPRx   (12301): currentUserId is 0
09-20 16:21:39.087 E/MTPRx   (12301): Start observing USB_STATE_MATCH 
09-20 16:21:39.087 E/MTPRx   (12301): cannot open file : /sys/class/android_usb/android0/bcdUSB
09-20 16:21:39.087 E/MTPRx   (12301): is_secretmode is NOT 1
09-20 16:21:39.087 W/MTPRx   (12301): Phone is lockedtrue
09-20 16:21:39.087 I/MDPP    (  485): Property: None
09-20 16:21:39.097 I/MDPP    (  485): Property: None
09-20 16:21:39.097 W/MTPRx   (12301): Secure lock : true
09-20 16:21:39.097 D/MediaProvider(12289): new PersonDataBaseHelper()
09-20 16:21:39.117 D/MediaScanner(12289): Scanner initMutex res = 0
09-20 16:21:39.187 D/        (12301): MTP: reading debug level property
09-20 16:21:39.187 E/MTPJNIInterface(12301): noti = 12
09-20 16:21:39.197 E/MTPRx   (12301): Setting the status to phone Lock
09-20 16:21:39.217 E/MTPRx   (12301): sending MTP_ICON_ENABLED to stack
09-20 16:21:39.237 E/MTPRx   (12301): else part ... so first time!!!
09-20 16:21:39.237 E/MTPPlaObsrvr(12301): inside setContext()
09-20 16:21:39.237 E/MTPPlaObsrvr(12301):  inside createplafiles
09-20 16:21:39.237 V/AlarmManager(  485): waitForAlarm result :8
09-20 16:21:39.267 D/MediaProvider(12289): Attached volume: external
09-20 16:21:39.317 E/MTPPlaObsrvr(12301): playlist count is0
09-20 16:21:39.317 E/MTPPlaObsrvr(12301):  inside try branch createplafiles
09-20 16:21:39.317 E/MTPPlaObsrvr(12301):  inside deleteing plas createplafiles
09-20 16:21:39.327 E/MTPPlaObsrvr(12301): Inside registerContentObserver
09-20 16:21:39.327 E/MtpAdbObserver(12301): inside setContext()
09-20 16:21:39.327 E/MtpAdbObserver(12301): Inside registerContentObserver
09-20 16:21:39.327 W/Settings(12301): Setting adb_enabled has moved from android.provider.Settings.System to android.provider.Settings.Global, returning read-only global URI.
09-20 16:21:39.337 E/MtpService(12301): onCreate.
09-20 16:21:39.357 E/MtpService(12301): < MTP > Registering BroadCast receiver :::::
09-20 16:21:39.357 E/MtpService(12301): Calling registerBroadCastuserPresentRec() 
09-20 16:21:39.357 E/MtpService(12301): < MTP > Registering BroadCast receiver for USER Present:::::
09-20 16:21:39.357 E/MtpService(12301): < MTP > Registering BroadCast registerBroadCastPolicyRec :::::
09-20 16:21:39.357 E/MtpService(12301): < MTP > Registering BroadCast registerBroadCastEmergencyRec :::::
09-20 16:21:39.367 E/MtpService(12301): onStartCommand.
09-20 16:21:39.367 W/MTPRx   (12301): calling native method
09-20 16:21:39.367 E/MTPJNIInterface(12301): < MTP > Registering BroadCast receiver :::::
09-20 16:21:39.367 E/MTPJNIInterface(12301): < MTP > Registering BroadCast receiver :::::::
09-20 16:21:39.367 E/MTPJNIInterface(12301): noti = 10
09-20 16:21:39.367 E/MtpService(12301): handleMessage. msg= { when=-1ms what=0 arg1=1 obj=Intent { cmp=com.samsung.android.MtpApplication/.MtpService } target=com.samsung.android.MtpApplication.MtpService$ServiceHandler }
09-20 16:21:39.387 E/MtpService(12301): onStartCommand.
09-20 16:21:39.387 E/MtpService(12301): handleMessage. msg= { when=0 what=0 arg1=2 obj=Intent { cmp=com.samsung.android.MtpApplication/.MtpService } target=com.samsung.android.MtpApplication.MtpService$ServiceHandler }
09-20 16:21:39.387 W/MTPRx   (12301): calling native method
09-20 16:21:39.387 E/MTPRx   (12301): Checking the driver time out
09-20 16:21:39.387 E/MTPJNIInterface(12301): noti = 2
09-20 16:21:39.387 D/        (12301): deleting sockets before message queue initialization
09-20 16:21:39.387 D/        (12301): event handler thread is created, so set the flag
09-20 16:21:39.397 E/MTPRx   (12301): called native method
09-20 16:21:39.397 E/MTPJNIInterface(12301): setting Media scanner status0
09-20 16:21:39.397 E/MTPJNIInterface(12301): After setting Media scanner status0
09-20 16:21:39.397 E/MTPJNIInterface(12301): Getting media scanner status0
09-20 16:21:39.397 W/MTPRx   (12301): notification from stack 1
09-20 16:21:39.397 E/MTPJNIInterface(12301): DeviceName is SGH-I747M
09-20 16:21:39.397 W/SEC_DRM_STACK_Playready(12301): _CompareMachineId: DMISMATCH check again 1
09-20 16:21:39.417 I/MDPP    (  485): Property: None
09-20 16:21:39.427 W/SEC_DRM_STACK_Playready(12301): _CompareMachineId: DMISMATCH check again 1
09-20 16:21:39.447 W/SEC_DRM_STACK_Playready(12301): _CompareMachineId: DMISMATCH check again 1
09-20 16:21:39.457 W/SEC_DRM_STACK_Playready(12301): _CompareMachineId: DMISMATCH check again 1
09-20 16:21:39.467 W/SEC_DRM_STACK_Playready(12301): _CompareMachineId: DMISMATCH check again 1
09-20 16:21:39.537 D/MtpService(12289): starting MTP server in MTP mode
09-20 16:21:39.537 V/AlarmManager(  485): waitForAlarm result :8
09-20 16:21:39.547 I/SensorManagerA( 2318): getReportingMode :: sensor.mType = 1
09-20 16:21:39.557 I/ServiceKeeper(  485): In getpackagename pid = 485 uid = 1000 package name = android
09-20 16:21:39.607 E/        (  485): ../../accel.c|inv_get_accel_offset|211 returning 19
09-20 16:21:39.607 D/Sensors (  485): enable accel bias check
09-20 16:21:39.607 V/Sensors (  485): enable - sensor Accelerometer (handle 4) dis -> en
09-20 16:21:39.607 E/Sensors (  485): mEnabled = 10
09-20 16:21:39.607 V/Sensors (  485): setDelay - sensor Accelerometer (handle 4), rate 10 ms (100.00 Hz)
09-20 16:21:39.607 D/SensorManager( 2318): registerListener :: 4, MPL accel, 0, 0,  
09-20 16:21:39.607 I/ServiceKeeper(  485): In getpackagename pid = 485 uid = 1000 package name = android
09-20 16:21:39.607 D/MediaScanner(12289): Constructor set externalStorageSdPath : /storage/extSdCard
09-20 16:21:39.617 E/Sensors (  485): activatePendingSensors : mEnabled = 10
09-20 16:21:39.617 E/Sensors (  485): requested_sensors(0) from kernel
09-20 16:21:39.617 V/Sensors (  485): calling inv_set_mpu_sensors(000070)
09-20 16:21:39.617 I/MPL-fifo(  485): Actual ODR: 100000 mHz
09-20 16:21:39.617 E/Sensors (  485): set fifo rate - divider : 1, delay : 10 ms (100.00 Hz)
09-20 16:21:39.617 I/MPL-fifo(  485): Actual ODR: 100000 mHz
09-20 16:21:39.617 V/Sensors (  485): Starting DMP
09-20 16:21:39.617 W/MPL-9_sup(  485): 9 axis sensor fusion not available - No compass detected.
09-20 16:21:39.617 I/Sensors (  485): Enabled 9 axis sensor fusion
09-20 16:21:39.627 I/MPL-mldl_cfg_mpu:(  485): inv_mpu_resume(,,,,0070) -> 0070
09-20 16:21:39.627 I/SensorManagerA( 2318): getReportingMode :: sensor.mType = 1
09-20 16:21:39.627 V/Sensors (  485): enable - sensor Accelerometer (handle 4) en -> dis
09-20 16:21:39.627 E/Sensors (  485): mEnabled = 0
09-20 16:21:39.627 D/SensorManager( 2318): unregisterListener ::   
09-20 16:21:39.627 I/ServiceKeeper(  485): In getpackagename pid = 485 uid = 1000 package name = android
09-20 16:21:39.627 I/ServiceKeeper(  485): In getpackagename pid = 485 uid = 1000 package name = android
09-20 16:21:39.627 I/ServiceKeeper(  485): In getpackagename pid = 485 uid = 1000 package name = android
09-20 16:21:39.627 E/MtpServerJNI(12289): could not open MTP driver, errno: 2
09-20 16:21:39.637 E/Sensors (  485): activatePendingSensors : mEnabled = 0
09-20 16:21:39.637 E/Sensors (  485): requested_sensors(70) from kernel
09-20 16:21:39.637 I/Sensors (  485): Disabled 9 axis sensor fusion
09-20 16:21:39.637 I/MPL-mldl_cfg_mpu:(  485): inv_mpu_suspend(,,,,7fff) -> 0000
09-20 16:21:39.637 V/Sensors (  485): calling inv_set_mpu_sensors(000000)
09-20 16:21:39.647 V/Sensors (  485): Starting DMP
09-20 16:21:39.647 W/MPL-9_sup(  485): 9 axis sensor fusion not available - No compass detected.
09-20 16:21:39.647 I/Sensors (  485): Enabled 9 axis sensor fusion
09-20 16:21:39.647 I/MPL-mldl_cfg_mpu:(  485): inv_mpu_resume(,,,,0000) -> 0000
09-20 16:21:39.647 V/Sensors (  485): Stopping DMP
09-20 16:21:39.647 I/Sensors (  485): Disabled 9 axis sensor fusion
09-20 16:21:39.647 I/MPL-mldl_cfg_mpu:(  485): inv_mpu_suspend(,,,,7fff) -> 0000
09-20 16:21:39.657 E/MtpServerJNI(12289): server is null in run
09-20 16:21:39.657 E/MtpServerJNI(12289): server is null in cleanup
09-20 16:21:39.757 I/ServiceKeeper(  485): In getpackagename pid = 485 uid = 1000 package name = android
09-20 16:21:39.757 I/ServiceKeeper(  485): In getpackagename pid = 485 uid = 1000 package name = android
09-20 16:21:39.757 I/ServiceKeeper(  485): In getpackagename pid = 485 uid = 1000 package name = android
09-20 16:21:39.837 V/AlarmManager(  485): waitForAlarm result :8
09-20 16:21:39.847 I/ServiceKeeper(  485): In getpackagename pid = 485 uid = 1000 package name = android
09-20 16:21:39.867 I/ServiceKeeper(  485): In getpackagename pid = 485 uid = 1000 package name = android
09-20 16:21:40.138 V/AlarmManager(  485): waitForAlarm result :8
09-20 16:21:40.148 I/ServiceKeeper(  485): In getpackagename pid = 485 uid = 1000 package name = android
09-20 16:21:40.168 I/ServiceKeeper(  485): In getpackagename pid = 485 uid = 1000 package name = android
09-20 16:21:40.288 D/dalvikvm(  485): GC_EXPLICIT freed 1869K, 27% free 36115K/48852K, paused 8ms+19ms, total 275ms
09-20 16:21:40.348 D/STATUSBAR-NetworkController(  961): refreshSignalCluster - setNWBoosterIndicators(false)
09-20 16:21:40.348 D/STATUSBAR-NetworkController(  961): refreshSignalCluster: data=0 bt=false
09-20 16:21:40.358 D/STATUSBAR-IconMerger(  961): checkOverflow(240), More:false, Req:false Child:3
09-20 16:21:40.378 D/dalvikvm(12289): GC_EXPLICIT freed 369K, 54% free 8243K/17812K, paused 2ms+4ms, total 37ms
09-20 16:21:40.408 E/MTPJNIInterface(12301): Status for mount/Unmount :removed
09-20 16:21:40.408 E/MTPJNIInterface(12301): SDcard is not available
09-20 16:21:40.438 V/AlarmManager(  485): waitForAlarm result :8
09-20 16:21:40.448 I/ServiceKeeper(  485): In getpackagename pid = 485 uid = 1000 package name = android
09-20 16:21:40.478 I/ServiceKeeper(  485): In getpackagename pid = 485 uid = 1000 package name = android
09-20 16:21:40.698 D/KeyguardViewMediator(  961): handleKeyguardDoneDrawing
09-20 16:21:40.738 I/ServiceKeeper(  485): In getpackagename pid = 485 uid = 1000 package name = android
09-20 16:21:40.738 V/AlarmManager(  485): waitForAlarm result :8
09-20 16:21:40.758 I/ServiceKeeper(  485): In getpackagename pid = 485 uid = 1000 package name = android
09-20 16:21:40.788 E/MTPJNIInterface(12301): Status for mount/Unmount :removed
09-20 16:21:40.788 E/MTPJNIInterface(12301): SDcard is not available
09-20 16:21:40.788 E/SQLiteLog(12301): (21) API call with NULL database connection pointer
09-20 16:21:40.788 E/SQLiteLog(12301): (21) misuse at line 96852 of [00bb9c9ce4]
09-20 16:21:40.788 E/SQLiteLog(12301): (21) API call with NULL database connection pointer
09-20 16:21:40.788 E/SQLiteLog(12301): (21) misuse at line 93317 of [00bb9c9ce4]
09-20 16:21:40.788 E/SQLiteLog(12301): (21) API call with NULL database connection pointer
09-20 16:21:40.788 E/SQLiteLog(12301): (21) misuse at line 93317 of [00bb9c9ce4]
09-20 16:21:40.788 E/SQLiteLog(12301): (21) API call with NULL database connection pointer
09-20 16:21:40.788 E/SQLiteLog(12301): (21) misuse at line 96852 of [00bb9c9ce4]
09-20 16:21:40.788 W/MTPRx   (12301): notification from stack 2
09-20 16:21:40.788 D/        (12301): [mtp_init_device] Going to open(): /dev/usb_mtp_gadget
09-20 16:21:40.788 E/        (12301): [mtp_init_device]  After open the MTP fd = 55 and line = 678...
09-20 16:21:40.788 D/        (12301): [mtp_init_device] IOCTL SET_MTP_USER_PID Sucesss 
09-20 16:21:40.788 D/        (12301): *****Starting mtp_io()
09-20 16:21:40.788 W/MTPRx   (12301): notification from stack 3
09-20 16:21:40.788 D/        (12301): [mtp_start_io] source_thread Creation 
09-20 16:21:40.788 D/        (12301): [mtp_start_io] sink_thread Creation 
09-20 16:21:40.788 D/        (12301): [mtp_start_io:360] sink thread created so set th_sink
09-20 16:21:41.039 I/ServiceKeeper(  485): In getpackagename pid = 485 uid = 1000 package name = android
09-20 16:21:41.039 V/AlarmManager(  485): waitForAlarm result :8
09-20 16:21:41.059 I/ServiceKeeper(  485): In getpackagename pid = 485 uid = 1000 package name = android
09-20 16:21:41.339 V/AlarmManager(  485): waitForAlarm result :8
09-20 16:21:41.379 D/STATUSBAR-NetworkController(  961): refreshSignalCluster - setNWBoosterIndicators(false)
09-20 16:21:41.379 D/STATUSBAR-NetworkController(  961): refreshSignalCluster: data=0 bt=false
09-20 16:21:41.399 D/STATUSBAR-IconMerger(  961): checkOverflow(240), More:false, Req:false Child:3
09-20 16:21:41.439 I/ServiceKeeper(  485): In getpackagename pid = 485 uid = 1000 package name = android
09-20 16:21:41.439 I/ServiceKeeper(  485): In getpackagename pid = 485 uid = 1000 package name = android
09-20 16:21:41.529 E/SMD     (  168): DCD ON
09-20 16:21:41.639 V/AlarmManager(  485): waitForAlarm result :8
09-20 16:21:41.689 I/ServiceKeeper(  485): In getpackagename pid = 485 uid = 1000 package name = android
09-20 16:21:41.689 I/ServiceKeeper(  485): In getpackagename pid = 485 uid = 1000 package name = android
09-20 16:21:41.940 V/AlarmManager(  485): waitForAlarm result :8
09-20 16:21:41.990 I/ServiceKeeper(  485): In getpackagename pid = 485 uid = 1000 package name = android
09-20 16:21:42.010 I/ServiceKeeper(  485): In getpackagename pid = 485 uid = 1000 package name = android
09-20 16:21:42.240 V/AlarmManager(  485): waitForAlarm result :8
09-20 16:21:42.260 I/ServiceKeeper(  485): In getpackagename pid = 485 uid = 1000 package name = android
09-20 16:21:42.310 I/ServiceKeeper(  485): In getpackagename pid = 485 uid = 1000 package name = android
09-20 16:21:42.540 V/AlarmManager(  485): waitForAlarm result :8
09-20 16:21:42.600 I/ServiceKeeper(  485): In getpackagename pid = 485 uid = 1000 package name = android
09-20 16:21:42.600 I/ServiceKeeper(  485): In getpackagename pid = 485 uid = 1000 package name = android
09-20 16:21:42.841 V/AlarmManager(  485): waitForAlarm result :8
09-20 16:21:42.881 D/STATUSBAR-NetworkController(  961): onSignalStrengthsChanged signalStrength=SignalStrength: 99 -1 -1 -1 -1 -1 -1 12 -118 -12 32 -1 2147483647 gsm|lte 0x1 level=1
09-20 16:21:42.921 I/ServiceKeeper(  485): In getpackagename pid = 485 uid = 1000 package name = android
09-20 16:21:42.921 I/ServiceKeeper(  485): In getpackagename pid = 485 uid = 1000 package name = android
09-20 16:21:43.141 V/AlarmManager(  485): waitForAlarm result :8
09-20 16:21:43.161 I/ServiceKeeper(  485): In getpackagename pid = 485 uid = 1000 package name = android
09-20 16:21:43.201 I/ServiceKeeper(  485): In getpackagename pid = 485 uid = 1000 package name = android
09-20 16:21:43.441 V/AlarmManager(  485): waitForAlarm result :8
09-20 16:21:43.491 I/ServiceKeeper(  485): In getpackagename pid = 485 uid = 1000 package name = android
09-20 16:21:43.511 I/ServiceKeeper(  485): In getpackagename pid = 485 uid = 1000 package name = android
09-20 16:21:43.741 V/AlarmManager(  485): waitForAlarm result :8
09-20 16:21:43.762 I/ServiceKeeper(  485): In getpackagename pid = 485 uid = 1000 package name = android
09-20 16:21:43.812 I/ServiceKeeper(  485): In getpackagename pid = 485 uid = 1000 package name = android
09-20 16:21:44.042 V/AlarmManager(  485): waitForAlarm result :8
09-20 16:21:44.082 I/ServiceKeeper(  485): In getpackagename pid = 485 uid = 1000 package name = android
09-20 16:21:44.102 I/ServiceKeeper(  485): In getpackagename pid = 485 uid = 1000 package name = android
09-20 16:21:44.152 D/STATUSBAR-NetworkController(  961): onSignalStrengthsChanged signalStrength=SignalStrength: 99 -1 -1 -1 -1 -1 -1 11 -118 -11 28 -1 2147483647 gsm|lte 0x1 level=1
09-20 16:21:44.332 V/AlarmManager(  485): waitForAlarm result :8
09-20 16:21:44.412 I/ServiceKeeper(  485): In getpackagename pid = 485 uid = 1000 package name = android
09-20 16:21:44.412 I/ServiceKeeper(  485): In getpackagename pid = 485 uid = 1000 package name = android
09-20 16:21:44.522 E/SMD     (  168): DCD ON
09-20 16:21:44.632 V/AlarmManager(  485): waitForAlarm result :8
09-20 16:21:44.682 I/ServiceKeeper(  485): In getpackagename pid = 485 uid = 1000 package name = android
09-20 16:21:44.682 I/ServiceKeeper(  485): In getpackagename pid = 485 uid = 1000 package name = android
09-20 16:21:44.943 V/AlarmManager(  485): waitForAlarm result :8
09-20 16:21:45.003 I/ServiceKeeper(  485): In getpackagename pid = 485 uid = 1000 package name = android
09-20 16:21:45.003 I/ServiceKeeper(  485): In getpackagename pid = 485 uid = 1000 package name = android
09-20 16:21:45.043 E/Watchdog(  485): !@Sync 506
09-20 16:21:45.243 V/AlarmManager(  485): waitForAlarm result :8
09-20 16:21:45.253 I/ServiceKeeper(  485): In getpackagename pid = 485 uid = 1000 package name = android
09-20 16:21:45.293 I/ServiceKeeper(  485): In getpackagename pid = 485 uid = 1000 package name = android
09-20 16:21:45.533 V/AlarmManager(  485): waitForAlarm result :8
09-20 16:21:45.573 I/ServiceKeeper(  485): In getpackagename pid = 485 uid = 1000 package name = android
09-20 16:21:45.593 I/ServiceKeeper(  485): In getpackagename pid = 485 uid = 1000 package name = android
09-20 16:21:45.593 I/ServiceKeeper(  485): In getpackagename pid = 485 uid = 1000 package name = android
09-20 16:21:45.593 D/PowerManagerService(  485): [api] release WakeLock flags=0x1000000a tag=charger plug uid=1000 pid=485 (0x0)
09-20 16:21:45.784 D/PowerManagerService(  485): [s] UserActivityState : 1 -> 0
09-20 16:21:45.784 I/PowerManagerService(  485): [PWL]  mStayOn: true  mWakeLockSummary & WAKE_LOCK_STAY_AWAKE: 0  mUserActivitySummary: 0x0
09-20 16:21:45.784 D/DisplayPowerController(  485): animation target = 20 (PSM:false, AB limit:(-1 ~ -1) MB Limit:(-1 ~ -1) MAdj:(0, (0, 255)))
09-20 16:21:45.784 D/PowerManagerService(  485): [s] mDisplayPowerControllerCallbacks : onStateChanged()
09-20 16:21:45.794 D/lights  (  485): button : 0 +
09-20 16:21:45.794 D/lights  (  485): button : 0 -
09-20 16:21:45.804 D/lights  (  485): lcd : 163 +
09-20 16:21:45.804 D/PowerManagerService(  485): Excessive delay in LCD_Task is start: 12ms
09-20 16:21:45.834 V/AlarmManager(  485): waitForAlarm result :8
09-20 16:21:45.874 I/ServiceKeeper(  485): In getpackagename pid = 485 uid = 1000 package name = android
09-20 16:21:45.874 I/ServiceKeeper(  485): In getpackagename pid = 485 uid = 1000 package name = android
09-20 16:21:45.874 D/lights  (  485): lcd : 163 -
09-20 16:21:45.874 D/LightsService(  485): Excessive delay setting light: 69ms
09-20 16:21:45.874 D/lights  (  485): lcd : 20 +
09-20 16:21:45.874 D/RampAnimator(  485): Light Animator Finished currentValue=20
09-20 16:21:45.924 D/lights  (  485): lcd : 20 -
09-20 16:21:46.134 V/AlarmManager(  485): waitForAlarm result :8
09-20 16:21:46.154 I/ServiceKeeper(  485): In getpackagename pid = 485 uid = 1000 package name = android
09-20 16:21:46.194 I/ServiceKeeper(  485): In getpackagename pid = 485 uid = 1000 package name = android
09-20 16:21:46.434 V/AlarmManager(  485): waitForAlarm result :8
09-20 16:21:46.454 I/ServiceKeeper(  485): In getpackagename pid = 485 uid = 1000 package name = android
09-20 16:21:46.504 I/ServiceKeeper(  485): In getpackagename pid = 485 uid = 1000 package name = android
09-20 16:21:46.745 V/AlarmManager(  485): waitForAlarm result :8
09-20 16:21:46.795 I/ServiceKeeper(  485): In getpackagename pid = 485 uid = 1000 package name = android
09-20 16:21:46.795 I/ServiceKeeper(  485): In getpackagename pid = 485 uid = 1000 package name = android
09-20 16:21:46.995 D/SSRMv2:SIOP(  485): SIOP:: AP = 270, Delta = 20
09-20 16:21:47.035 V/AlarmManager(  485): waitForAlarm result :8
09-20 16:21:47.055 I/ServiceKeeper(  485): In getpackagename pid = 485 uid = 1000 package name = android
09-20 16:21:47.095 I/ServiceKeeper(  485): In getpackagename pid = 485 uid = 1000 package name = android
09-20 16:21:47.345 V/AlarmManager(  485): waitForAlarm result :8
09-20 16:21:47.355 I/ServiceKeeper(  485): In getpackagename pid = 485 uid = 1000 package name = android
09-20 16:21:47.415 I/ServiceKeeper(  485): In getpackagename pid = 485 uid = 1000 package name = android
09-20 16:21:47.536 E/SMD     (  168): DCD ON
09-20 16:21:47.616 V/AlarmManager(  485): waitForAlarm result :4
09-20 16:21:47.616 V/AlarmManager(  485): trigger ELAPSED_REALTIME_WAKEUP or RTC_WAKEUP
09-20 16:21:47.626 I/ServiceKeeper(  485): In getpackagename pid = 485 uid = 1000 package name = android
09-20 16:21:47.636 V/AlarmManager(  485): waitForAlarm result :8
09-20 16:21:47.726 I/ServiceKeeper(  485): In getpackagename pid = 485 uid = 1000 package name = android
09-20 16:21:47.726 I/ServiceKeeper(  485): In getpackagename pid = 485 uid = 1000 package name = android
09-20 16:21:47.726 I/ServiceKeeper(  485): In getpackagename pid = 485 uid = 1000 package name = android
09-20 16:21:47.826 I/ServiceKeeper(  485): In getpackagename pid = 485 uid = 1000 package name = android
09-20 16:21:47.836 D/dalvikvm( 4665): GC_CONCURRENT freed 1012K, 46% free 9866K/18004K, paused 3ms+9ms, total 73ms
09-20 16:21:47.836 D/dalvikvm( 4665): WAIT_FOR_CONCURRENT_GC blocked 20ms
09-20 16:21:47.936 V/AlarmManager(  485): waitForAlarm result :8
09-20 16:21:47.966 I/ServiceKeeper(  485): In getpackagename pid = 485 uid = 1000 package name = android
09-20 16:21:47.986 I/ServiceKeeper(  485): In getpackagename pid = 485 uid = 1000 package name = android
09-20 16:21:48.236 V/AlarmManager(  485): waitForAlarm result :8
09-20 16:21:48.256 I/ServiceKeeper(  485): In getpackagename pid = 485 uid = 1000 package name = android
09-20 16:21:48.296 I/ServiceKeeper(  485): In getpackagename pid = 485 uid = 1000 package name = android
09-20 16:21:48.436 D/STATUSBAR-NetworkController(  961): refreshSignalCluster - setNWBoosterIndicators(false)
09-20 16:21:48.436 D/STATUSBAR-NetworkController(  961): refreshSignalCluster: data=0 bt=false
09-20 16:21:48.447 D/STATUSBAR-IconMerger(  961): checkOverflow(240), More:false, Req:false Child:3
09-20 16:21:48.537 V/AlarmManager(  485): waitForAlarm result :8
09-20 16:21:48.597 I/ServiceKeeper(  485): In getpackagename pid = 485 uid = 1000 package name = android
09-20 16:21:48.597 I/ServiceKeeper(  485): In getpackagename pid = 485 uid = 1000 package name = android
09-20 16:21:48.837 V/AlarmManager(  485): waitForAlarm result :8
09-20 16:21:48.897 I/ServiceKeeper(  485): In getpackagename pid = 485 uid = 1000 package name = android
09-20 16:21:48.907 I/ServiceKeeper(  485): In getpackagename pid = 485 uid = 1000 package name = android
09-20 16:21:49.137 V/AlarmManager(  485): waitForAlarm result :8
09-20 16:21:49.157 I/ServiceKeeper(  485): In getpackagename pid = 485 uid = 1000 package name = android
09-20 16:21:49.197 I/ServiceKeeper(  485): In getpackagename pid = 485 uid = 1000 package name = android
09-20 16:21:49.297 I/InputReader(  485): Touch event's action is 0x0 (deviceType=0) [pCnt=1, s=0.2348 ] when=15211468386000
09-20 16:21:49.297 I/InputDispatcher(  485): Delivering touch to: action: 0x4, toolType: 1
09-20 16:21:49.297 D/LockPatternUtils(  961): isPcwEnable = null
09-20 16:21:49.297 I/InputDispatcher(  485): Delivering touch to: action: 0x0, toolType: 1
09-20 16:21:49.297 I/MDPP    (  485): Property: None
09-20 16:21:49.337 D/LockPatternUtils(  961): isPcwEnable = null
09-20 16:21:49.337 I/MDPP    (  485): Property: None
09-20 16:21:49.357 D/LockPatternUtils(  961): isPcwEnable = null
09-20 16:21:49.357 I/MDPP    (  485): Property: None
09-20 16:21:49.367 D/LockPatternUtils(  961): isPcwEnable = null
09-20 16:21:49.377 I/MDPP    (  485): Property: None
09-20 16:21:49.388 I/InputReader(  485): Touch event's action is 0x1 (deviceType=0) [pCnt=1, s=] when=15211562877000
09-20 16:21:49.388 D/LockPatternUtils(  961): isPcwEnable = null
09-20 16:21:49.388 I/MDPP    (  485): Property: None
09-20 16:21:49.398 I/InputDispatcher(  485): Delivering touch to: action: 0x1, toolType: 1
09-20 16:21:49.408 D/lights  (  485): button : 1 +
09-20 16:21:49.408 D/lights  (  485): button : 1 -
09-20 16:21:49.408 D/PowerManagerService(  485): [api] [s] userActivity : event: 3 flags: 0 (uid: 10224 pid: 961)
09-20 16:21:49.408 D/PowerManagerService(  485): [s] UserActivityState : 0 -> 1
09-20 16:21:49.408 D/DisplayPowerController(  485): animation target = 181 (PSM:false, AB limit:(-1 ~ -1) MB Limit:(-1 ~ -1) MAdj:(0, (0, 255)))
09-20 16:21:49.418 V/Vibrator(  485): vibrateImmVibe - PUID: 1000, PackageName: android, type: 9, magType: TouchMagnitude
09-20 16:21:49.418 I/ServiceKeeper(  485): In getpackagename pid = 485 uid = 1000 package name = android
09-20 16:21:49.418 D/PowerManagerService(  485): [api] [s] userActivity : event: 3 flags: 0 (uid: 10224 pid: 961)
09-20 16:21:49.418 V/VibratorService(  485): hasVibrator - useVibetonz: true
09-20 16:21:49.418 V/VibratorService(  485): vibrateImmVibeMagnitudeType - magnitudeType: TouchMagnitude
09-20 16:21:49.418 D/VibratorService(  485): ImmVibe vibratorOff()
09-20 16:21:49.418 D/PowerManagerService(  485): [s] mDisplayPowerControllerCallbacks : onStateChanged()
09-20 16:21:49.428 D/lights  (  485): lcd : 37 +
09-20 16:21:49.428 I/ServiceKeeper(  485): In getpackagename pid = 485 uid = 1000 package name = android
09-20 16:21:49.428 D/PowerManagerService(  485): Excessive delay in LCD_Task is start: 10ms
09-20 16:21:49.428 E/PersonaManagerService(  485): Unable to read user list
09-20 16:21:49.428 E/PersonaManagerService(  485): Unable to read user list
09-20 16:21:49.438 V/AlarmManager(  485): waitForAlarm result :8
09-20 16:21:49.458 I/ServiceKeeper(  485): In getpackagename pid = 485 uid = 1000 package name = android
09-20 16:21:49.468 I/ServiceKeeper(  485): In getpackagename pid = 485 uid = 1000 package name = android
09-20 16:21:49.478 D/lights  (  485): lcd : 37 -
09-20 16:21:49.478 D/LightsService(  485): Excessive delay setting light: 53ms
09-20 16:21:49.478 D/lights  (  485): lcd : 136 +
09-20 16:21:49.478 D/STATUSBAR-NetworkController(  961): refreshSignalCluster - setNWBoosterIndicators(false)
09-20 16:21:49.478 D/STATUSBAR-NetworkController(  961): refreshSignalCluster: data=0 bt=false
09-20 16:21:49.488 D/STATUSBAR-IconMerger(  961): checkOverflow(240), More:false, Req:false Child:3
09-20 16:21:49.508 D/RampAnimator(  485): Light Animator Finished currentValue=181
09-20 16:21:49.548 D/lights  (  485): lcd : 136 -
09-20 16:21:49.548 D/LightsService(  485): Excessive delay setting light: 67ms
09-20 16:21:49.548 D/lights  (  485): lcd : 181 +
09-20 16:21:49.588 D/lights  (  485): lcd : 181 -
09-20 16:21:49.608 I/InputReader(  485): Touch event's action is 0x0 (deviceType=0) [pCnt=1, s=0.2349 ] when=15211786042000
09-20 16:21:49.608 I/InputDispatcher(  485): Delivering touch to: action: 0x4, toolType: 1
09-20 16:21:49.608 D/LockPatternUtils(  961): isPcwEnable = null
09-20 16:21:49.618 I/MDPP    (  485): Property: None
09-20 16:21:49.618 I/InputDispatcher(  485): Delivering touch to: action: 0x0, toolType: 1
09-20 16:21:49.668 D/LockPatternUtils(  961): isPcwEnable = null
09-20 16:21:49.668 I/MDPP    (  485): Property: None
09-20 16:21:49.698 I/InputReader(  485): Touch event's action is 0x1 (deviceType=0) [pCnt=1, s=] when=15211870156000
09-20 16:21:49.698 D/LockPatternUtils(  961): isPcwEnable = null
09-20 16:21:49.698 I/MDPP    (  485): Property: None
09-20 16:21:49.698 D/LockPatternUtils(  961): isPcwEnable = null
09-20 16:21:49.708 I/MDPP    (  485): Property: None
09-20 16:21:49.718 V/Vibrator(  485): vibrateImmVibe - PUID: 1000, PackageName: android, type: 9, magType: TouchMagnitude
09-20 16:21:49.718 I/InputDispatcher(  485): Delivering touch to: action: 0x1, toolType: 1
09-20 16:21:49.718 D/PowerManagerService(  485): [api] [s] userActivity : event: 3 flags: 0 (uid: 10224 pid: 961)
09-20 16:21:49.718 D/PowerManagerService(  485): [api] [s] userActivity : event: 3 flags: 0 (uid: 10224 pid: 961)
09-20 16:21:49.718 V/VibratorService(  485): hasVibrator - useVibetonz: true
09-20 16:21:49.718 V/VibratorService(  485): vibrateImmVibeMagnitudeType - magnitudeType: TouchMagnitude
09-20 16:21:49.718 D/VibratorService(  485): ImmVibe vibratorOff()
09-20 16:21:49.738 I/ServiceKeeper(  485): In getpackagename pid = 485 uid = 1000 package name = android
09-20 16:21:49.738 I/ServiceKeeper(  485): In getpackagename pid = 485 uid = 1000 package name = android
09-20 16:21:49.738 E/PersonaManagerService(  485): Unable to read user list
09-20 16:21:49.738 E/PersonaManagerService(  485): Unable to read user list
09-20 16:21:49.738 V/AlarmManager(  485): waitForAlarm result :8
09-20 16:21:49.768 I/ServiceKeeper(  485): In getpackagename pid = 485 uid = 1000 package name = android
09-20 16:21:49.768 I/ServiceKeeper(  485): In getpackagename pid = 485 uid = 1000 package name = android
09-20 16:21:49.948 I/InputReader(  485): Touch event's action is 0x0 (deviceType=0) [pCnt=1, s=0.2350 ] when=15212125490000
09-20 16:21:49.948 I/InputDispatcher(  485): Delivering touch to: action: 0x4, toolType: 1
09-20 16:21:49.948 D/LockPatternUtils(  961): isPcwEnable = null
09-20 16:21:49.958 I/MDPP    (  485): Property: None
09-20 16:21:49.958 I/InputDispatcher(  485): Delivering touch to: action: 0x0, toolType: 1
09-20 16:21:50.018 D/LockPatternUtils(  961): isPcwEnable = null
09-20 16:21:50.018 I/MDPP    (  485): Property: None
09-20 16:21:50.018 I/InputReader(  485): Touch event's action is 0x1 (deviceType=0) [pCnt=1, s=] when=15212198494000
09-20 16:21:50.018 D/LockPatternUtils(  961): isPcwEnable = null
09-20 16:21:50.028 I/MDPP    (  485): Property: None
09-20 16:21:50.028 D/LockPatternUtils(  961): isPcwEnable = null
09-20 16:21:50.028 I/MDPP    (  485): Property: None
09-20 16:21:50.038 I/InputDispatcher(  485): Delivering touch to: action: 0x1, toolType: 1
09-20 16:21:50.038 V/AlarmManager(  485): waitForAlarm result :8
09-20 16:21:50.048 D/PowerManagerService(  485): [api] [s] userActivity : event: 3 flags: 0 (uid: 10224 pid: 961)
09-20 16:21:50.048 D/PowerManagerService(  485): [api] [s] userActivity : event: 3 flags: 0 (uid: 10224 pid: 961)
09-20 16:21:50.058 V/Vibrator(  485): vibrateImmVibe - PUID: 1000, PackageName: android, type: 9, magType: TouchMagnitude
09-20 16:21:50.058 V/VibratorService(  485): hasVibrator - useVibetonz: true
09-20 16:21:50.058 V/VibratorService(  485): vibrateImmVibeMagnitudeType - magnitudeType: TouchMagnitude
09-20 16:21:50.058 D/VibratorService(  485): ImmVibe vibratorOff()
09-20 16:21:50.078 I/ServiceKeeper(  485): In getpackagename pid = 485 uid = 1000 package name = android
09-20 16:21:50.088 I/ServiceKeeper(  485): In getpackagename pid = 485 uid = 1000 package name = android
09-20 16:21:50.088 I/ServiceKeeper(  485): In getpackagename pid = 485 uid = 1000 package name = android
09-20 16:21:50.088 I/ServiceKeeper(  485): In getpackagename pid = 485 uid = 1000 package name = android
09-20 16:21:50.088 E/PersonaManagerService(  485): Unable to read user list
09-20 16:21:50.088 E/PersonaManagerService(  485): Unable to read user list
09-20 16:21:50.268 I/InputReader(  485): Touch event's action is 0x0 (deviceType=0) [pCnt=1, s=0.2351 ] when=15212443451000
09-20 16:21:50.268 I/InputDispatcher(  485): Delivering touch to: action: 0x4, toolType: 1
09-20 16:21:50.268 D/LockPatternUtils(  961): isPcwEnable = null
09-20 16:21:50.278 I/InputDispatcher(  485): Delivering touch to: action: 0x0, toolType: 1
09-20 16:21:50.278 I/MDPP    (  485): Property: None
09-20 16:21:50.329 I/InputReader(  485): Touch event's action is 0x1 (deviceType=0) [pCnt=1, s=] when=15212505621000
09-20 16:21:50.329 I/InputDispatcher(  485): Delivering touch to: action: 0x1, toolType: 1
09-20 16:21:50.329 D/LockPatternUtils(  961): isPcwEnable = null
09-20 16:21:50.339 I/MDPP    (  485): Property: None
09-20 16:21:50.339 V/AlarmManager(  485): waitForAlarm result :8
09-20 16:21:50.359 V/Vibrator(  485): vibrateImmVibe - PUID: 1000, PackageName: android, type: 9, magType: TouchMagnitude
09-20 16:21:50.359 D/PowerManagerService(  485): [api] [s] userActivity : event: 3 flags: 0 (uid: 10224 pid: 961)
09-20 16:21:50.359 D/PowerManagerService(  485): [api] [s] userActivity : event: 3 flags: 0 (uid: 10224 pid: 961)
09-20 16:21:50.359 V/VibratorService(  485): hasVibrator - useVibetonz: true
09-20 16:21:50.359 V/VibratorService(  485): vibrateImmVibeMagnitudeType - magnitudeType: TouchMagnitude
09-20 16:21:50.359 D/VibratorService(  485): ImmVibe vibratorOff()
09-20 16:21:50.389 I/ServiceKeeper(  485): In getpackagename pid = 485 uid = 1000 package name = android
09-20 16:21:50.389 I/ServiceKeeper(  485): In getpackagename pid = 485 uid = 1000 package name = android
09-20 16:21:50.389 I/ServiceKeeper(  485): In getpackagename pid = 485 uid = 1000 package name = android
09-20 16:21:50.389 E/PersonaManagerService(  485): Unable to read user list
09-20 16:21:50.389 E/PersonaManagerService(  485): Unable to read user list
09-20 16:21:50.399 I/ServiceKeeper(  485): In getpackagename pid = 485 uid = 1000 package name = android
09-20 16:21:50.469 D/STATUSBAR-NetworkController(  961): refreshSignalCluster - setNWBoosterIndicators(false)
09-20 16:21:50.469 D/STATUSBAR-NetworkController(  961): refreshSignalCluster: data=0 bt=false
09-20 16:21:50.499 D/STATUSBAR-IconMerger(  961): checkOverflow(240), More:false, Req:false Child:3
09-20 16:21:50.539 E/SMD     (  168): DCD ON
09-20 16:21:50.639 V/AlarmManager(  485): waitForAlarm result :8
09-20 16:21:50.659 I/InputReader(  485): Touch event's action is 0x0 (deviceType=0) [pCnt=1, s=0.2352 ] when=15212836584000
09-20 16:21:50.659 I/InputDispatcher(  485): Delivering touch to: action: 0x4, toolType: 1
09-20 16:21:50.669 D/LockPatternUtils(  961): isPcwEnable = null
09-20 16:21:50.669 I/InputDispatcher(  485): Delivering touch to: action: 0x0, toolType: 1
09-20 16:21:50.669 I/MDPP    (  485): Property: None
09-20 16:21:50.679 I/ServiceKeeper(  485): In getpackagename pid = 485 uid = 1000 package name = android
09-20 16:21:50.679 I/ServiceKeeper(  485): In getpackagename pid = 485 uid = 1000 package name = android
09-20 16:21:50.699 D/LockPatternUtils(  961): isPcwEnable = null
09-20 16:21:50.699 I/MDPP    (  485): Property: None
09-20 16:21:50.699 I/ServiceKeeper(  485): In getpackagename pid = 485 uid = 1000 package name = android
09-20 16:21:50.709 D/LockPatternUtils(  961): isPcwEnable = null
09-20 16:21:50.719 I/MDPP    (  485): Property: None
09-20 16:21:50.729 D/LockPatternUtils(  961): isPcwEnable = null
09-20 16:21:50.729 I/MDPP    (  485): Property: None
09-20 16:21:50.749 D/LockPatternUtils(  961): isPcwEnable = null
09-20 16:21:50.749 I/MDPP    (  485): Property: None
09-20 16:21:50.759 I/InputReader(  485): Touch event's action is 0x1 (deviceType=0) [pCnt=1, s=] when=15212931411000
09-20 16:21:50.759 D/LockPatternUtils(  961): isPcwEnable = null
09-20 16:21:50.759 I/MDPP    (  485): Property: None
09-20 16:21:50.759 D/LockPatternUtils(  961): isPcwEnable = null
09-20 16:21:50.769 I/MDPP    (  485): Property: None
09-20 16:21:50.769 I/InputDispatcher(  485): Delivering touch to: action: 0x1, toolType: 1
09-20 16:21:50.779 V/Vibrator(  485): vibrateImmVibe - PUID: 1000, PackageName: android, type: 9, magType: TouchMagnitude
09-20 16:21:50.779 V/VibratorService(  485): hasVibrator - useVibetonz: true
09-20 16:21:50.779 V/VibratorService(  485): vibrateImmVibeMagnitudeType - magnitudeType: TouchMagnitude
09-20 16:21:50.779 D/VibratorService(  485): ImmVibe vibratorOff()
09-20 16:21:50.779 D/PowerManagerService(  485): [api] [s] userActivity : event: 3 flags: 0 (uid: 10224 pid: 961)
09-20 16:21:50.779 D/PowerManagerService(  485): [api] [s] userActivity : event: 3 flags: 0 (uid: 10224 pid: 961)
09-20 16:21:50.789 I/MDPP    (  485): Property: None
09-20 16:21:50.799 I/ServiceKeeper(  485): In getpackagename pid = 485 uid = 1000 package name = android
09-20 16:21:50.799 I/ServiceKeeper(  485): In getpackagename pid = 485 uid = 1000 package name = android
09-20 16:21:50.799 E/PersonaManagerService(  485): Unable to read user list
09-20 16:21:50.799 E/PersonaManagerService(  485): Unable to read user list
09-20 16:21:50.829 W/LockPatternUtils(  485): passwordToHash time = 48ms
09-20 16:21:50.829 I/MDPP    (  485): Property: None
09-20 16:21:50.839 D/LockSettingsService(  485): maybeUpdateKeystore :keyStore.password
09-20 16:21:50.899 D/KeyguardHostView(  961): showNextSecurityScreenOrFinish(true)
09-20 16:21:50.899 D/KeyguardViewMediator(  961): keyguardDone(true)
09-20 16:21:50.909 I/SecureStorage(  150): [INFO]: SPID(0x00000000)Checking if this device supports Secure Storage
09-20 16:21:50.909 I/SecureStorage(  150): [INFO]: SPID(0x00000000)This device does not support Secure Storage
09-20 16:21:50.909 I/SecureStorage(  150): [INFO]: SPID(0x00000000)Processing data
09-20 16:21:50.909 I/SecureStorage(  206): [INFO]: SPID(0x00000021)Credentials: uid 0, gid 0, pid 150
09-20 16:21:50.909 I/DirEncryption(  150): command (password)
09-20 16:21:50.919 I/SecureStorage(  206): [INFO]: SPID(0x00000021)Received function mask & code: 00000107
09-20 16:21:50.919 I/ServiceKeeper(  485): In getpackagename pid = 485 uid = 1000 package name = android
09-20 16:21:50.919 D/PowerManagerService(  485): [api] [s] userActivity : event: 3 flags: 0 (uid: 10224 pid: 961)
09-20 16:21:50.919 E/PersonaManagerService(  485): Unable to read user list
09-20 16:21:50.919 D/PowerManagerService(  485): [api] [s] userActivity : event: 3 flags: 0 (uid: 10224 pid: 961)
09-20 16:21:50.929 D/KeyguardViewMediator(  961): handleKeyguardDone
09-20 16:21:50.939 I/ServiceKeeper(  485): In getpackagename pid = 485 uid = 1000 package name = android
09-20 16:21:50.939 D/KeyguardViewMediator(  961): handleHide
09-20 16:21:50.939 V/AlarmManager(  485): waitForAlarm result :8
09-20 16:21:50.939 E/PersonaManagerService(  485): Unable to read user list
09-20 16:21:50.959 I/ServiceKeeper(  485): In getpackagename pid = 485 uid = 1000 package name = android
09-20 16:21:50.979 I/MDPP    (  485): Property: None
09-20 16:21:50.979 D/KeyguardViewManager(  961): hide()
09-20 16:21:50.979 I/KeyguardEffectViewMain(  961): *** KeyguardEffectView getInstance ***
09-20 16:21:50.979 D/VisualEffectCircleUnlockEffect(  961): KeyguardEffectViewNone : cleanUp
09-20 16:21:50.979 V/KeyguardUpdateMonitor(  961): *** unregister callback for com.android.keyguard.sec.KeyguardEffectViewMain$2@42276608
09-20 16:21:50.989 D/Launcher.HomeFragment( 1099): onStart
09-20 16:21:50.999 D/KeyguardUpdateMonitor(  961): sendKeyguardVisibilityChanged(true)
09-20 16:21:50.999 I/SecureStorage(  206): [INFO]: SPID(0x00000021)Secure Storage Daemon finished processing with result: 0
09-20 16:21:50.999 I/SecureStorage(  206): [INFO]: SPID(0x00000021)PID: 150, TID: 345
09-20 16:21:51.009 D/KeyguardUpdateMonitor(  961): sendKeyguardVisibilityChanged(true)
09-20 16:21:51.009 I/SecureStorage(  150): [INFO]: SPID(0x00000000)Processing data has been completed
09-20 16:21:51.009 I/DirEncryption(  150): Skip EDK update:: same password
09-20 16:21:51.019 I/MDPP    (  485): Property: None
09-20 16:21:51.019 D/KeyguardViewMediator(  961): adjustStatusBarLocked: mShowing=false mHidden=false isSecure=true --> flags=0x0
09-20 16:21:51.029 D/STATUSBAR-StatusBarManagerService(  485): manageDisableList what=0x0 pkg=com.android.keyguard
09-20 16:21:51.039 E/MtpService(12301): In MTPAPP onReceive:android.intent.action.USER_PRESENT
09-20 16:21:51.039 E/MtpService(12301): Inside ACTION_USER_PRESENT:android.intent.action.USER_PRESENT
09-20 16:21:51.039 E/MTPJNIInterface(12301): noti = 13
09-20 16:21:51.039 E/MtpService(12301): MTP is already running. Setting the status to unlock
09-20 16:21:51.039 D/KeyguardUpdateMonitor(  961): sendKeyguardVisibilityChanged(true)
09-20 16:21:51.039 V/WindowManager(  485): rotationForOrientationLw(orient=5, last=0); user=0 USER_ROTATION_LOCKED sensorRotation=-1 mLidState=-1 mDockMode=0 mHdmiPlugged=false mAccelerometerDefault=false gripRotationLock=false
09-20 16:21:51.039 D/STATUSBAR-StatusBarManagerService(  485): manageDisableList what=0x0 pkg=WindowManager.LayoutParams
09-20 16:21:51.049 D/PointerIcon(  485): setMouseIconStyle1 pointerType: 1001iconType:101 flag:0
09-20 16:21:51.049 D/PointerIcon(  485): setMouseCustomIcon IconType is same.101
09-20 16:21:51.049 D/KeyguardUpdateMonitor(  961): handleKeyguardVisibilityChanged(1)
09-20 16:21:51.049 D/KeyguardUpdateMonitor(  961): handleKeyguardVisibilityChanged(1)
09-20 16:21:51.049 D/MtpService(12289): addStorageLocked 65537 /storage/emulated/0
09-20 16:21:51.049 E/MtpServerJNI(12289): server is null in add_storage
09-20 16:21:51.049 D/PowerManagerService(  485): [api] setUserActivityTimeoutOverrideFromWindowManagerInternal: timeoutMillis: -1
09-20 16:21:51.049 D/PowerManagerService(  485): [s] getScreenOffTimeoutLocked: 10000 -> 30000
09-20 16:21:51.049 D/PowerManagerService(  485): [api] setScreenDimDurationOverrideFromWindowManagerInternal: timeoutMillis: -1
09-20 16:21:51.049 D/PowerManagerService(  485): [api] setButtonTimeoutOverrideFromWindowManagerInternal: timeoutMillis: -1
09-20 16:21:51.049 D/PhoneStatusBar(  961): disable(): knoxCustomManager = android.app.enterprise.knoxcustom.KnoxCustomManager@42919558
09-20 16:21:51.059 D/CellLayoutChildren( 1099): setCellDimensions. width: 144, height: 200, gapX: 28, gapY: 0
09-20 16:21:51.059 D/PhoneStatusBar(  961): disable: < expand* icons alerts ticker* system_info BACK HOME recent* clock search >
09-20 16:21:51.059 D/KeyguardUpdateMonitor(  961): handleKeyguardVisibilityChanged(1)
09-20 16:21:51.059 D/KeyguardHostView(  961): Window is unfocused
09-20 16:21:51.059 D/KeyguardHostView(  961): isPreloadedWallpaper=true
09-20 16:21:51.059 I/SpenGestureManager(  485): setFocusWindow21065
09-20 16:21:51.059 D/StatusBarManagerService(  485): tr p:961,o:f
09-20 16:21:51.069 D/PhoneStatusBar(  961): setTransGradationMode=false, mTransparentMode=false, mSemiTransparentMode=false, mMultiWindowMode=false
09-20 16:21:51.069 I/ServiceKeeper(  485): In getpackagename pid = 485 uid = 1000 package name = android
09-20 16:21:51.069 I/ServiceKeeper(  485): In getpackagename pid = 485 uid = 1000 package name = android
09-20 16:21:51.069 D/KeyguardUpdateMonitor(  961): sendKeyguardVisibilityChanged(true)
09-20 16:21:51.069 D/PalmMotionService(  485): else - mSurfaceTouchSharingData:1 mSettingPalmTouch1
09-20 16:21:51.069 D/LightsService(  485): [api] [SvcLED] turnOff:: id = 4 (uid: 1000 pid: 485) 
09-20 16:21:51.069 D/LightsService(  485): [SvcLED] setSvcLedStateLocked:: SvcLEDState : 0x0 -> 0x0 | SvcLED(id=4) set Off
09-20 16:21:51.069 E/MotionRecognitionService(  485):   mReceiver.onReceive : ACTION_USER_PRESENT  :: UNLOCK SCREEN
09-20 16:21:51.069 D/LightsService(  485): [SvcLED] Lux failed to be updated in 700ms. -> handleForcedSvcLEDTasK
09-20 16:21:51.069 D/LightsService(  485): [SvcLED]  setSvcLedLightLocked :: Current SvcLED(id=3) maintains its priority right
09-20 16:21:51.069 D/SSRMv2:TSP:AirViewOnOff(  485): DeviceInfo:: 00000000000
09-20 16:21:51.069 D/SSRMv2:TSP:AirViewOnOff(  485): SettingsAirViewInfo:: 000000000
09-20 16:21:51.079 I/ServiceKeeper(  485): In getpackagename pid = 485 uid = 1000 package name = android
09-20 16:21:51.079 I/NfcService( 1086): applyRouting return - 2 
09-20 16:21:51.089 I/MDPP    (  485): Property: None
09-20 16:21:51.089 E/MtpService(12301): unregistering mtpUserPresentReceiver in else case action_user_present
09-20 16:21:51.089 D/StatusBarManagerService(  485): semi p:1099,o:f
09-20 16:21:51.089 D/StatusBarManagerService(  485): semi p:1099,o:f
09-20 16:21:51.099 D/KeyguardUpdateMonitor(  961): sendKeyguardVisibilityChanged(true)
09-20 16:21:51.099 D/PhoneStatusBar(  961): disable: < expand icons alerts ticker system_info back* home* recent clock search >
09-20 16:21:51.099 D/KeyguardUpdateMonitor(  961): handleKeyguardVisibilityChanged(1)
09-20 16:21:51.099 D/PointerIcon(  485): setMouseIconStyle1 pointerType: 1001iconType:101 flag:0
09-20 16:21:51.099 D/PointerIcon(  485): setMouseCustomIcon IconType is same.101
09-20 16:21:51.099 D/PhoneStatusBar(  961): disable(): knoxCustomManager = android.app.enterprise.knoxcustom.KnoxCustomManager@42919558
09-20 16:21:51.109 D/KeyguardUpdateMonitor(  961): sendKeyguardVisibilityChanged(true)
09-20 16:21:51.109 D/PhoneStatusBar(  961): setSemiTransparentMode=false, mTransparentMode=false, mSemiTransparentMode=false, mMultiWindowMode=false
09-20 16:21:51.109 D/KeyguardUpdateMonitor(  961): handleKeyguardVisibilityChanged(1)
09-20 16:21:51.109 D/KeyguardUpdateMonitor(  961): sendKeyguardVisibilityChanged(true)
09-20 16:21:51.119 E/NfcService( 1086): callback == null
09-20 16:21:51.129 D/KeyguardUpdateMonitor(  961): handleKeyguardVisibilityChanged(1)
09-20 16:21:51.129 D/KeyguardUpdateMonitor(  961): handleKeyguardVisibilityChanged(1)
09-20 16:21:51.129 I/ServiceKeeper(  485): In getpackagename pid = 485 uid = 1000 package name = android
09-20 16:21:51.139 D/comsamsunglog( 1099): [MSC_HERO_Accu_JB]>>> ====================================================================================================================
09-20 16:21:51.139 D/comsamsunglog( 1099): [MSC_HERO_Accu_JB]>>> widgetappapheroaccuweatherwidget [Version : 14042401] [ 1 ] 
09-20 16:21:51.139 D/comsamsunglog( 1099): [MSC_HERO_Accu_JB]>>> Header set to : ===> "widget" <===
09-20 16:21:51.139 D/comsamsunglog( 1099): [MSC_HERO_Accu_JB]>>> ====================================================================================================================
