09-20 16:18:28.285 I/ServiceKeeper(  485): In getpackagename pid = 485 uid = 1000 package name = android
09-20 16:18:28.285 V/AlarmManager(  485): trigger ELAPSED_REALTIME_WAKEUP or RTC_WAKEUP
09-20 16:18:28.305 D/BatteryService(  485): level:87, scale:100, status:3, health:2, present:true, voltage: 4161, temperature: 259, technology: Li-ion, AC powered:false, USB powered:false, Wireless powered:false, icon:17303533, invalid charger:0, online:1, current avg:-1, charge type:0, power sharing:false
09-20 16:18:28.305 D/BatteryService(  485): Sending ACTION_BATTERY_CHANGED.
09-20 16:18:28.315 D/KeyguardUpdateMonitor(  961): received broadcast android.intent.action.BATTERY_CHANGED
09-20 16:18:28.315 D/KeyguardUpdateMonitor(  961): handleBatteryUpdate
09-20 16:18:28.325 D/STATUSBAR-PhoneStatusBar(  961):  mBrightnessEnablebySettings = true mBrightnessEnablebyBattery = true mBrightnessEnablebyDisableFlag = true mPmsBrightnessEnablebySettings = true
09-20 16:18:28.345 D/STATUSBAR-IconMerger(  961): checkOverflow(240), More:false, Req:false Child:2
09-20 16:18:28.345 D/BatteryMeterView(  961): ACTION_BATTERY_CHANGED : level:87 status:3 health:2
09-20 16:18:28.415 I/SensorManagerA( 2318): getReportingMode :: sensor.mType = 1
09-20 16:19:26.073 V/AT_Distributor_diag(  170): fd_uart (9), fd_atd(7)
09-20 16:19:26.073 V/AT_Distributor_diag(  170): [UART DIAG] : 
09-20 16:19:26.073 V/AlarmManager(  485): waitForAlarm result :8
09-20 16:19:26.093 D/KeyguardClockWidgetService( 1456): onReceive action=android.intent.action.TIME_TICK
09-20 16:19:26.103 V/AlarmManager(  485): ClockReceiver onReceive() ACTION_TIME_TICK
09-20 16:19:26.113 D/KeyguardUpdateMonitor(  961): received broadcast android.intent.action.TIME_TICK
09-20 16:19:26.113 D/KeyguardUpdateMonitor(  961): handleTimeUpdate
09-20 16:19:26.153 D/STATUSBAR-IconMerger(  961): checkOverflow(240), More:false, Req:false Child:2
09-20 16:19:26.203 D/dalvikvm( 2011): GC_CONCURRENT freed 1316K, 56% free 7954K/17812K, paused 7ms+2ms, total 23ms
09-20 16:19:26.203 D/dalvikvm( 2011): WAIT_FOR_CONCURRENT_GC blocked 4ms
09-20 16:19:26.213 E/        (  485): ../../accel.c|inv_get_accel_offset|211 returning 19
09-20 16:19:26.213 D/Sensors (  485): enable accel bias check
09-20 16:19:26.213 V/Sensors (  485): enable - sensor Accelerometer (handle 4) dis -> en
09-20 16:19:26.213 E/Sensors (  485): mEnabled = 10
09-20 16:19:26.213 V/Sensors (  485): setDelay - sensor Accelerometer (handle 4), rate 10 ms (100.00 Hz)
09-20 16:19:26.213 D/SensorManager( 2318): registerListener :: 4, MPL accel, 0, 0,  
09-20 16:19:26.213 I/ServiceKeeper(  485): In getpackagename pid = 485 uid = 1000 package name = android
09-20 16:19:26.213 I/ServiceKeeper(  485): In getpackagename pid = 485 uid = 1000 package name = android
09-20 16:19:26.213 I/ServiceKeeper(  485): In getpackagename pid = 485 uid = 1000 package name = android
09-20 16:19:26.223 E/Sensors (  485): activatePendingSensors : mEnabled = 10
09-20 16:19:26.223 E/Sensors (  485): requested_sensors(0) from kernel
09-20 16:19:26.223 V/Sensors (  485): calling inv_set_mpu_sensors(000070)
09-20 16:19:26.223 I/MPL-fifo(  485): Actual ODR: 50000 mHz
09-20 16:19:26.223 E/Sensors (  485): set fifo rate - divider : 1, delay : 10 ms (100.00 Hz)
09-20 16:19:26.223 I/MPL-fifo(  485): Actual ODR: 100000 mHz
09-20 16:19:26.223 V/Sensors (  485): Starting DMP
09-20 16:19:26.223 W/MPL-9_sup(  485): 9 axis sensor fusion not available - No compass detected.
09-20 16:19:26.223 I/Sensors (  485): Enabled 9 axis sensor fusion
09-20 16:19:26.233 I/MPL-mldl_cfg_mpu:(  485): inv_mpu_resume(,,,,0070) -> 0070
09-20 16:19:26.243 D/dalvikvm( 2011): GC_FOR_ALLOC freed 181K, 54% free 8246K/17812K, paused 20ms, total 20ms
09-20 16:19:26.443 E/Sensors (  485): accelHandler -0.014370 -0.095801 9.335786
09-20 16:19:26.523 D/dalvikvm(  485): GC_FOR_ALLOC freed 1220K, 27% free 36010K/48852K, paused 259ms, total 260ms
09-20 16:19:26.553 I/ServiceKeeper(  485): In getpackagename pid = 485 uid = 1000 package name = android
09-20 16:19:26.593 D/BatteryService(  485): level:87, scale:100, status:3, health:2, present:true, voltage: 4111, temperature: 254, technology: Li-ion, AC powered:false, USB powered:false, Wireless powered:false, icon:17303533, invalid charger:0, online:1, current avg:-1, charge type:0, power sharing:false
09-20 16:19:26.593 D/BatteryService(  485): Sending ACTION_BATTERY_CHANGED.
09-20 16:19:26.613 D/KeyguardUpdateMonitor(  961): received broadcast android.intent.action.BATTERY_CHANGED
09-20 16:19:26.613 D/KeyguardUpdateMonitor(  961): handleBatteryUpdate
09-20 16:19:26.613 D/STATUSBAR-PhoneStatusBar(  961):  mBrightnessEnablebySettings = true mBrightnessEnablebyBattery = true mBrightnessEnablebyDisableFlag = true mPmsBrightnessEnablebySettings = true
09-20 16:19:26.613 D/BatteryMeterView(  961): ACTION_BATTERY_CHANGED : level:87 status:3 health:2
09-20 16:19:26.633 D/STATUSBAR-IconMerger(  961): checkOverflow(240), More:false, Req:false Child:2
09-20 16:19:26.983 I/SensorManagerA( 2318): getReportingMode :: sensor.mType = 1
09-20 16:19:26.983 V/Sensors (  485): enable - sensor Accelerometer (handle 4) en -> dis
09-20 16:19:26.983 E/Sensors (  485): mEnabled = 0
09-20 16:19:26.983 D/SensorManager( 2318): unregisterListener ::   
09-20 16:19:26.993 I/ServiceKeeper(  485): In getpackagename pid = 485 uid = 1000 package name = android
09-20 16:19:26.993 E/Sensors (  485): activatePendingSensors : mEnabled = 0
09-20 16:19:26.993 E/Sensors (  485): requested_sensors(70) from kernel
09-20 16:19:26.993 I/Sensors (  485): Disabled 9 axis sensor fusion
09-20 16:19:27.003 I/MPL-mldl_cfg_mpu:(  485): inv_mpu_suspend(,,,,7fff) -> 0000
09-20 16:19:27.003 V/Sensors (  485): calling inv_set_mpu_sensors(000000)
09-20 16:19:27.013 V/Sensors (  485): Starting DMP
09-20 16:19:27.013 W/MPL-9_sup(  485): 9 axis sensor fusion not available - No compass detected.
09-20 16:19:27.013 I/Sensors (  485): Enabled 9 axis sensor fusion
09-20 16:19:27.013 I/MPL-mldl_cfg_mpu:(  485): inv_mpu_resume(,,,,0000) -> 0000
09-20 16:19:27.013 V/Sensors (  485): Stopping DMP
09-20 16:19:27.013 I/Sensors (  485): Disabled 9 axis sensor fusion
09-20 16:19:27.013 I/MPL-mldl_cfg_mpu:(  485): inv_mpu_suspend(,,,,7fff) -> 0000
09-20 16:19:27.184 D/SSRMv2:SIOP(  485): SIOP:: AP = 250, Delta = -70
09-20 16:19:28.004 D/BatteryService(  485): level:87, scale:100, status:3, health:2, present:true, voltage: 4151, temperature: 254, technology: Li-ion, AC powered:false, USB powered:false, Wireless powered:false, icon:17303533, invalid charger:0, online:1, current avg:-1, charge type:0, power sharing:false
09-20 16:19:28.004 D/BatteryService(  485): Sending ACTION_BATTERY_CHANGED.
09-20 16:19:28.024 D/KeyguardUpdateMonitor(  961): received broadcast android.intent.action.BATTERY_CHANGED
09-20 16:19:28.024 D/KeyguardUpdateMonitor(  961): handleBatteryUpdate
09-20 16:19:28.034 D/STATUSBAR-PhoneStatusBar(  961):  mBrightnessEnablebySettings = true mBrightnessEnablebyBattery = true mBrightnessEnablebyDisableFlag = true mPmsBrightnessEnablebySettings = true
09-20 16:19:28.054 D/STATUSBAR-IconMerger(  961): checkOverflow(240), More:false, Req:false Child:2
09-20 16:19:28.064 D/BatteryMeterView(  961): ACTION_BATTERY_CHANGED : level:87 status:3 health:2
09-20 16:19:28.295 V/AlarmManager(  485): waitForAlarm result :4
09-20 16:19:28.305 I/ServiceKeeper(  485): In getpackagename pid = 485 uid = 1000 package name = android
09-20 16:19:28.305 V/AlarmManager(  485): trigger ELAPSED_REALTIME_WAKEUP or RTC_WAKEUP
09-20 16:19:28.415 I/SensorManagerA( 2318): getReportingMode :: sensor.mType = 1
09-20 16:20:26.093 V/AT_Distributor_diag(  170): fd_uart (9), fd_atd(7)
09-20 16:20:26.093 V/AT_Distributor_diag(  170): [UART DIAG] : 
09-20 16:20:26.103 V/AlarmManager(  485): waitForAlarm result :8
09-20 16:20:26.163 D/KeyguardClockWidgetService( 1456): onReceive action=android.intent.action.TIME_TICK
09-20 16:20:26.183 D/KeyguardUpdateMonitor(  961): received broadcast android.intent.action.TIME_TICK
09-20 16:20:26.183 D/KeyguardUpdateMonitor(  961): handleTimeUpdate
09-20 16:20:26.183 V/AlarmManager(  485): ClockReceiver onReceive() ACTION_TIME_TICK
09-20 16:20:26.213 D/STATUSBAR-IconMerger(  961): checkOverflow(240), More:false, Req:false Child:2
09-20 16:20:26.293 D/dalvikvm( 2011): GC_CONCURRENT freed 1319K, 56% free 7951K/17812K, paused 14ms+3ms, total 46ms
09-20 16:20:26.293 D/dalvikvm( 2011): WAIT_FOR_CONCURRENT_GC blocked 18ms
09-20 16:20:26.353 E/        (  485): ../../accel.c|inv_get_accel_offset|211 returning 19
09-20 16:20:26.353 D/Sensors (  485): enable accel bias check
09-20 16:20:26.353 V/Sensors (  485): enable - sensor Accelerometer (handle 4) dis -> en
09-20 16:20:26.353 E/Sensors (  485): mEnabled = 10
09-20 16:20:26.353 V/Sensors (  485): setDelay - sensor Accelerometer (handle 4), rate 10 ms (100.00 Hz)
09-20 16:20:26.353 D/SensorManager( 2318): registerListener :: 4, MPL accel, 0, 0,  
09-20 16:20:26.353 I/ServiceKeeper(  485): In getpackagename pid = 485 uid = 1000 package name = android
09-20 16:20:26.353 I/ServiceKeeper(  485): In getpackagename pid = 485 uid = 1000 package name = android
09-20 16:20:26.353 I/ServiceKeeper(  485): In getpackagename pid = 485 uid = 1000 package name = android
09-20 16:20:26.353 D/dalvikvm( 2011): GC_FOR_ALLOC freed 203K, 54% free 8246K/17812K, paused 29ms, total 29ms
09-20 16:20:26.363 E/Sensors (  485): activatePendingSensors : mEnabled = 10
09-20 16:20:26.363 E/Sensors (  485): requested_sensors(0) from kernel
09-20 16:20:26.363 V/Sensors (  485): calling inv_set_mpu_sensors(000070)
09-20 16:20:26.363 I/MPL-fifo(  485): Actual ODR: 100000 mHz
09-20 16:20:26.363 E/Sensors (  485): set fifo rate - divider : 1, delay : 10 ms (100.00 Hz)
09-20 16:20:26.363 I/MPL-fifo(  485): Actual ODR: 100000 mHz
09-20 16:20:26.363 V/Sensors (  485): Starting DMP
09-20 16:20:26.363 W/MPL-9_sup(  485): 9 axis sensor fusion not available - No compass detected.
09-20 16:20:26.363 I/Sensors (  485): Enabled 9 axis sensor fusion
09-20 16:20:26.363 I/MPL-mldl_cfg_mpu:(  485): inv_mpu_resume(,,,,0070) -> 0070
09-20 16:20:26.373 E/Sensors (  485): accelHandler -0.005988 -0.094603 9.311836
09-20 16:20:26.443 I/ServiceKeeper(  485): In getpackagename pid = 485 uid = 1000 package name = android
09-20 16:20:26.453 D/dalvikvm( 1099): GC_FOR_ALLOC freed 4388K, 28% free 31606K/43564K, paused 61ms, total 62ms
09-20 16:20:26.613 D/KeyguardUpdateMonitor(  961): received broadcast android.intent.action.BATTERY_CHANGED
09-20 16:20:26.613 D/KeyguardUpdateMonitor(  961): handleBatteryUpdate
09-20 16:20:26.613 D/BatteryService(  485): level:87, scale:100, status:3, health:2, present:true, voltage: 4137, temperature: 252, technology: Li-ion, AC powered:false, USB powered:false, Wireless powered:false, icon:17303533, invalid charger:0, online:1, current avg:-1, charge type:0, power sharing:false
09-20 16:20:26.613 D/BatteryService(  485): Sending ACTION_BATTERY_CHANGED.
09-20 16:20:26.623 D/STATUSBAR-PhoneStatusBar(  961):  mBrightnessEnablebySettings = true mBrightnessEnablebyBattery = true mBrightnessEnablebyDisableFlag = true mPmsBrightnessEnablebySettings = true
09-20 16:20:26.633 D/STATUSBAR-IconMerger(  961): checkOverflow(240), More:false, Req:false Child:2
09-20 16:20:26.643 D/BatteryMeterView(  961): ACTION_BATTERY_CHANGED : level:87 status:3 health:2
09-20 16:20:26.883 E/Sensors (  485): accelHandler -0.027543 -0.123344 9.341774
09-20 16:20:27.124 I/SensorManagerA( 2318): getReportingMode :: sensor.mType = 1
09-20 16:20:27.124 V/Sensors (  485): enable - sensor Accelerometer (handle 4) en -> dis
09-20 16:20:27.124 E/Sensors (  485): mEnabled = 0
09-20 16:20:27.124 D/SensorManager( 2318): unregisterListener ::   
09-20 16:20:27.134 E/Sensors (  485): activatePendingSensors : mEnabled = 0
09-20 16:20:27.134 E/Sensors (  485): requested_sensors(70) from kernel
09-20 16:20:27.134 I/Sensors (  485): Disabled 9 axis sensor fusion
09-20 16:20:27.144 I/ServiceKeeper(  485): In getpackagename pid = 485 uid = 1000 package name = android
09-20 16:20:27.144 I/MPL-mldl_cfg_mpu:(  485): inv_mpu_suspend(,,,,7fff) -> 0000
09-20 16:20:27.144 V/Sensors (  485): calling inv_set_mpu_sensors(000000)
09-20 16:20:27.154 V/Sensors (  485): Starting DMP
09-20 16:20:27.154 W/MPL-9_sup(  485): 9 axis sensor fusion not available - No compass detected.
09-20 16:20:27.154 I/Sensors (  485): Enabled 9 axis sensor fusion
09-20 16:20:27.154 I/MPL-mldl_cfg_mpu:(  485): inv_mpu_resume(,,,,0000) -> 0000
09-20 16:20:27.154 V/Sensors (  485): Stopping DMP
09-20 16:20:27.154 I/Sensors (  485): Disabled 9 axis sensor fusion
09-20 16:20:27.154 I/MPL-mldl_cfg_mpu:(  485): inv_mpu_suspend(,,,,7fff) -> 0000
09-20 16:20:27.914 D/BatteryService(  485): level:87, scale:100, status:3, health:2, present:true, voltage: 4161, temperature: 252, technology: Li-ion, AC powered:false, USB powered:false, Wireless powered:false, icon:17303533, invalid charger:0, online:1, current avg:-1, charge type:0, power sharing:false
09-20 16:20:27.914 D/BatteryService(  485): Sending ACTION_BATTERY_CHANGED.
09-20 16:20:27.924 D/KeyguardUpdateMonitor(  961): received broadcast android.intent.action.BATTERY_CHANGED
09-20 16:20:27.934 D/KeyguardUpdateMonitor(  961): handleBatteryUpdate
09-20 16:20:27.944 D/STATUSBAR-PhoneStatusBar(  961):  mBrightnessEnablebySettings = true mBrightnessEnablebyBattery = true mBrightnessEnablebyDisableFlag = true mPmsBrightnessEnablebySettings = true
09-20 16:20:27.964 D/STATUSBAR-IconMerger(  961): checkOverflow(240), More:false, Req:false Child:2
09-20 16:20:27.964 D/BatteryMeterView(  961): ACTION_BATTERY_CHANGED : level:87 status:3 health:2
09-20 16:20:28.315 V/AlarmManager(  485): waitForAlarm result :4
09-20 16:20:28.335 I/ServiceKeeper(  485): In getpackagename pid = 485 uid = 1000 package name = android
09-20 16:20:28.335 V/AlarmManager(  485): trigger ELAPSED_REALTIME_WAKEUP or RTC_WAKEUP
09-20 16:20:28.405 I/SensorManagerA( 2318): getReportingMode :: sensor.mType = 1
09-20 16:21:26.093 V/AT_Distributor_diag(  170): fd_uart (9), fd_atd(7)
09-20 16:21:26.093 V/AT_Distributor_diag(  170): [UART DIAG] : 
09-20 16:21:26.093 V/AlarmManager(  485): waitForAlarm result :8
09-20 16:21:26.143 D/KeyguardClockWidgetService( 1456): onReceive action=android.intent.action.TIME_TICK
09-20 16:21:26.153 V/AlarmManager(  485): ClockReceiver onReceive() ACTION_TIME_TICK
09-20 16:21:26.163 D/KeyguardUpdateMonitor(  961): received broadcast android.intent.action.TIME_TICK
09-20 16:21:26.163 D/KeyguardUpdateMonitor(  961): handleTimeUpdate
09-20 16:21:26.173 I/ServiceKeeper(  485): In getpackagename pid = 485 uid = 1000 package name = android
09-20 16:21:26.173 I/ServiceKeeper(  485): In getpackagename pid = 485 uid = 1000 package name = android
09-20 16:21:26.193 D/STATUSBAR-IconMerger(  961): checkOverflow(240), More:false, Req:false Child:2
09-20 16:21:26.203 E/        (  485): ../../accel.c|inv_get_accel_offset|211 returning 19
09-20 16:21:26.203 D/Sensors (  485): enable accel bias check
09-20 16:21:26.203 V/Sensors (  485): enable - sensor Accelerometer (handle 4) dis -> en
09-20 16:21:26.203 E/Sensors (  485): mEnabled = 10
09-20 16:21:26.203 V/Sensors (  485): setDelay - sensor Accelerometer (handle 4), rate 10 ms (100.00 Hz)
09-20 16:21:26.203 D/SensorManager( 2318): registerListener :: 4, MPL accel, 0, 0,  
09-20 16:21:26.213 I/ServiceKeeper(  485): In getpackagename pid = 485 uid = 1000 package name = android
09-20 16:21:26.213 E/Sensors (  485): activatePendingSensors : mEnabled = 10
09-20 16:21:26.213 E/Sensors (  485): requested_sensors(0) from kernel
09-20 16:21:26.213 V/Sensors (  485): calling inv_set_mpu_sensors(000070)
09-20 16:21:26.223 I/MPL-fifo(  485): Actual ODR: 100000 mHz
09-20 16:21:26.223 E/Sensors (  485): set fifo rate - divider : 1, delay : 10 ms (100.00 Hz)
09-20 16:21:26.223 I/MPL-fifo(  485): Actual ODR: 100000 mHz
09-20 16:21:26.223 V/Sensors (  485): Starting DMP
09-20 16:21:26.223 W/MPL-9_sup(  485): 9 axis sensor fusion not available - No compass detected.
09-20 16:21:26.223 I/Sensors (  485): Enabled 9 axis sensor fusion
09-20 16:21:26.223 I/MPL-mldl_cfg_mpu:(  485): inv_mpu_resume(,,,,0070) -> 0070
09-20 16:21:26.273 D/dalvikvm( 2011): GC_CONCURRENT freed 1323K, 56% free 7947K/17812K, paused 9ms+6ms, total 42ms
09-20 16:21:26.273 D/dalvikvm( 2011): WAIT_FOR_CONCURRENT_GC blocked 29ms
09-20 16:21:26.333 D/dalvikvm( 2011): GC_FOR_ALLOC freed 222K, 54% free 8246K/17812K, paused 26ms, total 26ms
09-20 16:21:26.493 E/Sensors (  485): accelHandler 0.009580 -0.100591 9.322614
09-20 16:21:26.663 D/dalvikvm(  485): GC_FOR_ALLOC freed 1878K, 27% free 36041K/48852K, paused 312ms, total 312ms
09-20 16:21:26.663 D/BatteryService(  485): level:87, scale:100, status:3, health:2, present:true, voltage: 4126, temperature: 249, technology: Li-ion, AC powered:false, USB powered:false, Wireless powered:false, icon:17303533, invalid charger:0, online:1, current avg:-1, charge type:0, power sharing:false
09-20 16:21:26.663 D/BatteryService(  485): Sending ACTION_BATTERY_CHANGED.
09-20 16:21:26.673 D/KeyguardUpdateMonitor(  961): received broadcast android.intent.action.BATTERY_CHANGED
09-20 16:21:26.673 D/KeyguardUpdateMonitor(  961): handleBatteryUpdate
09-20 16:21:26.673 D/STATUSBAR-PhoneStatusBar(  961):  mBrightnessEnablebySettings = true mBrightnessEnablebyBattery = true mBrightnessEnablebyDisableFlag = true mPmsBrightnessEnablebySettings = true
09-20 16:21:26.693 D/STATUSBAR-IconMerger(  961): checkOverflow(240), More:false, Req:false Child:2
09-20 16:21:26.693 D/BatteryMeterView(  961): ACTION_BATTERY_CHANGED : level:87 status:3 health:2
09-20 16:21:26.743 I/ServiceKeeper(  485): In getpackagename pid = 485 uid = 1000 package name = android
09-20 16:21:26.993 E/Sensors (  485): accelHandler -0.056283 -0.130529 9.336984
09-20 16:21:26.993 I/SensorManagerA( 2318): getReportingMode :: sensor.mType = 1
09-20 16:21:26.993 V/Sensors (  485): enable - sensor Accelerometer (handle 4) en -> dis
09-20 16:21:26.993 E/Sensors (  485): mEnabled = 0
09-20 16:21:26.993 D/SensorManager( 2318): unregisterListener ::   
09-20 16:21:26.993 I/ServiceKeeper(  485): In getpackagename pid = 485 uid = 1000 package name = android
09-20 16:21:27.003 E/Sensors (  485): activatePendingSensors : mEnabled = 0
09-20 16:21:27.003 E/Sensors (  485): requested_sensors(70) from kernel
09-20 16:21:27.003 I/Sensors (  485): Disabled 9 axis sensor fusion
09-20 16:21:27.003 I/MPL-mldl_cfg_mpu:(  485): inv_mpu_suspend(,,,,7fff) -> 0000
09-20 16:21:27.003 V/Sensors (  485): calling inv_set_mpu_sensors(000000)
09-20 16:21:27.013 V/Sensors (  485): Starting DMP
09-20 16:21:27.013 W/MPL-9_sup(  485): 9 axis sensor fusion not available - No compass detected.
09-20 16:21:27.013 I/Sensors (  485): Enabled 9 axis sensor fusion
09-20 16:21:27.013 I/MPL-mldl_cfg_mpu:(  485): inv_mpu_resume(,,,,0000) -> 0000
09-20 16:21:27.013 V/Sensors (  485): Stopping DMP
09-20 16:21:27.013 I/Sensors (  485): Disabled 9 axis sensor fusion
09-20 16:21:27.013 I/MPL-mldl_cfg_mpu:(  485): inv_mpu_suspend(,,,,7fff) -> 0000
09-20 16:21:35.093 V/AT_Distributor_diag(  170): fd_uart (9), fd_atd(7)
09-20 16:21:35.093 V/AT_Distributor_diag(  170): [UART DIAG] : 
09-20 16:21:35.423 D/BatteryService(  485): level:87, scale:100, status:2, health:2, present:true, voltage: 4168, temperature: 250, technology: Li-ion, AC powered:false, USB powered:true, Wireless powered:false, icon:17303547, invalid charger:0, online:4, current avg:-1, charge type:0, power sharing:false
09-20 16:21:35.423 D/BatteryService(  485): Sending ACTION_BATTERY_CHANGED.
09-20 16:21:35.433 D/KeyguardUpdateMonitor(  961): received broadcast android.intent.action.BATTERY_CHANGED
09-20 16:21:35.433 D/KeyguardUpdateMonitor(  961): handleBatteryUpdate
09-20 16:21:35.443 I/MDPP    (  485): Property: None
09-20 16:21:35.443 D/UsbDeviceManager(  485): handleMessage -> MSG_POWER_STATE = 1
09-20 16:21:35.453 D/UsbDeviceManager(  485): sending intent : ACTION_USB_CABLE_STATE : connected = true
09-20 16:21:35.473 I/SensorManagerA(  485): getReportingMode :: sensor.mType = 5
09-20 16:21:35.473 D/LightsService(  485): [api] [SvcLED] setFlashing :: id = 3, color = 0, mode = 10, onMS = 0, offMS = 0,  (uid: 0 pid: 0) 
09-20 16:21:35.473 D/LightsService(  485): [SvcLED] setSvcLedStateLocked:: SvcLEDState : 0x0 -> 0x10 | SvcLED(id=3) set On
09-20 16:21:35.483 I/EntropyMixer(  485): Writing entropy...
09-20 16:21:35.503 D/SensorManager(  485): registerListener :: 8, CM36651 Light Sensor, 200000, 0,  
09-20 16:21:35.503 D/BatteryService(  485): turn on LED for charging
09-20 16:21:35.513 D/PowerManagerService(  485): [api] updateIsPoweredLocked : mIsPowered: true mPlugType: 2
09-20 16:21:35.523 D/PowerUI (  961): playSound : 1
09-20 16:21:35.533 D/PowerUI (  961): RINGER_MODE_SILENT
09-20 16:21:35.533 D/STATUSBAR-PhoneStatusBar(  961):  mBrightnessEnablebySettings = true mBrightnessEnablebyBattery = true mBrightnessEnablebyDisableFlag = true mPmsBrightnessEnablebySettings = true
09-20 16:21:35.533 D/BatteryMeterView(  961): ACTION_BATTERY_CHANGED : level:87 status:2 health:2
09-20 16:21:35.553 E/videowall-TranscodeReceiver( 2512): broadcastMSG : android.intent.action.ACTION_POWER_CONNECTED
09-20 16:21:35.553 D/STATUSBAR-IconMerger(  961): checkOverflow(240), More:false, Req:false Child:2
09-20 16:21:35.563 V/AlarmManager(  485): waitForAlarm result :4
09-20 16:21:35.563 V/UsbDeviceManager(  485): USB UEVENT: {USB_STATE=CONNECTED, SUBSYSTEM=android_usb, DEVPATH=/devices/virtual/android_usb/android0, SEQNUM=7517, ACTION=change}
09-20 16:21:35.563 D/UsbDeviceManager(  485): handleMessage -> MSG_UPDATE_STATE connected = 1,configured = 0
09-20 16:21:35.563 D/UsbDeviceManager(  485): updateUsbNotification : mConnected = true, mConfigured = false, mCurrentFunctions = mtp,adb
09-20 16:21:35.573 I/ServiceKeeper(  485): In getpackagename pid = 485 uid = 1000 package name = android
09-20 16:21:35.573 D/PowerManagerService(  485): [api] acquire WakeLock flags=0x1000000a tag=charger plug uid=1000 pid=485
09-20 16:21:35.573 I/PowerManagerService(  485): !@[ps] Screen__On(wake lock) :  wl: charger plug
09-20 16:21:35.573 I/PowerManagerService(  485): Waking up from sleep...
09-20 16:21:35.573 D/PowerManagerService(  485): Screen Readiness Inspection requested: mNestCount=1
09-20 16:21:35.573 D/PowerManagerService(  485): [PWL] sb acquire: PowerManagerService.Broadcasts
09-20 16:21:35.573 D/PowerManagerService(  485): [s] WAKEFULNESS_AWAKE
09-20 16:21:35.573 D/UsbDeviceManager(  485): updateUsbNotification : notify id = 17041210, title = Connected as a media device
09-20 16:21:35.573 D/PowerManagerService(  485): [s] getScreenOffTimeoutLocked: 30000 -> 10000
09-20 16:21:35.583 D/lights  (  485): button : 1 +
09-20 16:21:35.593 D/lights  (  485): button : 1 -
09-20 16:21:35.593 V/KeyguardServiceDelegate(  485): onScreenTurnedOn(showListener = com.android.internal.policy.impl.PhoneWindowManager$31@433b3808)
09-20 16:21:35.593 D/PowerManagerService(  485): [PWL] sb acquire: PowerManagerService.Display
09-20 16:21:35.593 D/PowerManagerService(  485): [s] UserActivityState : 0 -> 1
09-20 16:21:35.603 D/KeyguardViewMediator(  961): onScreenTurnedOn, seq = 46
09-20 16:21:35.603 D/KeyguardViewMediator(  961): notifyScreenOnLocked
09-20 16:21:35.603 D/KeyguardViewMediator(  961): handleNotifyScreenOn
09-20 16:21:35.603 D/KeyguardViewManager(  961): onScreenTurnedOn()
09-20 16:21:35.603 D/KeyguardHostView(  961): screen on, instance 436276b8
09-20 16:21:35.613 D/LockPatternUtils(  961): isPcwEnable = null
09-20 16:21:35.623 I/MDPP    (  485): Property: None
09-20 16:21:35.623 V/KeyguardHostView(  961): showPrimarySecurityScreen(turningOff=false)
09-20 16:21:35.623 I/MDPP    (  961): Property: None
09-20 16:21:35.623 D/KeyguardHostView(  961): showSecurityScreen(PIN)
09-20 16:21:35.623 D/PowerManagerService(  485): [api] [s] userActivity : event: 3 flags: 0 (uid: 10224 pid: 961)
09-20 16:21:35.633 W/LicenseLogService(  485): log() failed
09-20 16:21:35.633 D/UsbDeviceManager(  485): sending intent : ACTION_USB_STATE : connected = true, configured = false, functions = mtp,adb
09-20 16:21:35.633 D/PowerManagerService(  485): [api] [s] userActivity : event: 3 flags: 0 (uid: 10224 pid: 961)
09-20 16:21:35.643 D/PasswordUnlockScreen(  961): max failed attempt for device disable :0
09-20 16:21:35.643 D/PasswordUnlockScreen(  961): isDeviceDisabledForMaxFailedAttempt return :false
09-20 16:21:35.643 V/KeyguardUpdateMonitor(  961): *** register callback for com.android.keyguard.KeyguardAbsKeyInputView$6@42c054a0
09-20 16:21:35.643 E/KeyguardUpdateMonitor(  961): Object tried to add another callback
09-20 16:21:35.643 E/KeyguardUpdateMonitor(  961): java.lang.Exception: Called by
09-20 16:21:35.643 E/KeyguardUpdateMonitor(  961): 	at com.android.keyguard.KeyguardUpdateMonitor.registerCallback(KeyguardUpdateMonitor.java:1100)
09-20 16:21:35.643 E/KeyguardUpdateMonitor(  961): 	at com.android.keyguard.KeyguardAbsKeyInputView.onResume(KeyguardAbsKeyInputView.java:579)
09-20 16:21:35.643 E/KeyguardUpdateMonitor(  961): 	at com.android.keyguard.KeyguardHostView.onScreenTurnedOn(KeyguardHostView.java:1923)
09-20 16:21:35.643 E/KeyguardUpdateMonitor(  961): 	at com.android.keyguard.KeyguardViewManager.onScreenTurnedOn(KeyguardViewManager.java:627)
09-20 16:21:35.643 E/KeyguardUpdateMonitor(  961): 	at com.android.keyguard.KeyguardViewMediator.handleNotifyScreenOn(KeyguardViewMediator.java:2430)
09-20 16:21:35.643 E/KeyguardUpdateMonitor(  961): 	at com.android.keyguard.KeyguardViewMediator.access$3700(KeyguardViewMediator.java:176)
09-20 16:21:35.643 E/KeyguardUpdateMonitor(  961): 	at com.android.keyguard.KeyguardViewMediator$6.handleMessage(KeyguardViewMediator.java:2007)
09-20 16:21:35.643 E/KeyguardUpdateMonitor(  961): 	at android.os.Handler.dispatchMessage(Handler.java:102)
09-20 16:21:35.643 E/KeyguardUpdateMonitor(  961): 	at android.os.Looper.loop(Looper.java:146)
09-20 16:21:35.643 E/KeyguardUpdateMonitor(  961): 	at android.app.ActivityThread.main(ActivityThread.java:5487)
09-20 16:21:35.643 E/KeyguardUpdateMonitor(  961): 	at java.lang.reflect.Method.invokeNative(Native Method)
09-20 16:21:35.643 E/KeyguardUpdateMonitor(  961): 	at java.lang.reflect.Method.invoke(Method.java:515)
09-20 16:21:35.643 E/KeyguardUpdateMonitor(  961): 	at com.android.internal.os.ZygoteInit$MethodAndArgsCaller.run(ZygoteInit.java:1283)
09-20 16:21:35.643 E/KeyguardUpdateMonitor(  961): 	at com.android.internal.os.ZygoteInit.main(ZygoteInit.java:1099)
09-20 16:21:35.643 E/KeyguardUpdateMonitor(  961): 	at dalvik.system.NativeStart.main(Native Method)
09-20 16:21:35.643 I/KeyguardEffectViewMain(  961): *** KeyguardEffectView getInstance ***
09-20 16:21:35.643 D/VisualEffectCircleUnlockEffect(  961): KeyguardEffectViewNone : screenTurnedOn
09-20 16:21:35.643 D/InputDispatcher(  485): setInputDispatchMode: enabled=1, frozen=0
09-20 16:21:35.723 D/BatteryService(  485): level:87, scale:100, status:2, health:2, present:true, voltage: 4233, temperature: 250, technology: Li-ion, AC powered:false, USB powered:true, Wireless powered:false, icon:17303547, invalid charger:0, online:4, current avg:-1, charge type:0, power sharing:false
09-20 16:21:35.723 D/BatteryService(  485): stay LED for charging
09-20 16:21:35.733 D/SensorManager(  485): unregisterListener ::   
09-20 16:21:35.733 D/lights  (  485): led_pattern : 1 +
09-20 16:21:35.733 D/LightsService(  485): [SvcLED]  onSensorChanged::light value = 203
09-20 16:21:35.743 I/MDPP    (  485): Property: None
09-20 16:21:35.743 D/lights  (  485): led_pattern : 1 -
09-20 16:21:35.743 D/LightsService(  485): [SvcLED]  setSvcLedLightLocked :: priority changed! SvcLED(id=4) OUT; SvcLED(id=3) IN
09-20 16:21:35.743 D/DisplayPowerController(  485): animation target = 181 (PSM:false, AB limit:(-1 ~ -1) MB Limit:(-1 ~ -1) MAdj:(0, (0, 255)))
09-20 16:21:35.763 V/KeyguardServiceDelegate(  485): **** SHOWN CALLED ****
09-20 16:21:35.763 I/WindowManager(  485): Lock screen displayed!
09-20 16:21:35.773 I/MDPP    (  485): Property: None
09-20 16:21:35.783 D/PowerManagerService(  485): [api] [s] userActivity : event: 3 flags: 0 (uid: 10224 pid: 961)
09-20 16:21:35.783 D/PowerManagerNotifier(  485): [api] WindowManagerPolicy.ScreenOnListener : Received onScreenOn().
09-20 16:21:35.783 D/PowerManagerService(  485): Screen Readiness Inspection completed: mNestCount=0
09-20 16:21:35.783 D/DisplayPowerController(  485): animation target = 181 (PSM:false, AB limit:(-1 ~ -1) MB Limit:(-1 ~ -1) MAdj:(0, (0, 255)))
09-20 16:21:35.783 D/DisplayPowerController(  485): !@ElectronBeam exit
09-20 16:21:35.823 I/SurfaceFlinger(  171): id=400 Removed FlectronBea (23/23)
09-20 16:21:35.823 I/SurfaceFlinger(  171): id=400 Removed FlectronBea (-2/23)
09-20 16:21:35.823 D/KeyguardClockWidgetService( 1456): onReceive action=android.intent.action.SCREEN_ON
09-20 16:21:35.823 D/KeyguardClockWidgetProvider( 1456): refreshSingleClock :{Home} Hour = 4, Min = 21
09-20 16:21:35.833 D/KeyguardClockWidgetProvider( 1456): desc Message = It is 4 : 21 PM
09-20 16:21:35.853 E/qdmemalloc(  171): heap_msk=3000000 flags=1
09-20 16:21:35.853 E/qdmemalloc(  171):  
09-20 16:21:35.863 I/MDPP    (  485): Property: None
09-20 16:21:35.863 D/PowerManagerService(  485): Excessive delay in ElectronBeam exit: 74ms
09-20 16:21:35.863 D/DisplayPowerController(  485): animation target = 181 (PSM:false, AB limit:(-1 ~ -1) MB Limit:(-1 ~ -1) MAdj:(0, (0, 255)))
09-20 16:21:35.863 D/PowerManagerService(  485): [s] mDisplayPowerControllerCallbacks : onStateChanged()
09-20 16:21:35.873 D/NotificationService(  485): Sending broadcast with sbn as extra = StatusBarNotification(pkg=android user=UserHandle{-1} id=17041210 tag=null score=10: Notification(pri=1 icon=108080b contentView=android/0x109007f vibrate=null sound=null defaults=0x0 flags=0x2 when=0 ledARGB=0x0 contentIntent=Y deleteIntent=N contentTitle=27 contentText=28 tickerText=27 kind=[null]))
09-20 16:21:35.873 E/qdmemalloc(  171): heap_msk=3000000 flags=1
09-20 16:21:35.873 E/qdmemalloc(  171):  
09-20 16:21:35.873 E/qdmemalloc(  171): heap_msk=40000000 flags=1
09-20 16:21:35.873 E/qdmemalloc(  171):  
09-20 16:21:35.873 D/STATUSBAR-StatusBarManagerService(  485): sendNotification(1) - 17041210
09-20 16:21:35.883 E/qdmemalloc(  171): heap_msk=40000000 flags=1
09-20 16:21:35.883 E/qdmemalloc(  171):  
09-20 16:21:35.883 D/BatteryService(  485): Sending ACTION_BATTERY_CHANGED.
09-20 16:21:35.893 D/RCPManagerService(  485): NotificationReceiver onReceive()
09-20 16:21:35.893 D/RCPManagerService(  485):  NotificationReceiver sbn.getPackageName() android sbn.getUser().getIdentifier() -1
09-20 16:21:35.903 V/AlarmManager(  485): trigger ELAPSED_REALTIME_WAKEUP or RTC_WAKEUP
09-20 16:21:35.923 D/PowerManagerService(  485): Excessive delay in LCD_Task is start: 180ms
09-20 16:21:35.933 I/ServiceKeeper(  485): In getpackagename pid = 485 uid = 1000 package name = android
09-20 16:21:35.933 D/RCPManagerService(  485): getPolicy: Policy checking block entered for Notifications; for user/persona = -1 ; Policy = knox-sanitize-data ; token = 4294967296485
09-20 16:21:35.963 I/ServiceKeeper(  485): In getpackagename pid = 485 uid = 1000 package name = android
09-20 16:21:35.963 D/RCPManagerService(  485): getPolicy: policy value returned = false
09-20 16:21:35.963 D/RCPManagerService(  485): going to get the app label for pkg == android
09-20 16:21:35.963 D/RCPManagerService(  485): app label == android
09-20 16:21:35.963 I/ServiceKeeper(  485): In getpackagename pid = 485 uid = 1000 package name = android
09-20 16:21:35.963 D/RCPManagerService(  485): getPolicy: Policy checking block entered for Notifications; for user/persona = -1 ; Policy = knox-export-data ; token = 4294967296485
09-20 16:21:35.963 D/UserManagerService(  485): User -1does not exists!!
09-20 16:21:35.973 I/ServiceKeeper(  485): In getpackagename pid = 485 uid = 1000 package name = android
09-20 16:21:35.973 D/RCPManagerService(  485): getPolicy: policy value returned = true
09-20 16:21:35.973 D/RCPManagerService(  485): Calling User is -1
09-20 16:21:35.983 D/BatteryMeterView(  961): onDraw batteryColor : -1
09-20 16:21:35.993 D/RCPManagerService(  485): userid of SBN ==-1
09-20 16:21:35.993 D/KeyguardViewMediator(  961): handleKeyguardDoneDrawing
09-20 16:21:35.993 E/PersonaManagerService(  485): Unable to read user list
09-20 16:21:35.993 E/PersonaManagerService(  485): returning null in  getPersonasForUser
09-20 16:21:36.013 I/PersonaManager(  961): getPersonaService() name persona_policy
09-20 16:21:36.023 D/ProgressBar(  961): setProgressDrawable drawableHeight = 12
09-20 16:21:36.033 D/PhoneStatusBar(  961): tick(): knoxCustomManager = android.app.enterprise.knoxcustom.KnoxCustomManager@42919558
09-20 16:21:36.043 D/ContexualWidgetMonitor(  961): action =com.android.server.NotificationManagerService.NotificationArrived
09-20 16:21:36.043 D/ContexualWidgetMonitor(  961): pkg =null
09-20 16:21:36.043 D/ContexualWidgetMonitor(  961): mCheckMissedEvent =false
09-20 16:21:36.043 D/KeyguardUpdateMonitor(  961): received broadcast android.intent.action.BATTERY_CHANGED
09-20 16:21:36.043 D/STATUSBAR-PhoneStatusBar(  961):  mBrightnessEnablebySettings = true mBrightnessEnablebyBattery = true mBrightnessEnablebyDisableFlag = true mPmsBrightnessEnablebySettings = true
09-20 16:21:36.043 D/BatteryMeterView(  961): ACTION_BATTERY_CHANGED : level:87 status:2 health:2
09-20 16:21:36.053 D/STATUSBAR-IconMerger(  961): checkOverflow(240), More:false, Req:false Child:3
09-20 16:21:36.083 E/qdmemalloc(  171): heap_msk=3000000 flags=1
09-20 16:21:36.083 E/qdmemalloc(  171):  
09-20 16:21:36.083 E/qdmemalloc(  171): heap_msk=40000000 flags=1
09-20 16:21:36.083 E/qdmemalloc(  171):  
09-20 16:21:36.093 D/KeyguardUpdateMonitor(  961): handleBatteryUpdate
09-20 16:21:36.093 I/MDPP    (  485): Property: None
09-20 16:21:36.093 D/KeyguardViewMediator(  961): handleKeyguardDoneDrawing
09-20 16:21:36.154 D/KeyguardViewMediator(  961): handleKeyguardDoneDrawing
09-20 16:21:36.194 D/LightsService(  485): [api] [SvcLED] turnOff:: id = 3 (uid: 1000 pid: 485) 
09-20 16:21:36.194 D/LightsService(  485): [SvcLED] setSvcLedStateLocked:: SvcLEDState : 0x10 -> 0x0 | SvcLED(id=3) set Off
09-20 16:21:36.194 D/BatteryService(  485): turn off LED
09-20 16:21:36.204 D/lights  (  485): led_pattern : 0 +
09-20 16:21:36.204 D/lights  (  485): led_pattern : 0 -
09-20 16:21:36.204 D/LightsService(  485): [SvcLED] Lux failed to be updated in 700ms. -> handleForcedSvcLEDTasK
09-20 16:21:36.204 D/LightsService(  485): [SvcLED]  setSvcLedLightLocked :: Current SvcLED(id=3) maintains its priority right
09-20 16:21:36.224 I/MDPP    (  485): Property: None
09-20 16:21:36.244 D/STATUSBAR-NetworkController(  961): onReceive() - RSSI_CHANGED_ACTION, WIFI_STATE, NETWORK_STATE
09-20 16:21:36.244 D/STATUSBAR-NetworkController(  961): refreshSignalCluster - setNWBoosterIndicators(false)
09-20 16:21:36.244 D/STATUSBAR-NetworkController(  961): refreshSignalCluster: data=0 bt=false
09-20 16:21:36.254 D/STATUSBAR-NotificationService(  485): ACTION_SCREEN_ON
09-20 16:21:36.254 D/LightsService(  485): [api] [SvcLED] turnOff:: id = 4 (uid: 1000 pid: 485) 
09-20 16:21:36.254 D/LightsService(  485): [SvcLED] setSvcLedStateLocked:: SvcLEDState : 0x0 -> 0x0 | SvcLED(id=4) set Off
09-20 16:21:36.254 D/LightsService(  485): [SvcLED] Lux failed to be updated in 700ms. -> handleForcedSvcLEDTasK
09-20 16:21:36.254 D/LightsService(  485): [SvcLED]  setSvcLedLightLocked :: Current SvcLED(id=3) maintains its priority right
09-20 16:21:36.264 D/AudioHardwareALSA(  177): setParameters() screen_state=on
09-20 16:21:36.264 I/SecExternalDisplayIntents_Java(  485): Intent Recieved ..  -android.intent.action.SCREEN_ONBroadCast Map value - 19
09-20 16:21:36.264 D/STATUSBAR-IconMerger(  961): checkOverflow(240), More:false, Req:false Child:3
09-20 16:21:36.294 D/IpRemoteDisplayController(  485): intent received android.intent.action.SCREEN_ON
09-20 16:21:36.294 D/IpRemoteDisplayController(  485): Bridge Server is not available
09-20 16:21:36.354 D/STATUSBAR-IconMerger(  961): checkOverflow(240), More:false, Req:false Child:3
09-20 16:21:36.364 W/CoverManager( 1086): getCoverState : This device is not supported cover
09-20 16:21:36.364 I/NfcService( 1086): NFC: not supported Device
09-20 16:21:36.394 I/MDPP    (  485): Property: None
09-20 16:21:36.414 V/UsbDeviceManager(  485): USB UEVENT: {USB_STATE=CONFIGURED, SUBSYSTEM=android_usb, DEVPATH=/devices/virtual/android_usb/android0, SEQNUM=7519, ACTION=change}
09-20 16:21:36.424 D/UsbDeviceManager(  485): handleMessage -> MSG_UPDATE_STATE connected = 1,configured = 1
09-20 16:21:36.424 D/UsbDeviceManager(  485): updateUsbNotification : mConnected = true, mConfigured = true, mCurrentFunctions = mtp,adb
09-20 16:21:36.444 D/STATUSBAR-NetworkController(  961): onSignalStrengthsChanged signalStrength=SignalStrength: 99 -1 -1 -1 -1 -1 -1 11 -118 -8 40 -1 2147483647 gsm|lte 0x1 level=1
09-20 16:21:36.444 D/UsbDeviceManager(  485): sending intent : ACTION_USB_STATE : connected = true, configured = true, functions = mtp,adb
09-20 16:21:36.454 D/UsbManager(  485):  :::: isUsb30Enabled :: return = false from pid = 485
09-20 16:21:36.454 D/STATUSBAR-NetworkController(  961): onSignalStrengthsChanged signalStrength=SignalStrength: 99 -1 -1 -1 -1 -1 -1 11 -118 -8 40 -1 2147483647 gsm|lte 0x1 level=1
09-20 16:21:36.494 I/NfcService( 1086): applyRouting return - 2 
09-20 16:21:36.494 I/libsuspend(  485): !@[s] autosuspend_earlysuspend_disable : 44
09-20 16:21:36.494 E/NfcService( 1086): callback == null
09-20 16:21:36.494 D/lights  (  485): lcd : 181 +
09-20 16:21:36.494 D/lights  (  485): lcd : 181 -
09-20 16:21:36.494 D/dalvikvm( 2011): GC_CONCURRENT freed 1324K, 56% free 7946K/17812K, paused 3ms+3ms, total 87ms
09-20 16:21:36.494 D/dalvikvm( 2011): WAIT_FOR_CONCURRENT_GC blocked 9ms
09-20 16:21:36.534 D/dalvikvm( 2011): GC_FOR_ALLOC freed 236K, 54% free 8246K/17812K, paused 19ms, total 19ms
09-20 16:21:36.544 I/ServiceKeeper(  485): In getpackagename pid = 485 uid = 1000 package name = android
09-20 16:21:36.544 I/ServiceKeeper(  485): In getpackagename pid = 485 uid = 1000 package name = android
09-20 16:21:36.544 I/ServiceKeeper(  485): In getpackagename pid = 485 uid = 1000 package name = android
09-20 16:21:36.544 I/ServiceKeeper(  485): In getpackagename pid = 485 uid = 1000 package name = android
09-20 16:21:36.554 I/ServiceKeeper(  485): In getpackagename pid = 485 uid = 1000 package name = android
09-20 16:21:36.554 I/ServiceKeeper(  485): In getpackagename pid = 485 uid = 1000 package name = android
09-20 16:21:36.554 I/ServiceKeeper(  485): In getpackagename pid = 485 uid = 1000 package name = android
09-20 16:21:36.554 E/PersonaManagerService(  485): Unable to read user list
09-20 16:21:36.554 E/PersonaManagerService(  485): Unable to read user list
09-20 16:21:36.554 E/PersonaManagerService(  485): Unable to read user list
09-20 16:21:36.784 I/libsuspend(  485): !@[s] wait_for_fb_wake : 44 (1, 0) -
09-20 16:21:36.784 I/libsuspend(  485): !@[s] wait_for_fb_sleep : 44 (0, 0) +
09-20 16:21:36.784 I/libsuspend(  485): !@[s] autosuspend_earlysuspend_disable done : 44
09-20 16:21:36.784 D/PowerManagerService-JNI(  485): Excessive delay in autosuspend_disable() while turning screen on: 286ms
09-20 16:21:36.804 D/dalvikvm(  485): GC_FOR_ALLOC freed 1738K, 27% free 36104K/48852K, paused 241ms, total 241ms
09-20 16:21:36.804 I/ServiceKeeper(  485): In getpackagename pid = 485 uid = 1000 package name = android
09-20 16:21:36.804 I/ServiceKeeper(  485): In getpackagename pid = 485 uid = 1000 package name = android
09-20 16:21:36.804 I/ServiceKeeper(  485): In getpackagename pid = 485 uid = 1000 package name = android
09-20 16:21:36.804 I/ServiceKeeper(  485): In getpackagename pid = 485 uid = 1000 package name = android
09-20 16:21:36.804 I/ServiceKeeper(  485): In getpackagename pid = 485 uid = 1000 package name = android
09-20 16:21:36.804 I/ServiceKeeper(  485): In getpackagename pid = 485 uid = 1000 package name = android
09-20 16:21:36.804 I/ServiceKeeper(  485): In getpackagename pid = 485 uid = 1000 package name = android
09-20 16:21:36.804 I/ServiceKeeper(  485): In getpackagename pid = 485 uid = 1000 package name = android
09-20 16:21:36.804 I/ServiceKeeper(  485): In getpackagename pid = 485 uid = 1000 package name = android
09-20 16:21:36.804 I/ServiceKeeper(  485): In getpackagename pid = 485 uid = 1000 package name = android
09-20 16:21:36.814 D/SurfaceFlinger(  171): Screen acquired, type=0 flinger=0xb8383598
09-20 16:21:36.814 D/qdhwcomposer(  171): hwc_blank: Unblanking display: 0
09-20 16:21:36.814 D/qdhwcomposer(  171): hwc_blank: Done unblanking display: 0
09-20 16:21:36.814 D/MISC PowerHAL(  485): miscpower_set_interactive: /sys/class/input/input4/enabled
09-20 16:21:36.814 E/MISC PowerHAL(  485): sysfs_write : Error opening /sys/class/input/input4/enabled: No such file or directory
09-20 16:21:36.814 D/MISC PowerHAL(  485): miscpower_set_interactive: /sys/class/input/input12/enabled
09-20 16:21:36.814 E/MISC PowerHAL(  485): sysfs_write : Error opening /sys/class/input/input12/enabled: No such file or directory
09-20 16:21:36.814 I/QCOM PowerHAL(  485): Perflock released.
09-20 16:21:36.814 D/KeyguardUpdateMonitor(  961): sendKeyguardVisibilityChanged(true)
09-20 16:21:36.814 W/System.err(  485): java.io.FileNotFoundException: /sys/class/power_supply/battery/lcd: open failed: ENOENT (No such file or directory)
09-20 16:21:36.814 W/System.err(  485): 	at libcore.io.IoBridge.open(IoBridge.java:409)
09-20 16:21:36.814 W/System.err(  485): 	at java.io.FileOutputStream.<init>(FileOutputStream.java:88)
09-20 16:21:36.814 W/System.err(  485): 	at java.io.FileOutputStream.<init>(FileOutputStream.java:73)
09-20 16:21:36.814 W/System.err(  485): 	at com.sec.android.hardware.SecHardwareInterface.setBatteryADC(SecHardwareInterface.java:392)
09-20 16:21:36.814 W/System.err(  485): 	at com.android.server.power.PowerManagerService$DisplayBlankerImpl$1.run(PowerManagerService.java:5298)
09-20 16:21:36.814 W/System.err(  485): 	at android.os.Handler.handleCallback(Handler.java:733)
09-20 16:21:36.814 W/System.err(  485): 	at android.os.Handler.dispatchMessage(Handler.java:95)
09-20 16:21:36.814 W/System.err(  485): 	at android.os.Looper.loop(Looper.java:146)
09-20 16:21:36.814 W/System.err(  485): 	at android.os.HandlerThread.run(HandlerThread.java:61)
09-20 16:21:36.814 W/System.err(  485): Caused by: libcore.io.ErrnoException: open failed: ENOENT (No such file or directory)
09-20 16:21:36.814 W/System.err(  485): 	at libcore.io.Posix.open(Native Method)
09-20 16:21:36.814 W/System.err(  485): 	at libcore.io.BlockGuardOs.open(BlockGuardOs.java:110)
09-20 16:21:36.814 W/System.err(  485): 	at libcore.io.IoBridge.open(IoBridge.java:393)
09-20 16:21:36.814 W/System.err(  485): 	... 8 more
09-20 16:21:36.814 D/PowerManagerService(  485): Excessive delay in nativeSetAutoSuspend(false): 316ms
09-20 16:21:36.814 D/PowerManagerService(  485): !@[s] unblankAllDisplays() : unblankAllDisplaysFromPowerManager
09-20 16:21:36.814 D/PowerManagerService(  485): SecHardwareInterface.setBatteryADC : true
09-20 16:21:36.834 D/KeyguardUpdateMonitor(  961): handleKeyguardVisibilityChanged(1)
09-20 16:21:36.834 I/SELinux (12223): Function: selinux_android_load_priority [0], There is no sepolicy file.
09-20 16:21:36.834 I/SELinux (12223):  
09-20 16:21:36.834 I/SELinux (12223): Function: selinux_android_load_priority , priority version is VE=SEPF_SGH-I747M_4.4.2_0016
09-20 16:21:36.834 I/SELinux (12223):  
09-20 16:21:36.834 I/SELinux (12223):  
09-20 16:21:36.834 I/SELinux (12223): selinux_android_seapp_context_reload: seapp_contexts file is loaded from /seapp_contexts
09-20 16:21:36.834 E/dalvikvm(12223): >>>>> Normal User
09-20 16:21:36.834 E/dalvikvm(12223): >>>>> com.samsung.android.scloud.backup [ userId:0 | appId:10228 ]
09-20 16:21:36.844 D/videowall-TranscodeService( 2512): service on
09-20 16:21:36.844 V/AlarmManager(  485): waitForAlarm result :4
09-20 16:21:36.854 I/ServiceKeeper(  485): In getpackagename pid = 485 uid = 1000 package name = android
09-20 16:21:36.864 I/ServiceKeeper(  485): In getpackagename pid = 485 uid = 1000 package name = android
09-20 16:21:36.864 I/ServiceKeeper(  485): In getpackagename pid = 485 uid = 1000 package name = android
09-20 16:21:36.864 V/AlarmManager(  485): trigger ELAPSED_REALTIME_WAKEUP or RTC_WAKEUP
09-20 16:21:36.894 D/accuweather( 2180): [MSC_Accu_Daemon]>>> WCS:95 [0:0] checkDay:true, UtilgetIsDay():true
09-20 16:21:36.914 D/dalvikvm( 2512): No JNI_OnLoad found in /system/lib/libsavsvc.so 0x42257fd0, skipping init
09-20 16:21:36.914 D/com.samsung.app( 1697): [MSC_HERO_Accu_JB]>>> WCS:257 [0:0]  BR act = androidintentactionSCREEN_ON
09-20 16:21:36.914 D/widget  ( 1099): [MSC_HERO_Accu_JB]>>> SM:1292 [0:0] bTCC WCV = 200
09-20 16:21:36.914 D/STATUSBAR-NetworkController(  961): onReceive() - RSSI_CHANGED_ACTION, WIFI_STATE, NETWORK_STATE
09-20 16:21:36.914 D/STATUSBAR-NetworkController(  961): refreshSignalCluster - setNWBoosterIndicators(false)
09-20 16:21:36.914 D/STATUSBAR-NetworkController(  961): refreshSignalCluster: data=0 bt=false
09-20 16:21:36.914 D/SSRMv2:TSP:AirViewOnOff(  485): DeviceInfo:: 00010000000
09-20 16:21:36.914 D/SSRMv2:TSP:AirViewOnOff(  485): SettingsAirViewInfo:: 000000000
09-20 16:21:36.924 D/widget  ( 1099): [MSC_HERO_Accu_JB]>>> WC:1785 [0:0] drw 2nd Tm dt
09-20 16:21:36.924 D/STATUSBAR-IconMerger(  961): checkOverflow(240), More:false, Req:false Child:3
09-20 16:21:36.934 D/dalvikvm( 2512): No JNI_OnLoad found in /system/lib/libsavscmn.so 0x42257fd0, skipping init
09-20 16:21:36.944 D/dalvikvm( 2512): No JNI_OnLoad found in /system/lib/libsthmb.so 0x42257fd0, skipping init
09-20 16:21:36.944 D/PowerManagerService(  485): [PWL] sb release: PowerManagerService.Broadcasts
09-20 16:21:36.944 D/SSRMv2:SIOP(  485): SIOP:: AP = 250, Delta = 0
09-20 16:21:36.954 D/videowall-TranscodeService( 2512): power? : true / screen off : false
09-20 16:21:36.954 D/videowall-TranscodeService( 2512): releaseTransThread.
09-20 16:21:36.994 V/AlarmManager(  485): waitForAlarm result :4
09-20 16:21:37.004 V/AlarmManager(  485): trigger ELAPSED_REALTIME_WAKEUP or RTC_WAKEUP
09-20 16:21:37.124 D/dalvikvm( 3660): GC_CONCURRENT freed 987K, 54% free 8292K/17812K, paused 2ms+27ms, total 147ms
09-20 16:21:37.124 D/STATUSBAR-NetworkController(  961): refreshSignalCluster - setNWBoosterIndicators(false)
09-20 16:21:37.124 D/STATUSBAR-NetworkController(  961): refreshSignalCluster: data=0 bt=false
09-20 16:21:37.144 D/STATUSBAR-IconMerger(  961): checkOverflow(240), More:false, Req:false Child:3
09-20 16:21:37.225 I/ControlRegionData(12223): ro.product.nama is too short. : d2v
09-20 16:21:37.235 I/ControlRegionData(12223): ro.product.nama is too short. : d2v
09-20 16:21:37.235 I/ControlRegionData(12223): ro.product.nama is too short. : d2v
09-20 16:21:37.245 I/ControlRegionData(12223): ro.product.nama is too short. : d2v
09-20 16:21:37.245 I/ControlRegionData(12223): ro.product.nama is too short. : d2v
09-20 16:21:37.245 I/ControlRegionData(12223): ro.product.nama is too short. : d2v
09-20 16:21:37.255 I/ControlRegionData(12223): ro.product.nama is too short. : d2v
09-20 16:21:37.265 I/ControlRegionData(12223): ro.product.nama is too short. : d2v
09-20 16:21:37.315 I/sCloudBackupApp(12223): sCloudBackupApp Version Info : 3.4.6.KK_APP
09-20 16:21:37.315 I/SCloudBackupReceiver(12223): Other Intent
09-20 16:21:37.335 I/SELinux (12256): Function: selinux_android_load_priority [0], There is no sepolicy file.
09-20 16:21:37.335 I/SELinux (12256):  
09-20 16:21:37.335 I/SELinux (12256): Function: selinux_android_load_priority , priority version is VE=SEPF_SGH-I747M_4.4.2_0016
09-20 16:21:37.335 I/SELinux (12256):  
09-20 16:21:37.335 I/SELinux (12256):  
09-20 16:21:37.335 I/SELinux (12256): selinux_android_seapp_context_reload: seapp_contexts file is loaded from /seapp_contexts
09-20 16:21:37.345 E/dalvikvm(12256): >>>>> Normal User
09-20 16:21:37.345 E/dalvikvm(12256): >>>>> com.sec.android.cloudagent [ userId:0 | appId:10161 ]
09-20 16:21:37.435 V/AlarmManager(  485): waitForAlarm result :8
09-20 16:21:37.485 D/STATUSBAR-NetworkController(  961): onReceive() - RSSI_CHANGED_ACTION, WIFI_STATE, NETWORK_STATE
09-20 16:21:37.485 D/STATUSBAR-NetworkController(  961): refreshSignalCluster - setNWBoosterIndicators(false)
09-20 16:21:37.485 D/STATUSBAR-NetworkController(  961): refreshSignalCluster: data=0 bt=false
09-20 16:21:37.505 D/STATUSBAR-IconMerger(  961): checkOverflow(240), More:false, Req:false Child:3
09-20 16:21:37.735 V/AlarmManager(  485): waitForAlarm result :8
09-20 16:21:38.035 V/AlarmManager(  485): waitForAlarm result :8
09-20 16:21:38.276 D/STATUSBAR-NetworkController(  961): refreshSignalCluster - setNWBoosterIndicators(false)
09-20 16:21:38.276 D/STATUSBAR-NetworkController(  961): refreshSignalCluster: data=0 bt=false
09-20 16:21:38.286 D/STATUSBAR-IconMerger(  961): checkOverflow(240), More:false, Req:false Child:3
09-20 16:21:38.346 V/AlarmManager(  485): waitForAlarm result :8
09-20 16:21:38.516 I/ServiceKeeper(  485): In getpackagename pid = 485 uid = 1000 package name = android
09-20 16:21:38.526 E/SMD     (  168): DCD ON
09-20 16:21:38.556 I/SELinux (12271): Function: selinux_android_load_priority [0], There is no sepolicy file.
09-20 16:21:38.556 I/SELinux (12271):  
09-20 16:21:38.556 I/SELinux (12271): Function: selinux_android_load_priority , priority version is VE=SEPF_SGH-I747M_4.4.2_0016
09-20 16:21:38.556 I/SELinux (12271):  
09-20 16:21:38.556 I/SELinux (12271):  
09-20 16:21:38.556 I/SELinux (12271): selinux_android_seapp_context_reload: seapp_contexts file is loaded from /seapp_contexts
09-20 16:21:38.556 E/dalvikvm(12271): >>>>> Normal User
