09-20 16:10:26.653 D/STATUSBAR-PhoneStatusBar(  961):  mBrightnessEnablebySettings = true mBrightnessEnablebyBattery = true mBrightnessEnablebyDisableFlag = true mPmsBrightnessEnablebySettings = true
09-20 16:10:26.673 D/STATUSBAR-IconMerger(  961): checkOverflow(240), More:false, Req:false Child:2
09-20 16:10:26.673 D/BatteryMeterView(  961): ACTION_BATTERY_CHANGED : level:87 status:3 health:2
09-20 16:10:26.933 V/AlarmManager(  485): waitForAlarm result :8
09-20 16:10:27.164 V/AlarmManager(  485): waitForAlarm result :8
09-20 16:10:27.314 V/AlarmManager(  485): waitForAlarm result :4
09-20 16:10:27.324 V/AlarmManager(  485): trigger ELAPSED_REALTIME_WAKEUP or RTC_WAKEUP
09-20 16:10:27.464 V/AlarmManager(  485): waitForAlarm result :8
09-20 16:10:27.664 D/BatteryService(  485): level:87, scale:100, status:3, health:2, present:true, voltage: 4125, temperature: 292, technology: Li-ion, AC powered:false, USB powered:false, Wireless powered:false, icon:17303533, invalid charger:0, online:1, current avg:-1, charge type:0, power sharing:false
09-20 16:10:27.664 D/BatteryService(  485): Sending ACTION_BATTERY_CHANGED.
09-20 16:10:27.674 D/STATUSBAR-PhoneStatusBar(  961):  mBrightnessEnablebySettings = true mBrightnessEnablebyBattery = true mBrightnessEnablebyDisableFlag = true mPmsBrightnessEnablebySettings = true
09-20 16:10:27.694 D/STATUSBAR-IconMerger(  961): checkOverflow(240), More:false, Req:false Child:2
09-20 16:10:27.694 D/BatteryMeterView(  961): ACTION_BATTERY_CHANGED : level:87 status:3 health:2
09-20 16:10:27.764 V/AlarmManager(  485): waitForAlarm result :8
09-20 16:10:28.064 V/AlarmManager(  485): waitForAlarm result :8
09-20 16:10:28.365 V/AlarmManager(  485): waitForAlarm result :8
09-20 16:10:28.665 V/AlarmManager(  485): waitForAlarm result :8
09-20 16:10:28.965 V/AlarmManager(  485): waitForAlarm result :8
09-20 16:10:29.145 V/AlarmManager(  485): waitForAlarm result :4
09-20 16:10:29.166 V/AlarmManager(  485): trigger ELAPSED_REALTIME_WAKEUP or RTC_WAKEUP
09-20 16:10:29.266 V/AlarmManager(  485): waitForAlarm result :8
09-20 16:10:29.316 V/AlarmManager(  485): trigger ELAPSED_REALTIME_WAKEUP or RTC_WAKEUP
09-20 16:10:29.326 V/AlarmManager(  485): waitForAlarm result :4
09-20 16:10:29.566 V/AlarmManager(  485): waitForAlarm result :8
09-20 16:10:29.866 V/AlarmManager(  485): waitForAlarm result :8
09-20 16:10:30.167 V/AlarmManager(  485): waitForAlarm result :8
09-20 16:10:30.467 V/AlarmManager(  485): waitForAlarm result :8
09-20 16:10:30.767 V/AlarmManager(  485): waitForAlarm result :8
09-20 16:10:31.068 V/AlarmManager(  485): waitForAlarm result :8
09-20 16:10:31.368 V/AlarmManager(  485): waitForAlarm result :8
09-20 16:10:31.658 V/AlarmManager(  485): waitForAlarm result :8
09-20 16:10:31.968 V/AlarmManager(  485): waitForAlarm result :8
09-20 16:10:32.299 V/AlarmManager(  485): waitForAlarm result :8
09-20 16:10:32.569 V/AlarmManager(  485): waitForAlarm result :8
09-20 16:10:32.589 D/CustomFrequencyManagerService(  485): acquireDVFSLockLocked : type : DVFS_MIN_LIMIT  frequency : 1512000  uid : 1000  pid : 485  pkgName : WAKEUP_BOOSTER@25
09-20 16:10:32.599 D/PowerManagerService(  485): [api] [s] wakeUpFromNative:  (uid: 1000 pid: 485)
09-20 16:10:32.599 I/PowerManagerService(  485): !@[ps] Screen__On :  wakeUpFromNative:  (uid: 1000 pid: 485)
09-20 16:10:32.599 I/PowerManagerService(  485): Waking up from sleep...
09-20 16:10:32.599 D/PowerManagerService(  485): Screen Readiness Inspection requested: mNestCount=1
09-20 16:10:32.599 D/PowerManagerService(  485): [PWL] sb acquire: PowerManagerService.Broadcasts
09-20 16:10:32.599 D/PowerManagerService(  485): [s] WAKEFULNESS_AWAKE
09-20 16:10:32.599 D/PowerManagerService(  485): [s] UserActivityState : 0 -> 1
09-20 16:10:32.599 D/PowerManagerService(  485): [PWL] sb acquire: PowerManagerService.Display
09-20 16:10:32.599 D/DisplayPowerController(  485): animation target = 181 (PSM:false, AB limit:(-1 ~ -1) MB Limit:(-1 ~ -1) MAdj:(0, (0, 255)))
09-20 16:10:32.609 D/PowerManagerService(  485): [api] [s] userActivity : event: 3 flags: 0 (uid: 10224 pid: 961)
09-20 16:10:32.609 D/PowerManagerService(  485): [api] [s] userActivity : event: 3 flags: 0 (uid: 10224 pid: 961)
09-20 16:10:32.629 D/PowerManagerService(  485): [api] [s] userActivity : event: 3 flags: 0 (uid: 10224 pid: 961)
09-20 16:10:32.639 D/KeyguardClockWidgetService( 1456): onReceive action=android.intent.action.SCREEN_ON
09-20 16:10:32.639 D/KeyguardClockWidgetProvider( 1456): refreshSingleClock :{Home} Hour = 4, Min = 10
09-20 16:10:32.669 I/WindowManager(  485): Lock screen displayed!
09-20 16:10:32.669 D/PowerManagerNotifier(  485): [api] WindowManagerPolicy.ScreenOnListener : Received onScreenOn().
09-20 16:10:32.669 D/PowerManagerService(  485): Screen Readiness Inspection completed: mNestCount=0
09-20 16:10:32.669 D/DisplayPowerController(  485): animation target = 181 (PSM:false, AB limit:(-1 ~ -1) MB Limit:(-1 ~ -1) MAdj:(0, (0, 255)))
09-20 16:10:32.669 D/DisplayPowerController(  485): !@ElectronBeam exit
09-20 16:10:32.669 D/DisplayPowerController(  485): animation target = 181 (PSM:false, AB limit:(-1 ~ -1) MB Limit:(-1 ~ -1) MAdj:(0, (0, 255)))
09-20 16:10:32.669 D/PowerManagerService(  485): [s] mDisplayPowerControllerCallbacks : onStateChanged()
09-20 16:10:32.679 D/KeyguardClockWidgetProvider( 1456): desc Message = It is 4 : 10 PM
09-20 16:10:32.859 V/AlarmManager(  485): waitForAlarm result :8
09-20 16:10:32.869 D/STATUSBAR-NetworkController(  961): onReceive() - RSSI_CHANGED_ACTION, WIFI_STATE, NETWORK_STATE
09-20 16:10:32.869 D/STATUSBAR-NetworkController(  961): refreshSignalCluster - setNWBoosterIndicators(false)
09-20 16:10:32.869 D/STATUSBAR-NetworkController(  961): refreshSignalCluster: data=0 bt=false
09-20 16:10:32.889 D/STATUSBAR-IconMerger(  961): checkOverflow(240), More:false, Req:false Child:2
09-20 16:10:32.899 D/STATUSBAR-NotificationService(  485): ACTION_SCREEN_ON
09-20 16:10:32.899 D/LightsService(  485): [api] [SvcLED] turnOff:: id = 4 (uid: 1000 pid: 485) 
09-20 16:10:32.899 D/LightsService(  485): [SvcLED] setSvcLedStateLocked:: SvcLEDState : 0x0 -> 0x0 | SvcLED(id=4) set Off
09-20 16:10:32.899 D/LightsService(  485): [SvcLED] Lux failed to be updated in 700ms. -> handleForcedSvcLEDTasK
09-20 16:10:32.899 D/LightsService(  485): [SvcLED]  setSvcLedLightLocked :: Current SvcLED(id=4) maintains its priority right
09-20 16:10:32.950 D/STATUSBAR-IconMerger(  961): checkOverflow(240), More:false, Req:false Child:2
09-20 16:10:33.030 D/STATUSBAR-NetworkController(  961): onSignalStrengthsChanged signalStrength=SignalStrength: 99 -1 -1 -1 -1 -1 -1 10 -119 -10 30 -1 2147483647 gsm|lte 0x1 level=1
09-20 16:10:33.040 D/STATUSBAR-NetworkController(  961): onSignalStrengthsChanged signalStrength=SignalStrength: 99 -1 -1 -1 -1 -1 -1 10 -119 -10 30 -1 2147483647 gsm|lte 0x1 level=1
09-20 16:10:33.160 V/AlarmManager(  485): waitForAlarm result :8
09-20 16:10:33.230 D/SSRMv2:TSP:AirViewOnOff(  485): DeviceInfo:: 00010000000
09-20 16:10:33.230 D/SSRMv2:TSP:AirViewOnOff(  485): SettingsAirViewInfo:: 000000000
09-20 16:10:33.250 D/STATUSBAR-NetworkController(  961): onReceive() - RSSI_CHANGED_ACTION, WIFI_STATE, NETWORK_STATE
09-20 16:10:33.250 D/STATUSBAR-NetworkController(  961): refreshSignalCluster - setNWBoosterIndicators(false)
09-20 16:10:33.250 D/STATUSBAR-NetworkController(  961): refreshSignalCluster: data=0 bt=false
09-20 16:10:33.270 D/STATUSBAR-IconMerger(  961): checkOverflow(240), More:false, Req:false Child:2
09-20 16:10:33.280 D/SSRMv2:SIOP(  485): SIOP:: AP = 310, Delta = 0
09-20 16:10:33.300 V/AlarmManager(  485): waitForAlarm result :4
09-20 16:10:33.300 D/PowerManagerService(  485): [PWL] sb release: PowerManagerService.Broadcasts
09-20 16:10:33.310 V/AlarmManager(  485): trigger ELAPSED_REALTIME_WAKEUP or RTC_WAKEUP
09-20 16:10:33.360 V/AlarmManager(  485): waitForAlarm result :4
09-20 16:10:33.370 V/AlarmManager(  485): trigger ELAPSED_REALTIME_WAKEUP or RTC_WAKEUP
09-20 16:10:33.460 V/AlarmManager(  485): waitForAlarm result :8
09-20 16:10:33.500 D/PowerManagerService(  485): Excessive delay in LCD_Task is start: 897ms
09-20 16:10:33.530 E/PersonaManagerService(  485): Unable to read user list
09-20 16:10:33.530 D/STATUSBAR-NetworkController(  961): onSignalStrengthsChanged signalStrength=SignalStrength: 99 -1 -1 -1 -1 -1 -1 11 -119 -12 24 -1 2147483647 gsm|lte 0x1 level=1
09-20 16:10:33.560 E/PersonaManagerService(  485): Unable to read user list
09-20 16:10:33.560 E/PersonaManagerService(  485): Unable to read user list
09-20 16:10:33.600 D/CustomFrequencyManagerService(  485): releaseDVFSLockLocked : Getting Lock type frm List : DVFS_MIN_LIMIT  frequency : 1512000  uid : 1000  pid : 485  tag : WAKEUP_BOOSTER@25
09-20 16:10:33.760 D/PowerManagerService(  485): Excessive delay in nativeSetAutoSuspend(false): 258ms
09-20 16:10:33.760 D/PowerManagerService(  485): !@[s] unblankAllDisplays() : unblankAllDisplaysFromPowerManager
09-20 16:10:33.760 V/AlarmManager(  485): waitForAlarm result :8
09-20 16:10:33.770 D/PowerManagerService(  485): Excessive delay in wakeUp() or wakeUpFromNative(): 1168ms
09-20 16:10:33.770 D/PowerManagerService(  485): SecHardwareInterface.setBatteryADC : true
09-20 16:10:33.790 D/STATUSBAR-NetworkController(  961): onReceive() - RSSI_CHANGED_ACTION, WIFI_STATE, NETWORK_STATE
09-20 16:10:33.790 D/STATUSBAR-NetworkController(  961): refreshSignalCluster - setNWBoosterIndicators(false)
09-20 16:10:33.790 D/STATUSBAR-NetworkController(  961): refreshSignalCluster: data=0 bt=false
09-20 16:10:33.810 D/STATUSBAR-IconMerger(  961): checkOverflow(240), More:false, Req:false Child:2
09-20 16:10:34.061 V/AlarmManager(  485): waitForAlarm result :8
09-20 16:10:34.361 V/AlarmManager(  485): waitForAlarm result :8
09-20 16:10:34.611 D/STATUSBAR-NetworkController(  961): refreshSignalCluster - setNWBoosterIndicators(false)
09-20 16:10:34.611 D/STATUSBAR-NetworkController(  961): refreshSignalCluster: data=0 bt=false
09-20 16:10:34.641 D/STATUSBAR-IconMerger(  961): checkOverflow(240), More:false, Req:false Child:2
09-20 16:10:34.661 V/AlarmManager(  485): waitForAlarm result :8
09-20 16:10:34.691 D/PowerManagerService(  485): [api] [s] userActivity : event: 3 flags: 0 (uid: 10224 pid: 961)
09-20 16:10:34.701 D/PowerManagerService(  485): [api] [s] userActivity : event: 3 flags: 0 (uid: 10224 pid: 961)
09-20 16:10:34.701 V/VibratorService(  485): hasVibrator - useVibetonz: true
09-20 16:10:34.701 V/VibratorService(  485): vibrateImmVibeMagnitudeType - magnitudeType: TouchMagnitude
09-20 16:10:34.701 D/VibratorService(  485): ImmVibe vibratorOff()
09-20 16:10:34.751 E/PersonaManagerService(  485): Unable to read user list
09-20 16:10:34.761 E/PersonaManagerService(  485): Unable to read user list
09-20 16:10:34.761 D/STATUSBAR-NetworkController(  961): onReceive() - RSSI_CHANGED_ACTION, WIFI_STATE, NETWORK_STATE
09-20 16:10:34.761 D/STATUSBAR-NetworkController(  961): refreshSignalCluster - setNWBoosterIndicators(false)
09-20 16:10:34.761 D/STATUSBAR-NetworkController(  961): refreshSignalCluster: data=0 bt=false
09-20 16:10:34.771 D/STATUSBAR-IconMerger(  961): checkOverflow(240), More:false, Req:false Child:2
09-20 16:10:34.802 D/PowerManagerService(  485): [api] [s] userActivity : event: 3 flags: 0 (uid: 10224 pid: 961)
09-20 16:10:34.802 E/PersonaManagerService(  485): Unable to read user list
09-20 16:10:34.802 D/PowerManagerService(  485): [api] [s] userActivity : event: 3 flags: 0 (uid: 10224 pid: 961)
09-20 16:10:34.812 E/PersonaManagerService(  485): Unable to read user list
09-20 16:10:34.812 V/VibratorService(  485): hasVibrator - useVibetonz: true
09-20 16:10:34.812 V/VibratorService(  485): vibrateImmVibeMagnitudeType - magnitudeType: TouchMagnitude
09-20 16:10:34.812 D/VibratorService(  485): ImmVibe vibratorOff()
09-20 16:10:34.962 V/AlarmManager(  485): waitForAlarm result :8
09-20 16:10:35.262 V/AlarmManager(  485): waitForAlarm result :8
09-20 16:10:35.292 D/PowerManagerService(  485): [api] [s] userActivity : event: 3 flags: 0 (uid: 10224 pid: 961)
09-20 16:10:35.292 D/PowerManagerService(  485): [api] [s] userActivity : event: 3 flags: 0 (uid: 10224 pid: 961)
09-20 16:10:35.292 V/VibratorService(  485): hasVibrator - useVibetonz: true
09-20 16:10:35.292 V/VibratorService(  485): vibrateImmVibeMagnitudeType - magnitudeType: TouchMagnitude
09-20 16:10:35.292 D/VibratorService(  485): ImmVibe vibratorOff()
09-20 16:10:35.322 E/PersonaManagerService(  485): Unable to read user list
09-20 16:10:35.332 E/PersonaManagerService(  485): Unable to read user list
09-20 16:10:35.562 V/AlarmManager(  485): waitForAlarm result :8
09-20 16:10:35.773 E/Watchdog(  485): !@Sync 503
09-20 16:10:35.783 D/STATUSBAR-NetworkController(  961): onReceive() - RSSI_CHANGED_ACTION, WIFI_STATE, NETWORK_STATE
09-20 16:10:35.783 D/STATUSBAR-NetworkController(  961): refreshSignalCluster - setNWBoosterIndicators(false)
09-20 16:10:35.783 D/STATUSBAR-NetworkController(  961): refreshSignalCluster: data=0 bt=false
09-20 16:10:35.793 D/STATUSBAR-IconMerger(  961): checkOverflow(240), More:false, Req:false Child:2
09-20 16:10:35.803 D/PowerManagerService(  485): [api] [s] userActivity : event: 3 flags: 0 (uid: 10224 pid: 961)
09-20 16:10:35.803 D/PowerManagerService(  485): [api] [s] userActivity : event: 3 flags: 0 (uid: 10224 pid: 961)
09-20 16:10:35.803 V/VibratorService(  485): hasVibrator - useVibetonz: true
09-20 16:10:35.803 V/VibratorService(  485): vibrateImmVibeMagnitudeType - magnitudeType: TouchMagnitude
09-20 16:10:35.803 D/VibratorService(  485): ImmVibe vibratorOff()
09-20 16:10:35.803 E/PersonaManagerService(  485): Unable to read user list
09-20 16:10:35.813 E/PersonaManagerService(  485): Unable to read user list
09-20 16:10:35.863 V/AlarmManager(  485): waitForAlarm result :8
09-20 16:10:36.013 D/PowerManagerService(  485): [api] [s] userActivity : event: 3 flags: 0 (uid: 10224 pid: 961)
09-20 16:10:36.023 D/PowerManagerService(  485): [api] [s] userActivity : event: 3 flags: 0 (uid: 10224 pid: 961)
09-20 16:10:36.023 V/VibratorService(  485): hasVibrator - useVibetonz: true
09-20 16:10:36.023 V/VibratorService(  485): vibrateImmVibeMagnitudeType - magnitudeType: TouchMagnitude
09-20 16:10:36.023 D/VibratorService(  485): ImmVibe vibratorOff()
09-20 16:10:36.023 E/PersonaManagerService(  485): Unable to read user list
09-20 16:10:36.033 E/PersonaManagerService(  485): Unable to read user list
09-20 16:10:36.163 V/AlarmManager(  485): waitForAlarm result :8
09-20 16:10:36.443 D/PowerManagerService(  485): [api] [s] userActivity : event: 3 flags: 0 (uid: 10224 pid: 961)
09-20 16:10:36.443 D/PowerManagerService(  485): [api] [s] userActivity : event: 3 flags: 0 (uid: 10224 pid: 961)
09-20 16:10:36.453 V/VibratorService(  485): hasVibrator - useVibetonz: true
09-20 16:10:36.453 V/VibratorService(  485): vibrateImmVibeMagnitudeType - magnitudeType: TouchMagnitude
09-20 16:10:36.453 D/VibratorService(  485): ImmVibe vibratorOff()
09-20 16:10:36.463 E/PersonaManagerService(  485): Unable to read user list
09-20 16:10:36.463 E/PersonaManagerService(  485): Unable to read user list
09-20 16:10:36.463 V/AlarmManager(  485): waitForAlarm result :8
09-20 16:10:36.613 V/VibratorService(  485): hasVibrator - useVibetonz: true
09-20 16:10:36.613 V/VibratorService(  485): vibrateImmVibeMagnitudeType - magnitudeType: TouchMagnitude
09-20 16:10:36.613 D/VibratorService(  485): ImmVibe vibratorOff()
09-20 16:10:36.613 D/PowerManagerService(  485): [api] [s] userActivity : event: 3 flags: 0 (uid: 10224 pid: 961)
09-20 16:10:36.613 D/PowerManagerService(  485): [api] [s] userActivity : event: 3 flags: 0 (uid: 10224 pid: 961)
09-20 16:10:36.754 E/PersonaManagerService(  485): Unable to read user list
09-20 16:10:36.754 E/PersonaManagerService(  485): Unable to read user list
09-20 16:10:36.764 V/AlarmManager(  485): waitForAlarm result :8
09-20 16:10:36.774 I/DirEncryption(  150): command (password)
09-20 16:10:36.784 D/PowerManagerService(  485): [api] [s] userActivity : event: 3 flags: 0 (uid: 10224 pid: 961)
09-20 16:10:36.794 D/PowerManagerService(  485): [api] [s] userActivity : event: 3 flags: 0 (uid: 10224 pid: 961)
09-20 16:10:36.794 E/PersonaManagerService(  485): Unable to read user list
09-20 16:10:36.804 D/STATUSBAR-NetworkController(  961): refreshSignalCluster - setNWBoosterIndicators(false)
09-20 16:10:36.804 D/STATUSBAR-NetworkController(  961): refreshSignalCluster: data=0 bt=false
09-20 16:10:36.804 D/STATUSBAR-NetworkController(  961): onReceive() - RSSI_CHANGED_ACTION, WIFI_STATE, NETWORK_STATE
09-20 16:10:36.804 D/STATUSBAR-NetworkController(  961): refreshSignalCluster - setNWBoosterIndicators(false)
09-20 16:10:36.804 D/STATUSBAR-NetworkController(  961): refreshSignalCluster: data=0 bt=false
09-20 16:10:36.814 E/PersonaManagerService(  485): Unable to read user list
09-20 16:10:36.854 D/STATUSBAR-StatusBarManagerService(  485): manageDisableList what=0x0 pkg=com.android.keyguard
09-20 16:10:36.864 V/WindowManager(  485): rotationForOrientationLw(orient=-1, last=0); user=0 USER_ROTATION_LOCKED sensorRotation=-1 mLidState=-1 mDockMode=0 mHdmiPlugged=false mAccelerometerDefault=false gripRotationLock=false
09-20 16:10:36.874 D/STATUSBAR-StatusBarManagerService(  485): manageDisableList what=0x0 pkg=WindowManager.LayoutParams
09-20 16:10:36.874 D/PowerManagerService(  485): [api] setUserActivityTimeoutOverrideFromWindowManagerInternal: timeoutMillis: -1
09-20 16:10:36.874 D/PowerManagerService(  485): [s] getScreenOffTimeoutLocked: 10000 -> 30000
09-20 16:10:36.874 D/PowerManagerService(  485): [api] setScreenDimDurationOverrideFromWindowManagerInternal: timeoutMillis: -1
09-20 16:10:36.874 D/PowerManagerService(  485): [api] setButtonTimeoutOverrideFromWindowManagerInternal: timeoutMillis: -1
09-20 16:10:36.874 D/STATUSBAR-IconMerger(  961): checkOverflow(240), More:false, Req:false Child:2
09-20 16:10:36.884 D/PhoneStatusBar(  961): disable(): knoxCustomManager = android.app.enterprise.knoxcustom.KnoxCustomManager@42919558
09-20 16:10:36.884 I/DirEncryption(  150): Skip EDK update:: same password
09-20 16:10:36.884 D/StatusBarManagerService(  485): tr p:961,o:f
09-20 16:10:36.914 D/LightsService(  485): [api] [SvcLED] turnOff:: id = 4 (uid: 1000 pid: 485) 
09-20 16:10:36.914 D/LightsService(  485): [SvcLED] setSvcLedStateLocked:: SvcLEDState : 0x0 -> 0x0 | SvcLED(id=4) set Off
09-20 16:10:36.914 D/LightsService(  485): [SvcLED] Lux failed to be updated in 700ms. -> handleForcedSvcLEDTasK
09-20 16:10:36.914 D/LightsService(  485): [SvcLED]  setSvcLedLightLocked :: Current SvcLED(id=4) maintains its priority right
09-20 16:10:36.914 E/MotionRecognitionService(  485):   mReceiver.onReceive : ACTION_USER_PRESENT  :: UNLOCK SCREEN
09-20 16:10:36.914 D/SSRMv2:TSP:AirViewOnOff(  485): DeviceInfo:: 00000000000
09-20 16:10:36.914 D/SSRMv2:TSP:AirViewOnOff(  485): SettingsAirViewInfo:: 000000000
09-20 16:10:36.984 D/StatusBarManagerService(  485): semi p:1766,o:f
09-20 16:10:37.064 V/AlarmManager(  485): waitForAlarm result :8
09-20 16:10:37.204 D/StatusBarManagerService(  485): semi p:1766,o:f
09-20 16:10:37.254 D/STATUSBAR-NetworkController(  961): onReceive() - RSSI_CHANGED_ACTION, WIFI_STATE, NETWORK_STATE
09-20 16:10:37.254 D/STATUSBAR-NetworkController(  961): refreshSignalCluster - setNWBoosterIndicators(false)
09-20 16:10:37.254 D/STATUSBAR-NetworkController(  961): refreshSignalCluster: data=0 bt=false
09-20 16:10:37.264 D/STATUSBAR-IconMerger(  961): checkOverflow(240), More:false, Req:false Child:2
09-20 16:10:37.274 W/InputMethodManagerService(  485): Window already focused, ignoring focus gain of: com.android.internal.view.IInputMethodClient$Stub$Proxy@43678cc8 attribute=android.view.inputmethod.EditorInfo@43665428, token = android.os.BinderProxy@435f1478
09-20 16:10:37.284 E/PersonaManagerService(  485): Unable to read user list
09-20 16:10:37.294 D/STATUSBAR-PhoneStatusBar(  961): makeExpandedVisible
09-20 16:10:37.294 D/STATUSBAR-QuickSettingPanel(  961): setSingleLine:true
09-20 16:10:37.294 D/STATUSBAR-QuickSettingPanel(  961): updateButtonInfo mButtonWidth : 142 mColumnNumber:5 orien: 1
09-20 16:10:37.294 D/STATUSBAR-PhoneStatusBar(  961): Mini Controller text scroll : ON
09-20 16:10:37.294 D/VibratorService(  485): ImmVibe vibratorOff()
09-20 16:10:37.294 D/LightsService(  485): [api] [SvcLED] turnOff:: id = 4 (uid: 10224 pid: 961) 
09-20 16:10:37.294 D/LightsService(  485): [SvcLED] setSvcLedStateLocked:: SvcLEDState : 0x0 -> 0x0 | SvcLED(id=4) set Off
09-20 16:10:37.294 D/LightsService(  485): [SvcLED] Lux failed to be updated in 700ms. -> handleForcedSvcLEDTasK
09-20 16:10:37.294 D/LightsService(  485): [SvcLED]  setSvcLedLightLocked :: Current SvcLED(id=4) maintains its priority right
09-20 16:10:37.304 E/PersonaManagerService(  485): Unable to read user list
09-20 16:10:37.314 D/STATUSBAR-StatusBarManagerService(  485): manageDisableList what=0x0 pkg=WindowManager.LayoutParams
09-20 16:10:37.374 V/AlarmManager(  485): waitForAlarm result :8
09-20 16:10:37.384 V/KeyguardDisplayManager(  961): hide
09-20 16:10:37.665 V/AlarmManager(  485): waitForAlarm result :8
09-20 16:10:37.765 D/STATUSBAR-NetworkController(  961): refreshSignalCluster - setNWBoosterIndicators(false)
09-20 16:10:37.765 D/STATUSBAR-NetworkController(  961): refreshSignalCluster: data=0 bt=false
09-20 16:10:37.775 D/STATUSBAR-IconMerger(  961): checkOverflow(240), More:false, Req:false Child:2
09-20 16:10:37.815 D/STATUSBAR-NetworkController(  961): onReceive() - RSSI_CHANGED_ACTION, WIFI_STATE, NETWORK_STATE
09-20 16:10:37.815 D/STATUSBAR-NetworkController(  961): refreshSignalCluster - setNWBoosterIndicators(false)
09-20 16:10:37.815 D/STATUSBAR-NetworkController(  961): refreshSignalCluster: data=0 bt=false
09-20 16:10:37.815 D/SSRMv2:TSP:AirViewOnOff(  485): DeviceInfo:: 00100000000
09-20 16:10:37.815 D/SSRMv2:TSP:AirViewOnOff(  485): SettingsAirViewInfo:: 000000000
09-20 16:10:37.815 D/PhoneStatusBarView(  961): onPanelFullyOpened in EXPAND_NOTI_ACTION
09-20 16:10:37.825 D/STATUSBAR-IconMerger(  961): checkOverflow(240), More:false, Req:false Child:2
09-20 16:10:37.965 V/AlarmManager(  485): waitForAlarm result :8
09-20 16:10:38.135 D/SSRMv2:TSP:AirViewOnOff(  485): DeviceInfo:: 00100000000
09-20 16:10:38.135 D/SSRMv2:TSP:AirViewOnOff(  485): SettingsAirViewInfo:: 000000000
09-20 16:10:38.155 D/STATUSBAR-StatusBarManagerService(  485): sendNotification(1) - 17041268
09-20 16:10:38.165 D/UserManagerService(  485): User -1does not exists!!
09-20 16:10:38.175 E/PersonaManagerService(  485): Unable to read user list
09-20 16:10:38.175 E/PersonaManagerService(  485): returning null in  getPersonasForUser
09-20 16:10:38.205 D/PhoneStatusBar(  961): tick(): knoxCustomManager = android.app.enterprise.knoxcustom.KnoxCustomManager@42919558
09-20 16:10:38.235 D/STATUSBAR-IconMerger(  961): checkOverflow(240), More:false, Req:false Child:3
09-20 16:10:38.265 V/AlarmManager(  485): waitForAlarm result :8
09-20 16:10:38.355 D/SSRMv2:TSP:AirViewOnOff(  485): DeviceInfo:: 00100000000
09-20 16:10:38.355 D/SSRMv2:TSP:AirViewOnOff(  485): SettingsAirViewInfo:: 000000000
09-20 16:10:38.365 D/STATUSBAR-StatusBarManagerService(  485): sendNotification(2) - 17041268
09-20 16:10:38.375 D/UserManagerService(  485): User -1does not exists!!
09-20 16:10:38.385 E/PersonaManagerService(  485): Unable to read user list
09-20 16:10:38.385 E/PersonaManagerService(  485): returning null in  getPersonasForUser
09-20 16:10:38.435 D/StatusBarManagerService(  485): semi p:1766,o:f
09-20 16:10:38.556 E/PersonaManagerService(  485): Unable to read user list
09-20 16:10:38.566 V/AlarmManager(  485): waitForAlarm result :8
09-20 16:10:38.756 D/STATUSBAR-NetworkController(  961): refreshSignalCluster - setNWBoosterIndicators(false)
09-20 16:10:38.756 D/STATUSBAR-NetworkController(  961): refreshSignalCluster: data=0 bt=false
09-20 16:10:38.766 D/STATUSBAR-IconMerger(  961): checkOverflow(240), More:false, Req:false Child:3
09-20 16:10:38.856 D/VibratorService(  485): ImmVibe vibratorOff()
09-20 16:10:38.856 V/VibratorService(  485): vibrateMagnitude - package: com.android.systemui, ms: 10, token: android.os.BinderProxy@430e2de0, magnitude: 2000
09-20 16:10:38.866 V/AlarmManager(  485): waitForAlarm result :8
09-20 16:10:39.056 E/PersonaManagerService(  485): Unable to read user list
09-20 16:10:39.166 V/AlarmManager(  485): waitForAlarm result :8
09-20 16:10:39.466 V/AlarmManager(  485): waitForAlarm result :8
09-20 16:10:39.777 V/AlarmManager(  485): waitForAlarm result :8
09-20 16:10:40.077 V/AlarmManager(  485): waitForAlarm result :8
09-20 16:10:40.367 V/AlarmManager(  485): waitForAlarm result :8
09-20 16:10:40.668 V/AlarmManager(  485): waitForAlarm result :8
09-20 16:10:40.968 V/AlarmManager(  485): waitForAlarm result :8
09-20 16:10:41.088 E/PersonaManagerService(  485): Unable to read user list
09-20 16:10:41.258 V/AlarmManager(  485): waitForAlarm result :8
09-20 16:10:41.559 V/AlarmManager(  485): waitForAlarm result :8
09-20 16:10:41.679 E/PersonaManagerService(  485): Unable to read user list
09-20 16:10:41.859 V/AlarmManager(  485): waitForAlarm result :8
09-20 16:10:42.159 V/AlarmManager(  485): waitForAlarm result :8
09-20 16:10:42.179 E/PersonaManagerService(  485): Unable to read user list
09-20 16:10:42.209 D/STATUSBAR-StatusBarManagerService(  485): sendNotification(3) - 1
09-20 16:10:42.219 D/LightsService(  485): [api] [SvcLED] turnOff:: id = 4 (uid: 1000 pid: 485) 
09-20 16:10:42.219 D/LightsService(  485): [SvcLED] setSvcLedStateLocked:: SvcLEDState : 0x0 -> 0x0 | SvcLED(id=4) set Off
09-20 16:10:42.219 D/LightsService(  485): [SvcLED] Lux failed to be updated in 700ms. -> handleForcedSvcLEDTasK
09-20 16:10:42.219 D/LightsService(  485): [SvcLED]  setSvcLedLightLocked :: Current SvcLED(id=4) maintains its priority right
09-20 16:10:42.259 V/PhoneStatusBar(  961): NOTIFICATION_PACKAGE_NAME = com.hackthenorth.android NOTIFICATION_ID = 1
09-20 16:10:42.259 D/STATUSBAR-IconMerger(  961): checkOverflow(240), More:false, Req:false Child:2
09-20 16:10:42.460 V/AlarmManager(  485): waitForAlarm result :8
09-20 16:10:42.500 D/STATUSBAR-NetworkController(  961): onSignalStrengthsChanged signalStrength=SignalStrength: 99 -1 -1 -1 -1 -1 -1 10 -119 -8 32 -1 2147483647 gsm|lte 0x1 level=1
09-20 16:10:42.580 D/SSRMv2:TSP:AirViewOnOff(  485): DeviceInfo:: 00000000000
09-20 16:10:42.580 D/SSRMv2:TSP:AirViewOnOff(  485): SettingsAirViewInfo:: 000000000
09-20 16:10:42.630 D/STATUSBAR-PhoneStatusBar(  961): makeExpandedInvisible
09-20 16:10:42.630 D/STATUSBAR-PhoneStatusBar(  961): Mini Controller text scroll : OFF
09-20 16:10:42.640 D/STATUSBAR-QuickSettingPanel(  961): setSingleLine:true
09-20 16:10:42.640 D/STATUSBAR-QuickSettingPanel(  961): updateButtonInfo mButtonWidth : 142 mColumnNumber:5 orien: 1
09-20 16:10:42.640 D/VibratorService(  485): ImmVibe vibratorOff()
09-20 16:10:42.640 D/LightsService(  485): [api] [SvcLED] turnOff:: id = 4 (uid: 10224 pid: 961) 
09-20 16:10:42.640 D/LightsService(  485): [SvcLED] setSvcLedStateLocked:: SvcLEDState : 0x0 -> 0x0 | SvcLED(id=4) set Off
09-20 16:10:42.640 D/LightsService(  485): [SvcLED] Lux failed to be updated in 700ms. -> handleForcedSvcLEDTasK
09-20 16:10:42.640 D/LightsService(  485): [SvcLED]  setSvcLedLightLocked :: Current SvcLED(id=4) maintains its priority right
09-20 16:10:42.650 D/STATUSBAR-StatusBarManagerService(  485): manageDisableList what=0x0 pkg=WindowManager.LayoutParams
09-20 16:10:42.690 W/InputMethodManagerService(  485): Window already focused, ignoring focus gain of: com.android.internal.view.IInputMethodClient$Stub$Proxy@43e1e3e8 attribute=null, token = android.os.BinderProxy@435f1478
09-20 16:10:42.760 V/AlarmManager(  485): waitForAlarm result :8
09-20 16:10:43.060 V/AlarmManager(  485): waitForAlarm result :8
09-20 16:10:43.321 V/VibratorService(  485): vibrateImmVibePatternMagnitudeType - magnitudeType: TouchMagnitude
09-20 16:10:43.321 D/VibratorService(  485): ImmVibe vibratorOff()
09-20 16:10:43.331 D/SSRMv2:SIOP(  485): SIOP:: AP = 320, Delta = 10
09-20 16:10:43.331 E/PersonaManagerService(  485): Unable to read user list
09-20 16:10:43.361 V/AlarmManager(  485): waitForAlarm result :8
09-20 16:10:43.661 V/AlarmManager(  485): waitForAlarm result :8
09-20 16:10:43.961 V/AlarmManager(  485): waitForAlarm result :8
09-20 16:10:43.981 V/AlarmManager(  485): waitForAlarm result :8
09-20 16:10:44.081 D/MobileDataStateTracker(  485): default: setPolicyDataEnable(enabled=true)
09-20 16:10:44.081 W/NetworkStats(  485): getDevSummary: NetworkStats: elapsedRealtime=0
09-20 16:10:44.081 W/NetworkStats(  485): getXtSummary: NetworkStats: elapsedRealtime=2218243758
09-20 16:10:44.081 W/NetworkStats(  485):   [0] iface=null uid=-1 set=ALL tag=0x0 rxBytes=300567735 rxPackets=480889 txBytes=67349864 txPackets=471809 operations=0
09-20 16:10:44.262 V/AlarmManager(  485): waitForAlarm result :8
09-20 16:10:44.292 E/PersonaManagerService(  485): Unable to read user list
09-20 16:10:44.562 V/AlarmManager(  485): waitForAlarm result :8
09-20 16:10:44.772 D/STATUSBAR-NetworkController(  961): onReceive() - RSSI_CHANGED_ACTION, WIFI_STATE, NETWORK_STATE
09-20 16:10:44.772 D/STATUSBAR-NetworkController(  961): refreshSignalCluster - setNWBoosterIndicators(false)
09-20 16:10:44.772 D/STATUSBAR-NetworkController(  961): refreshSignalCluster: data=0 bt=false
09-20 16:10:44.782 D/STATUSBAR-IconMerger(  961): checkOverflow(240), More:false, Req:false Child:2
09-20 16:10:44.832 E/PersonaManagerService(  485): Unable to read user list
09-20 16:10:44.862 V/AlarmManager(  485): waitForAlarm result :8
09-20 16:10:45.163 V/AlarmManager(  485): waitForAlarm result :8
09-20 16:10:45.283 D/STATUSBAR-NetworkController(  961): onReceive() - RSSI_CHANGED_ACTION, WIFI_STATE, NETWORK_STATE
09-20 16:10:45.283 D/STATUSBAR-NetworkController(  961): refreshSignalCluster - setNWBoosterIndicators(false)
09-20 16:10:45.283 D/STATUSBAR-NetworkController(  961): refreshSignalCluster: data=0 bt=false
09-20 16:10:45.293 D/STATUSBAR-IconMerger(  961): checkOverflow(240), More:false, Req:false Child:2
09-20 16:10:45.363 D/PowerManagerService(  485): [api] userActivityFromNative : 10 (event: 2 flags: 0)
09-20 16:10:45.363 E/PersonaManagerService(  485): Unable to read user list
09-20 16:10:45.463 V/AlarmManager(  485): waitForAlarm result :8
09-20 16:10:45.763 V/AlarmManager(  485): waitForAlarm result :8
09-20 16:10:45.783 D/STATUSBAR-NetworkController(  961): onReceive() - RSSI_CHANGED_ACTION, WIFI_STATE, NETWORK_STATE
09-20 16:10:45.783 D/STATUSBAR-NetworkController(  961): refreshSignalCluster - setNWBoosterIndicators(false)
09-20 16:10:45.783 D/STATUSBAR-NetworkController(  961): refreshSignalCluster: data=0 bt=false
09-20 16:10:45.793 D/STATUSBAR-IconMerger(  961): checkOverflow(240), More:false, Req:false Child:2
09-20 16:10:45.963 E/PersonaManagerService(  485): Unable to read user list
09-20 16:10:46.064 V/AlarmManager(  485): waitForAlarm result :8
09-20 16:10:46.284 D/STATUSBAR-NetworkController(  961): onReceive() - RSSI_CHANGED_ACTION, WIFI_STATE, NETWORK_STATE
09-20 16:10:46.284 D/STATUSBAR-NetworkController(  961): refreshSignalCluster - setNWBoosterIndicators(false)
09-20 16:10:46.284 D/STATUSBAR-NetworkController(  961): refreshSignalCluster: data=0 bt=false
09-20 16:10:46.304 D/STATUSBAR-IconMerger(  961): checkOverflow(240), More:false, Req:false Child:2
09-20 16:10:46.314 D/STATUSBAR-NetworkController(  961): onSignalStrengthsChanged signalStrength=SignalStrength: 99 -1 -1 -1 -1 -1 -1 12 -118 -11 50 -1 2147483647 gsm|lte 0x1 level=1
09-20 16:10:46.364 V/AlarmManager(  485): waitForAlarm result :8
09-20 16:10:46.664 V/AlarmManager(  485): waitForAlarm result :8
09-20 16:10:46.924 E/PersonaManagerService(  485): Unable to read user list
09-20 16:10:46.964 V/AlarmManager(  485): waitForAlarm result :8
09-20 16:10:47.175 W/ActivityManager(  485): Permission Denial: get/set setting for user asks to run as user -2 but is calling from user 0; this requires android.permission.INTERACT_ACROSS_USERS_FULL
09-20 16:10:47.205 D/STATUSBAR-StatusBarManagerService(  485): sendNotification(3) - 17041268
09-20 16:10:47.205 D/NotificationService(  485):  Sending broadcast for cancel notification = StatusBarNotification(pkg=android user=UserHandle{-1} id=17041268 tag=null score=0: Notification(pri=0 icon=10804da contentView=android/0x109007f vibrate=null sound=null defaults=0x0 flags=0x1002 when=0 ledARGB=0x0 contentIntent=Y deleteIntent=N contentTitle=19 contentText=16 tickerText=N kind=[android.system.imeswitcher]))
09-20 16:10:47.215 D/STATUSBAR-IconMerger(  961): checkOverflow(240), More:false, Req:false Child:1
09-20 16:10:47.225 D/LightsService(  485): [api] [SvcLED] turnOff:: id = 4 (uid: 1000 pid: 485) 
09-20 16:10:47.225 D/LightsService(  485): [SvcLED] setSvcLedStateLocked:: SvcLEDState : 0x0 -> 0x0 | SvcLED(id=4) set Off
09-20 16:10:47.225 D/LightsService(  485): [SvcLED] Lux failed to be updated in 700ms. -> handleForcedSvcLEDTasK
09-20 16:10:47.225 D/LightsService(  485): [SvcLED]  setSvcLedLightLocked :: Current SvcLED(id=4) maintains its priority right
09-20 16:10:47.225 D/SSRMv2:TSP:AirViewOnOff(  485): DeviceInfo:: 00000000000
09-20 16:10:47.225 D/SSRMv2:TSP:AirViewOnOff(  485): SettingsAirViewInfo:: 000000000
09-20 16:10:47.235 D/UserManagerService(  485): User -1does not exists!!
09-20 16:10:47.265 V/AlarmManager(  485): waitForAlarm result :8
09-20 16:10:47.565 V/AlarmManager(  485): waitForAlarm result :8
09-20 16:10:47.575 D/STATUSBAR-NetworkController(  961): onSignalStrengthsChanged signalStrength=SignalStrength: 99 -1 -1 -1 -1 -1 -1 12 -118 -10 60 -1 2147483647 gsm|lte 0x1 level=1
09-20 16:10:47.595 E/PersonaManagerService(  485): Unable to read user list
09-20 16:10:47.615 D/RecentTasksLoader(  961): preloadRecentTasksList
09-20 16:10:47.615 D/STATUSBAR-RecentTasksLoader(  961): loadTasksInBackground() mstate:CANCELLED
09-20 16:10:47.615 D/STATUSBAR-RecentTasksLoader(  961): loadThumbnailsAndIconsInBackground()
09-20 16:10:47.625 D/STATUSBAR-RecentTasksLoader(  961): loadTasksInBackground -doInBackground()
09-20 16:10:47.635 D/STATUSBAR-RecentTasksLoader(  961):     recentTasks.size():10
09-20 16:10:47.645 D/STATUSBAR-RecentTasksLoader(  961): loadThumbnailsAndIconsInBackground-doInBackground()
09-20 16:10:47.865 V/AlarmManager(  485): waitForAlarm result :8
09-20 16:10:47.865 D/VoIPInterfaceManager(  485): isVoIPRinging()...
09-20 16:10:47.865 D/VoIPInterfaceManager(  485): isVoIPRunningAndDeregi()...
09-20 16:10:47.865 D/VoIPInterfaceManager(  485): Not exist call session
09-20 16:10:47.885 D/RecentTasksLoader(  961): cancelPreloadingRecentTasksList
09-20 16:10:47.885 D/STATUSBAR-RecentTasksLoader(  961): cancelLoadingThumbnailsAndIcons()
09-20 16:10:47.885 D/STATUSBAR-RecentTasksLoader(  961): mTaskLoader.cancel()
09-20 16:10:47.885 D/STATUSBAR-RecentTasksLoader(  961): mThumbnailLoader.cancel()
09-20 16:10:47.885 D/STATUSBAR-RecentTasksLoader(  961):     isCancelled - break
09-20 16:10:47.996 V/VibratorService(  485): hasVibrator - useVibetonz: true
09-20 16:10:47.996 V/VibratorService(  485): vibrateImmVibeMagnitudeType - magnitudeType: TouchMagnitude
09-20 16:10:47.996 D/VibratorService(  485): ImmVibe vibratorOff()
09-20 16:10:47.996 E/PersonaManagerService(  485): Unable to read user list
09-20 16:10:48.026 E/PersonaManagerService(  485): Unable to read user list
09-20 16:10:48.166 V/AlarmManager(  485): waitForAlarm result :8
09-20 16:10:48.186 I/WindowManager(  485): startDockOrHome
09-20 16:10:48.186 D/PowerManagerService(  485): [api] [s] userActivity : event: 0 flags: 0 (uid: 1000 pid: 485)
09-20 16:10:48.196 D/STATUSBAR-AirplaneModeQuickSettingButton(  961): onReceive : android.intent.action.CLOSE_SYSTEM_DIALOGS
09-20 16:10:48.196 D/CustomFrequencyManagerService(  485): acquireDVFSLockLocked : type : DVFS_MIN_LIMIT  frequency : 1242000  uid : 1000  pid : 485  pkgName : ACTIVITY_RESUME_BOOSTER@5
09-20 16:10:48.196 W/ActivityManager(  485): mDVFSHelper.acquire()
09-20 16:10:48.456 D/PowerManagerService(  485): [api] [s] goToSleepFromNative: 0 (uid: 1000 pid: 485)
09-20 16:10:48.456 I/PowerManagerService(  485): !@[ps] Screen__Off(0) :  goToSleepFromNative:  (uid: 1000 pid: 485)
09-20 16:10:48.456 I/PowerManagerService(  485): Going to sleep by user request...
09-20 16:10:48.456 D/PowerManagerService(  485): [s] WAKEFULNESS_ASLEEP
09-20 16:10:48.456 D/PowerManagerService(  485): [s] UserActivityState : 1 -> 0
09-20 16:10:48.466 V/AlarmManager(  485): waitForAlarm result :8
09-20 16:10:48.476 D/DisplayPowerController(  485): !@ElectronBeam entry
09-20 16:10:48.696 D/CustomFrequencyManagerService(  485): releaseDVFSLockLocked : Getting Lock type frm List : DVFS_MIN_LIMIT  frequency : 1242000  uid : 1000  pid : 485  tag : ACTIVITY_RESUME_BOOSTER@5
09-20 16:10:48.696 W/ActivityManager(  485): mDVFSHelper.release()
09-20 16:10:48.696 D/CustomFrequencyManagerService(  485): acquireDVFSLockLocked : type : DVFS_MIN_LIMIT  frequency : 1242000  uid : 1000  pid : 485  pkgName : ACTIVITY_RESUME_BOOSTER@9
09-20 16:10:48.706 D/PowerManagerService(  485): [s] mDisplayPowerControllerCallbacks : onStateChanged()
09-20 16:10:48.706 D/PowerManagerService(  485): [PWL] sb acquire: PowerManagerService.Broadcasts
09-20 16:10:48.716 D/CustomFrequencyManagerService(  485): acquireDVFSLockLocked : type : DVFS_MIN_LIMIT  frequency : 1242000  uid : 1000  pid : 485  pkgName : ACTIVITY_RESUME_BOOSTER@5
09-20 16:10:48.716 W/ActivityManager(  485): mDVFSHelper.acquire()
09-20 16:10:48.716 D/PowerManagerService(  485): [PWL] sb release: PowerManagerService.Display
09-20 16:10:48.716 D/PowerManagerService(  485): Excessive delay in LCD_Task is start: 11ms
09-20 16:10:48.726 V/WindowManager(  485): rotationForOrientationLw(orient=5, last=0); user=0 USER_ROTATION_LOCKED sensorRotation=-1 mLidState=-1 mDockMode=0 mHdmiPlugged=false mAccelerometerDefault=false gripRotationLock=false
09-20 16:10:48.756 D/StatusBarManagerService(  485): semi p:1099,o:f
09-20 16:10:48.756 D/StatusBarManagerService(  485): semi p:1099,o:f
09-20 16:10:48.766 V/AlarmManager(  485): waitForAlarm result :8
09-20 16:10:48.786 E/PersonaManagerService(  485): Unable to read user list
09-20 16:10:48.826 D/SSRMv2:TSP:AirViewOnOff(  485): DeviceInfo:: 00000000000
09-20 16:10:48.826 D/SSRMv2:TSP:AirViewOnOff(  485): SettingsAirViewInfo:: 000000000
09-20 16:10:48.897 D/KeyguardClockWidgetProvider( 1456): onReceive action=android.appwidget.action.APPWIDGET_DELETED
09-20 16:10:48.907 V/AlarmManager(  485): waitForAlarm result :4
09-20 16:10:48.957 V/AlarmManager(  485): waitForAlarm result :4
09-20 16:10:48.957 D/VibratorService(  485): ImmVibe vibratorOff()
09-20 16:10:48.967 D/STATUSBAR-NotificationService(  485): ACTION_SCREEN_OFF
09-20 16:10:48.967 D/LightsService(  485): [api] [SvcLED] turnOff:: id = 4 (uid: 1000 pid: 485) 
09-20 16:10:48.967 D/LightsService(  485): [SvcLED] setSvcLedStateLocked:: SvcLEDState : 0x0 -> 0x0 | SvcLED(id=4) set Off
09-20 16:10:48.977 D/LightsService(  485): [SvcLED] Lux failed to be updated in 700ms. -> handleForcedSvcLEDTasK
09-20 16:10:48.977 D/LightsService(  485): [SvcLED]  setSvcLedLightLocked :: Current SvcLED(id=4) maintains its priority right
09-20 16:10:49.007 V/AlarmManager(  485): waitForAlarm result :4
09-20 16:10:49.017 D/CustomFrequencyManagerService(  485): releaseDVFSLockLocked : Getting Lock type frm List : DVFS_MIN_LIMIT  frequency : 1242000  uid : 1000  pid : 485  tag : ACTIVITY_RESUME_BOOSTER@9
09-20 16:10:49.017 D/CustomFrequencyManagerService(  485): FrequencyrequestList.getNextMaxCPUCoreRequest, index: 0
09-20 16:10:49.027 D/PowerManagerService(  485): !@[s] blankAllDisplays() : blankAllDisplaysFromPowerManage
09-20 16:10:49.067 V/AlarmManager(  485): waitForAlarm result :8
09-20 16:10:49.107 D/KeyguardClockWidgetProvider( 1456): onReceive action=android.appwidget.action.APPWIDGET_DISABLED
09-20 16:10:49.187 V/AlarmManager(  485): waitForAlarm result :8
09-20 16:10:49.217 D/CustomFrequencyManagerService(  485): releaseDVFSLockLocked : Getting Lock type frm List : DVFS_MIN_LIMIT  frequency : 1242000  uid : 1000  pid : 485  tag : ACTIVITY_RESUME_BOOSTER@5
09-20 16:10:49.217 W/ActivityManager(  485): mDVFSHelper.release()
09-20 16:10:49.217 D/CustomFrequencyManagerService(  485): acquireDVFSLockLocked : type : DVFS_MIN_LIMIT  frequency : 1242000  uid : 1000  pid : 485  pkgName : ACTIVITY_RESUME_BOOSTER@9
09-20 16:10:49.267 D/PowerManagerService(  485): Excessive delay in mDisplayManagerService.blankAllDisplaysFromPowerManager(): 240ms
09-20 16:10:49.267 D/STATUSBAR-StatusBarManagerService(  485): manageDisableList what=0x0 pkg=WindowManager.LayoutParams
09-20 16:10:49.267 D/STATUSBAR-StatusBarManagerService(  485): manageDisableList what=0x0 pkg=WindowManager.LayoutParams
09-20 16:10:49.307 V/AlarmManager(  485): waitForAlarm result :8
09-20 16:10:49.337 D/PowerManagerService(  485): Excessive delay in nativeSetAutoSuspend(true): 75ms
09-20 16:10:49.347 D/PowerManagerService(  485): SecHardwareInterface.setBatteryADC : false
09-20 16:10:49.347 I/PowerManagerService(  485): [PWL] Off : 0s ago
09-20 16:10:49.347 I/PowerManagerService(  485): [PWL]   PowerManagerService.WakeLocks: ref count=1
09-20 16:10:49.347 I/PowerManagerService(  485): [PWL]     mWakeLockSummary : 0x1
09-20 16:10:49.347 I/PowerManagerService(  485): [PWL]       PARTIAL_WAKE_LOCK              'ActivityManager-Sleep' (uid=1000, pid=485, ws=null) (elapsedTime=637)
09-20 16:10:49.347 I/PowerManagerService(  485): [PWL]       PARTIAL_WAKE_LOCK              'show keyguard' (uid=10224, pid=961, ws=null) (elapsedTime=555)
09-20 16:10:49.347 I/PowerManagerService(  485): [PWL]       PARTIAL_WAKE_LOCK              'AlarmManager' (uid=1000, pid=485, ws=WorkSource{10249}) (elapsedTime=32)
09-20 16:10:49.347 I/PowerManagerService(  485): [PWL]   PowerManagerService.Broadcasts: ref count=1
09-20 16:10:49.347 D/STATUSBAR-StatusBarManagerService(  485): manageDisableList what=0x1090000 pkg=com.android.keyguard
09-20 16:10:49.357 D/PowerManagerService(  485): [api] [s] userActivity : event: 3 flags: 0 (uid: 10224 pid: 961)
09-20 16:10:49.367 V/KeyguardDisplayManager(  961): show
09-20 16:10:49.427 E/PersonaManagerService(  485): Unable to read user list
09-20 16:10:49.427 V/AlarmManager(  485): waitForAlarm result :8
09-20 16:10:49.517 D/CustomFrequencyManagerService(  485): releaseDVFSLockLocked : Getting Lock type frm List : DVFS_MIN_LIMIT  frequency : 1242000  uid : 1000  pid : 485  tag : ACTIVITY_RESUME_BOOSTER@9
09-20 16:10:49.537 V/WindowManager(  485): rotationForOrientationLw(orient=1, last=0); user=0 USER_ROTATION_LOCKED sensorRotation=-1 mLidState=-1 mDockMode=0 mHdmiPlugged=false mAccelerometerDefault=false gripRotationLock=false
09-20 16:10:49.537 D/STATUSBAR-StatusBarManagerService(  485): manageDisableList what=0x600000 pkg=WindowManager.LayoutParams
09-20 16:10:49.537 D/PowerManagerService(  485): [api] setUserActivityTimeoutOverrideFromWindowManagerInternal: timeoutMillis: 10000
09-20 16:10:49.537 D/PowerManagerService(  485): [api] setScreenDimDurationOverrideFromWindowManagerInternal: timeoutMillis: 0
09-20 16:10:49.537 D/PowerManagerService(  485): [api] setButtonTimeoutOverrideFromWindowManagerInternal: timeoutMillis: 10000
09-20 16:10:49.547 D/STATUSBAR-NetworkController(  961): onSignalStrengthsChanged signalStrength=SignalStrength: 99 -1 -1 -1 -1 -1 -1 12 -118 -12 58 -1 2147483647 gsm|lte 0x1 level=1
09-20 16:10:49.547 D/STATUSBAR-NetworkController(  961): onReceive() - RSSI_CHANGED_ACTION, WIFI_STATE, NETWORK_STATE
09-20 16:10:49.547 D/STATUSBAR-NetworkController(  961): refreshSignalCluster - setNWBoosterIndicators(false)
09-20 16:10:49.547 D/STATUSBAR-NetworkController(  961): refreshSignalCluster: data=0 bt=false
09-20 16:10:49.547 D/STATUSBAR-PhoneStatusBar(  961):      ACTION_SCREEN_OFF is received!!!! 
09-20 16:10:49.547 D/STATUSBAR-PhoneStatusBar(  961): makeExpandedInvisible
09-20 16:10:49.547 D/PhoneStatusBarView(  961): marqueeStatusBar:124, mClearCover:0
09-20 16:10:49.547 D/STATUSBAR-PhoneStatusBar(  961):      ACTION_SCREEN_OFF is finished!!!! 
09-20 16:10:49.547 V/AlarmManager(  485): waitForAlarm result :8
09-20 16:10:49.547 D/STATUSBAR-AirplaneModeQuickSettingButton(  961): onReceive : android.intent.action.CLOSE_SYSTEM_DIALOGS
09-20 16:10:49.547 D/PhoneStatusBar(  961): disable(): knoxCustomManager = android.app.enterprise.knoxcustom.KnoxCustomManager@42919558
09-20 16:10:49.557 E/PersonaManagerService(  485): Unable to read user list
09-20 16:10:49.557 D/StatusBarManagerService(  485): tr p:961,o:t
09-20 16:10:49.567 D/PowerManagerService(  485): [api] [s] userActivity : event: 3 flags: 0 (uid: 10224 pid: 961)
09-20 16:10:49.567 D/PowerManagerService(  485): [api] [s] userActivity : event: 3 flags: 0 (uid: 10224 pid: 961)
09-20 16:10:49.607 E/PersonaManagerService(  485): Unable to read user list
09-20 16:10:49.607 E/PersonaManagerService(  485): Unable to read user list
09-20 16:10:49.617 D/KeyguardClockWidgetService( 1456): onReceive action=com.sec.android.widgetapp.KeyguardClock_Start
09-20 16:10:49.627 D/KeyguardClockWidgetProvider( 1456): refreshSingleClock :{Home} Hour = 4, Min = 10
09-20 16:10:49.647 D/KeyguardClockWidgetProvider( 1456): desc Message = It is 4 : 10 PM
09-20 16:10:49.667 V/AlarmManager(  485): waitForAlarm result :8
09-20 16:10:49.687 D/STATUSBAR-IconMerger(  961): checkOverflow(240), More:false, Req:false Child:1
09-20 16:10:49.697 D/STATUSBAR-NetworkController(  961): onSignalStrengthsChanged signalStrength=SignalStrength: 99 -1 -1 -1 -1 -1 -1 10 -118 -9 62 -1 2147483647 gsm|lte 0x1 level=1
09-20 16:10:49.697 D/STATUSBAR-NetworkController(  961): onSignalStrengthsChanged signalStrength=SignalStrength: 99 -1 -1 -1 -1 -1 -1 10 -118 -9 62 -1 2147483647 gsm|lte 0x1 level=1
09-20 16:10:49.757 D/SSRMv2:SIOP(  485): SIOP:: AP = 320, Delta = 0
09-20 16:10:49.777 V/AlarmManager(  485): waitForAlarm result :8
09-20 16:10:49.838 D/PowerManagerService(  485): [PWL] sb release: PowerManagerService.Broadcasts
09-20 16:10:49.838 D/KeyguardClockWidgetProvider( 1456): onReceive action=android.appwidget.action.APPWIDGET_ENABLED
09-20 16:10:49.848 D/KeyguardClockWidgetProvider( 1456): onReceive action=android.appwidget.action.APPWIDGET_UPDATE
09-20 16:10:49.848 D/KeyguardClockWidgetProvider( 1456): refreshSingleClock :{Home} Hour = 4, Min = 10
09-20 16:10:49.858 D/KeyguardClockWidgetProvider( 1456): desc Message = It is 4 : 10 PM
09-20 16:10:49.868 D/KeyguardClockWidgetProvider( 1456): onReceive action=android.appwidget.action.APPWIDGET_UPDATE_OPTIONS
09-20 16:10:49.878 D/KeyguardClockWidgetProvider( 1456): onReceive action=android.appwidget.action.APPWIDGET_UPDATE_OPTIONS
09-20 16:10:49.898 V/AlarmManager(  485): waitForAlarm result :8
09-20 16:10:50.018 V/AlarmManager(  485): waitForAlarm result :8
09-20 16:10:50.138 V/AlarmManager(  485): waitForAlarm result :8
09-20 16:10:50.478 V/AlarmManager(  485): waitForAlarm result :8
09-20 16:10:50.498 V/AlarmManager(  485): waitForAlarm result :8
09-20 16:10:50.628 V/AlarmManager(  485): waitForAlarm result :8
09-20 16:10:50.769 V/AlarmManager(  485): waitForAlarm result :8
09-20 16:10:50.879 V/AlarmManager(  485): waitForAlarm result :8
09-20 16:10:51.009 V/AlarmManager(  485): waitForAlarm result :8
09-20 16:10:51.119 V/AlarmManager(  485): waitForAlarm result :8
09-20 16:10:51.219 V/AlarmManager(  485): waitForAlarm result :8
09-20 16:10:51.269 D/StatusBarManagerService(  485): semi p:1766,o:f
09-20 16:10:51.349 V/AlarmManager(  485): waitForAlarm result :8
09-20 16:10:51.459 V/AlarmManager(  485): waitForAlarm result :8
09-20 16:10:51.579 V/AlarmManager(  485): waitForAlarm result :8
09-20 16:10:51.840 V/AlarmManager(  485): waitForAlarm result :8
09-20 16:10:51.940 V/AlarmManager(  485): waitForAlarm result :8
09-20 16:10:52.060 V/AlarmManager(  485): waitForAlarm result :8
09-20 16:10:52.180 V/AlarmManager(  485): waitForAlarm result :8
09-20 16:10:52.300 V/AlarmManager(  485): waitForAlarm result :8
09-20 16:10:52.420 V/AlarmManager(  485): waitForAlarm result :8
09-20 16:10:52.540 V/AlarmManager(  485): waitForAlarm result :8
09-20 16:10:52.661 V/AlarmManager(  485): waitForAlarm result :8
09-20 16:10:52.781 V/AlarmManager(  485): waitForAlarm result :8
09-20 16:10:52.901 V/AlarmManager(  485): waitForAlarm result :8
09-20 16:10:53.031 V/AlarmManager(  485): waitForAlarm result :8
09-20 16:10:53.151 V/AlarmManager(  485): waitForAlarm result :8
09-20 16:10:53.271 V/AlarmManager(  485): waitForAlarm result :8
09-20 16:10:53.381 V/AlarmManager(  485): waitForAlarm result :8
09-20 16:10:53.501 V/AlarmManager(  485): waitForAlarm result :8
09-20 16:10:53.632 V/AlarmManager(  485): waitForAlarm result :8
09-20 16:10:53.742 V/AlarmManager(  485): waitForAlarm result :8
09-20 16:10:53.872 V/AlarmManager(  485): waitForAlarm result :8
09-20 16:10:53.982 V/AlarmManager(  485): waitForAlarm result :8
09-20 16:10:54.102 V/AlarmManager(  485): waitForAlarm result :8
09-20 16:10:54.222 V/AlarmManager(  485): waitForAlarm result :8
09-20 16:10:54.342 I/PowerManagerService(  485): [PWL] Off : 5s ago
09-20 16:10:54.342 V/AlarmManager(  485): waitForAlarm result :8
09-20 16:10:54.473 V/AlarmManager(  485): waitForAlarm result :8
09-20 16:10:54.583 V/AlarmManager(  485): waitForAlarm result :8
09-20 16:10:54.713 V/AlarmManager(  485): waitForAlarm result :8
09-20 16:10:54.823 V/AlarmManager(  485): waitForAlarm result :8
09-20 16:10:54.943 V/AlarmManager(  485): waitForAlarm result :8
09-20 16:10:55.073 V/AlarmManager(  485): waitForAlarm result :8
09-20 16:10:55.193 V/AlarmManager(  485): waitForAlarm result :8
09-20 16:10:55.313 V/AlarmManager(  485): waitForAlarm result :8
09-20 16:10:55.434 V/AlarmManager(  485): waitForAlarm result :8
09-20 16:10:55.554 V/AlarmManager(  485): waitForAlarm result :8
09-20 16:10:55.664 V/AlarmManager(  485): waitForAlarm result :8
